Component: ARM Compiler 5.06 update 6 (build 750) Tool: armlink [4d35ed]

==============================================================================

Section Cross References

    usb_sil.o(i.USB_SIL_Init) refers to usb_init.o(.data) for wInterrupt_Mask
    usb_sil.o(i.USB_SIL_Read) refers to usb_regs.o(i.GetEPRxCount) for GetEPRxCount
    usb_sil.o(i.USB_SIL_Read) refers to usb_regs.o(i.GetEPRxAddr) for GetEPRxAddr
    usb_sil.o(i.USB_SIL_Read) refers to usb_mem.o(i.PMAToUserBufferCopy) for PMAToUserBufferCopy
    usb_sil.o(i.USB_SIL_Write) refers to usb_regs.o(i.GetEPTxAddr) for GetEPTxAddr
    usb_sil.o(i.USB_SIL_Write) refers to usb_mem.o(i.UserToPMABufferCopy) for UserToPMABufferCopy
    usb_sil.o(i.USB_SIL_Write) refers to usb_regs.o(i.SetEPTxCount) for SetEPTxCount
    usb_regs.o(i.SetDouBleBuffEPStall) refers to usb_regs.o(i.GetENDPOINT) for GetENDPOINT
    usb_int.o(i.CTR_HP) refers to usb_istr.o(.data) for wIstr
    usb_int.o(i.CTR_HP) refers to usb_init.o(.data) for EPindex
    usb_int.o(i.CTR_LP) refers to usb_core.o(i.In0_Process) for In0_Process
    usb_int.o(i.CTR_LP) refers to usb_core.o(i.Setup0_Process) for Setup0_Process
    usb_int.o(i.CTR_LP) refers to usb_core.o(i.Out0_Process) for Out0_Process
    usb_int.o(i.CTR_LP) refers to usb_istr.o(.data) for wIstr
    usb_int.o(i.CTR_LP) refers to usb_init.o(.data) for EPindex
    usb_int.o(i.CTR_LP) refers to usb_int.o(.data) for SaveRState
    usb_core.o(i.DataStageIn) refers to usb_regs.o(i.GetEPTxAddr) for GetEPTxAddr
    usb_core.o(i.DataStageIn) refers to usb_mem.o(i.UserToPMABufferCopy) for UserToPMABufferCopy
    usb_core.o(i.DataStageIn) refers to usb_regs.o(i.SetEPTxCount) for SetEPTxCount
    usb_core.o(i.DataStageIn) refers to usb_init.o(.data) for pInformation
    usb_core.o(i.DataStageIn) refers to usb_core.o(.data) for Data_Mul_MaxPacketSize
    usb_core.o(i.DataStageIn) refers to usb_int.o(.data) for SaveTState
    usb_core.o(i.DataStageOut) refers to usb_regs.o(i.GetEPRxAddr) for GetEPRxAddr
    usb_core.o(i.DataStageOut) refers to usb_mem.o(i.PMAToUserBufferCopy) for PMAToUserBufferCopy
    usb_core.o(i.DataStageOut) refers to usb_regs.o(i.SetEPTxCount) for SetEPTxCount
    usb_core.o(i.DataStageOut) refers to usb_init.o(.data) for pInformation
    usb_core.o(i.DataStageOut) refers to usb_int.o(.data) for SaveRState
    usb_core.o(i.Data_Setup0) refers to usb_core.o(i.DataStageIn) for DataStageIn
    usb_core.o(i.Data_Setup0) refers to usb_init.o(.data) for pInformation
    usb_core.o(i.Data_Setup0) refers to usb_core.o(i.Standard_GetStatus) for Standard_GetStatus
    usb_core.o(i.Data_Setup0) refers to usb_prop.o(.data) for Device_Table
    usb_core.o(i.Data_Setup0) refers to usb_core.o(i.Standard_GetConfiguration) for Standard_GetConfiguration
    usb_core.o(i.Data_Setup0) refers to usb_core.o(i.Standard_GetInterface) for Standard_GetInterface
    usb_core.o(i.Data_Setup0) refers to usb_core.o(.data) for Data_Mul_MaxPacketSize
    usb_core.o(i.Data_Setup0) refers to usb_int.o(.data) for SaveRState
    usb_core.o(i.In0_Process) refers to usb_core.o(i.DataStageIn) for DataStageIn
    usb_core.o(i.In0_Process) refers to usb_core.o(i.SetDeviceAddress) for SetDeviceAddress
    usb_core.o(i.In0_Process) refers to usb_core.o(i.Post0_Process) for Post0_Process
    usb_core.o(i.In0_Process) refers to usb_init.o(.data) for pInformation
    usb_core.o(i.NoData_Setup0) refers to usb_core.o(i.Standard_SetConfiguration) for Standard_SetConfiguration
    usb_core.o(i.NoData_Setup0) refers to usb_core.o(i.Standard_SetDeviceFeature) for Standard_SetDeviceFeature
    usb_core.o(i.NoData_Setup0) refers to usb_core.o(i.Standard_ClearFeature) for Standard_ClearFeature
    usb_core.o(i.NoData_Setup0) refers to usb_core.o(i.Standard_SetInterface) for Standard_SetInterface
    usb_core.o(i.NoData_Setup0) refers to usb_core.o(i.Standard_SetEndPointFeature) for Standard_SetEndPointFeature
    usb_core.o(i.NoData_Setup0) refers to usb_init.o(.data) for pInformation
    usb_core.o(i.NoData_Setup0) refers to usb_core.o(.data) for DevRemoteWakeup
    usb_core.o(i.NoData_Setup0) refers to usb_int.o(.data) for SaveTState
    usb_core.o(i.Out0_Process) refers to usb_core.o(i.DataStageOut) for DataStageOut
    usb_core.o(i.Out0_Process) refers to usb_core.o(i.Post0_Process) for Post0_Process
    usb_core.o(i.Out0_Process) refers to usb_init.o(.data) for pInformation
    usb_core.o(i.Post0_Process) refers to usb_regs.o(i.SetEPRxCount) for SetEPRxCount
    usb_core.o(i.Post0_Process) refers to usb_prop.o(.data) for Device_Property
    usb_core.o(i.Post0_Process) refers to usb_init.o(.data) for pInformation
    usb_core.o(i.Post0_Process) refers to usb_int.o(.data) for SaveRState
    usb_core.o(i.SetDeviceAddress) refers to usb_prop.o(.data) for Device_Table
    usb_core.o(i.Setup0_Process) refers to usb_regs.o(i.ByteSwap) for ByteSwap
[...]
    Removing usb_istr.o(.rrx_text), (6 bytes).
    Removing usb_pwr.o(.rev16_text), (4 bytes).
    Removing usb_pwr.o(.revsh_text), (4 bytes).
    Removing usb_pwr.o(.rrx_text), (6 bytes).
    Removing usb_pwr.o(i.PowerOff), (32 bytes).
    Removing hw_config.o(.rev16_text), (4 bytes).
    Removing hw_config.o(.revsh_text), (4 bytes).
    Removing hw_config.o(.rrx_text), (6 bytes).
    Removing hw_config.o(i.Leave_LowPowerMode), (36 bytes).
    Removing hw_config.o(i.USB_Disconnect_Config), (44 bytes).
    Removing hw_config.o(.data), (12 bytes).
    Removing main.o(.rev16_text), (4 bytes).
    Removing main.o(.revsh_text), (4 bytes).
    Removing main.o(.rrx_text), (6 bytes).
    Removing main.o(.bss), (64 bytes).
    Removing main.o(.data), (8 bytes).
    Removing mass_mal.o(.rev16_text), (4 bytes).
    Removing mass_mal.o(.revsh_text), (4 bytes).
    Removing mass_mal.o(.rrx_text), (6 bytes).
    Removing memory.o(.rev16_text), (4 bytes).
    Removing memory.o(.revsh_text), (4 bytes).
    Removing memory.o(.rrx_text), (6 bytes).
    Removing scsi_data.o(.rev16_text), (4 bytes).
    Removing scsi_data.o(.revsh_text), (4 bytes).
    Removing scsi_data.o(.rrx_text), (6 bytes).
    Removing sd.o(.rev16_text), (4 bytes).
    Removing sd.o(.revsh_text), (4 bytes).
    Removing sd.o(.rrx_text), (6 bytes).
    Removing sd.o(i.SD_Get_Sector_Count), (118 bytes).
    Removing spi.o(.rev16_text), (4 bytes).
    Removing spi.o(.revsh_text), (4 bytes).
    Removing spi.o(.rrx_text), (6 bytes).
    Removing usb_bot.o(.rev16_text), (4 bytes).
    Removing usb_bot.o(.revsh_text), (4 bytes).
    Removing usb_bot.o(.rrx_text), (6 bytes).
    Removing usb_scsi.o(.rev16_text), (4 bytes).
    Removing usb_scsi.o(.revsh_text), (4 bytes).
    Removing usb_scsi.o(.rrx_text), (6 bytes).
    Removing usb_scsi.o(i.SCSI_Valid_Cmd), (52 bytes).

364 unused section(s) (total 10886 bytes) removed from the image.

==============================================================================

Image Symbol Table

    Local Symbols

    Symbol Name                              Value     Ov Type        Size  Object(Section)

    ../../../Libraries/STM32F10x_StdPeriph_Driver/src/misc.c 0x00000000   Number         0  misc.o ABSOLUTE
    ../../../Libraries/STM32F10x_StdPeriph_Driver/src/stm32f10x_exti.c 0x00000000   Number         0  stm32f10x_exti.o ABSOLUTE
    ../../../Libraries/STM32F10x_StdPeriph_Driver/src/stm32f10x_flash.c 0x00000000   Number         0  stm32f10x_flash.o ABSOLUTE
    ../../../Libraries/STM32F10x_StdPeriph_Driver/src/stm32f10x_gpio.c 0x00000000   Number         0  stm32f10x_gpio.o ABSOLUTE
    ../../../Libraries/STM32F10x_StdPeriph_Driver/src/stm32f10x_i2c.c 0x00000000   Number         0  stm32f10x_i2c.o ABSOLUTE
    ../../../Libraries/STM32F10x_StdPeriph_Driver/src/stm32f10x_pwr.c 0x00000000   Number         0  stm32f10x_pwr.o ABSOLUTE
    ../../../Libraries/STM32F10x_StdPeriph_Driver/src/stm32f10x_rcc.c 0x00000000   Number         0  stm32f10x_rcc.o ABSOLUTE
    ../../../Libraries/STM32F10x_StdPeriph_Driver/src/stm32f10x_usart.c 0x00000000   Number         0  stm32f10x_usart.o ABSOLUTE
    ../../../Libraries/STM32_USB-FS-Device_Driver/src/usb_core.c 0x00000000   Number         0  usb_core.o ABSOLUTE
    ../../../Libraries/STM32_USB-FS-Device_Driver/src/usb_init.c 0x00000000   Number         0  usb_init.o ABSOLUTE
    ../../../Libraries/STM32_USB-FS-Device_Driver/src/usb_int.c 0x00000000   Number         0  usb_int.o ABSOLUTE
    ../../../Libraries/STM32_USB-FS-Device_Driver/src/usb_mem.c 0x00000000   Number         0  usb_mem.o ABSOLUTE
    ../../../Libraries/STM32_USB-FS-Device_Driver/src/usb_regs.c 0x00000000   Number         0  usb_regs.o ABSOLUTE
    ../../../Libraries/STM32_USB-FS-Device_Driver/src/usb_sil.c 0x00000000   Number         0  usb_sil.o ABSOLUTE
    ../clib/../cmprslib/zerorunl2.c          0x00000000   Number         0  __dczerorl2.o ABSOLUTE
    ../clib/microlib/init/entry.s            0x00000000   Number         0  entry7b.o ABSOLUTE
    ../clib/microlib/init/entry.s            0x00000000   Number         0  entry7a.o ABSOLUTE
    ../clib/microlib/init/entry.s            0x00000000   Number         0  entry11b.o ABSOLUTE
    ../clib/microlib/init/entry.s            0x00000000   Number         0  entry9b.o ABSOLUTE
    ../clib/microlib/init/entry.s            0x00000000   Number         0  entry5.o ABSOLUTE
    ../clib/microlib/init/entry.s            0x00000000   Number         0  entry2.o ABSOLUTE
    ../clib/microlib/init/entry.s            0x00000000   Number         0  entry.o ABSOLUTE
    ../clib/microlib/init/entry.s            0x00000000   Number         0  entry11a.o ABSOLUTE
    ../clib/microlib/init/entry.s            0x00000000   Number         0  entry10b.o ABSOLUTE
    ../clib/microlib/init/entry.s            0x00000000   Number         0  entry10a.o ABSOLUTE
    ../clib/microlib/init/entry.s            0x00000000   Number         0  entry9a.o ABSOLUTE
    ../clib/microlib/init/entry.s            0x00000000   Number         0  entry8b.o ABSOLUTE
    ../clib/microlib/init/entry.s            0x00000000   Number         0  entry8a.o ABSOLUTE
    ../src/hw_config.c                       0x00000000   Number         0  hw_config.o ABSOLUTE
    ../src/main.c                            0x00000000   Number         0  main.o ABSOLUTE
    ../src/stm32_it.c                        0x00000000   Number         0  stm32_it.o ABSOLUTE
    ../src/system_stm32f10x.c                0x00000000   Number         0  system_stm32f10x.o ABSOLUTE
    ../src/usb_desc.c                        0x00000000   Number         0  usb_desc.o ABSOLUTE
    ../src/usb_endp.c                        0x00000000   Number         0  usb_endp.o ABSOLUTE
    ../src/usb_istr.c                        0x00000000   Number         0  usb_istr.o ABSOLUTE
    ../src/usb_prop.c                        0x00000000   Number         0  usb_prop.o ABSOLUTE
    ../src/usb_pwr.c                         0x00000000   Number         0  usb_pwr.o ABSOLUTE
    ..\..\..\Libraries\STM32F10x_StdPeriph_Driver\src\misc.c 0x00000000   Number         0  misc.o ABSOLUTE
    ..\..\..\Libraries\STM32F10x_StdPeriph_Driver\src\stm32f10x_dma.c 0x00000000   Number         0  stm32f10x_dma.o ABSOLUTE
    ..\..\..\Libraries\STM32F10x_StdPeriph_Driver\src\stm32f10x_exti.c 0x00000000   Number         0  stm32f10x_exti.o ABSOLUTE
    ..\..\..\Libraries\STM32F10x_StdPeriph_Driver\src\stm32f10x_flash.c 0x00000000   Number         0  stm32f10x_flash.o ABSOLUTE
    ..\..\..\Libraries\STM32F10x_StdPeriph_Driver\src\stm32f10x_gpio.c 0x00000000   Number         0  stm32f10x_gpio.o ABSOLUTE
    ..\..\..\Libraries\STM32F10x_StdPeriph_Driver\src\stm32f10x_i2c.c 0x00000000   Number         0  stm32f10x_i2c.o ABSOLUTE
    ..\..\..\Libraries\STM32F10x_StdPeriph_Driver\src\stm32f10x_pwr.c 0x00000000   Number         0  stm32f10x_pwr.o ABSOLUTE
    ..\..\..\Libraries\STM32F10x_StdPeriph_Driver\src\stm32f10x_rcc.c 0x00000000   Number         0  stm32f10x_rcc.o ABSOLUTE
    ..\..\..\Libraries\STM32F10x_StdPeriph_Driver\src\stm32f10x_sdio.c 0x00000000   Number         0  stm32f10x_sdio.o ABSOLUTE
    ..\..\..\Libraries\STM32F10x_StdPeriph_Driver\src\stm32f10x_spi.c 0x00000000   Number         0  stm32f10x_spi.o ABSOLUTE
    ..\..\..\Libraries\STM32F10x_StdPeriph_Driver\src\stm32f10x_usart.c 0x00000000   Number         0  stm32f10x_usart.o ABSOLUTE
    ..\..\..\Libraries\STM32_USB-FS-Device_Driver\src\usb_core.c 0x00000000   Number         0  usb_core.o ABSOLUTE
    ..\..\..\Libraries\STM32_USB-FS-Device_Driver\src\usb_init.c 0x00000000   Number         0  usb_init.o ABSOLUTE
    ..\..\..\Libraries\STM32_USB-FS-Device_Driver\src\usb_int.c 0x00000000   Number         0  usb_int.o ABSOLUTE
    ..\..\..\Libraries\STM32_USB-FS-Device_Driver\src\usb_mem.c 0x00000000   Number         0  usb_mem.o ABSOLUTE
    ..\..\..\Libraries\STM32_USB-FS-Device_Driver\src\usb_regs.c 0x00000000   Number         0  usb_regs.o ABSOLUTE
    ..\..\..\Libraries\STM32_USB-FS-Device_Driver\src\usb_sil.c 0x00000000   Number         0  usb_sil.o ABSOLUTE
    ..\\..\\..\\Libraries\\STM32F10x_StdPeriph_Driver\\src\\stm32f10x_dma.c 0x00000000   Number         0  stm32f10x_dma.o ABSOLUTE
    ..\\..\\..\\Libraries\\STM32F10x_StdPeriph_Driver\\src\\stm32f10x_sdio.c 0x00000000   Number         0  stm32f10x_sdio.o ABSOLUTE
    ..\\..\\..\\Libraries\\STM32F10x_StdPeriph_Driver\\src\\stm32f10x_spi.c 0x00000000   Number         0  stm32f10x_spi.o ABSOLUTE
    ..\\src\\msc\\mass_mal.c                 0x00000000   Number         0  mass_mal.o ABSOLUTE
    ..\\src\\msc\\memory.c                   0x00000000   Number         0  memory.o ABSOLUTE
    ..\\src\\msc\\scsi_data.c                0x00000000   Number         0  scsi_data.o ABSOLUTE
    ..\\src\\msc\\sd.c                       0x00000000   Number         0  sd.o ABSOLUTE
    ..\\src\\msc\\spi.c                      0x00000000   Number         0  spi.o ABSOLUTE
    ..\\src\\msc\\usb_bot.c                  0x00000000   Number         0  usb_bot.o ABSOLUTE
    ..\\src\\msc\\usb_scsi.c                 0x00000000   Number         0  usb_scsi.o ABSOLUTE
    ..\src\hw_config.c                       0x00000000   Number         0  hw_config.o ABSOLUTE
    ..\src\main.c                            0x00000000   Number         0  main.o ABSOLUTE
    ..\src\msc\mass_mal.c                    0x00000000   Number         0  mass_mal.o ABSOLUTE
    ..\src\msc\memory.c                      0x00000000   Number         0  memory.o ABSOLUTE
    ..\src\msc\scsi_data.c                   0x00000000   Number         0  scsi_data.o ABSOLUTE
    ..\src\msc\sd.c                          0x00000000   Number         0  sd.o ABSOLUTE
    ..\src\msc\spi.c                         0x00000000   Number         0  spi.o ABSOLUTE
    ..\src\msc\usb_bot.c                     0x00000000   Number         0  usb_bot.o ABSOLUTE
    ..\src\msc\usb_scsi.c                    0x00000000   Number         0  usb_scsi.o ABSOLUTE
    ..\src\stm32_it.c                        0x00000000   Number         0  stm32_it.o ABSOLUTE
    ..\src\system_stm32f10x.c                0x00000000   Number         0  system_stm32f10x.o ABSOLUTE
    ..\src\usb_desc.c                        0x00000000   Number         0  usb_desc.o ABSOLUTE
    ..\src\usb_endp.c                        0x00000000   Number         0  usb_endp.o ABSOLUTE
    ..\src\usb_istr.c                        0x00000000   Number         0  usb_istr.o ABSOLUTE
    ..\src\usb_prop.c                        0x00000000   Number         0  usb_prop.o ABSOLUTE
    ..\src\usb_pwr.c                         0x00000000   Number         0  usb_pwr.o ABSOLUTE
    dc.s                                     0x00000000   Number         0  dc.o ABSOLUTE
    handlers.s                               0x00000000   Number         0  handlers.o ABSOLUTE
    init.s                                   0x00000000   Number         0  init.o ABSOLUTE
    startup_stm32f10x_hd.s                   0x00000000   Number         0  startup_stm32f10x_hd.o ABSOLUTE
    RESET                                    0x08000000   Section      304  startup_stm32f10x_hd.o(RESET)
    .ARM.Collect$$$$00000000                 0x08000130   Section        0  entry.o(.ARM.Collect$$$$00000000)
    .ARM.Collect$$$$00000001                 0x08000130   Section        4  entry2.o(.ARM.Collect$$$$00000001)
    .ARM.Collect$$$$00000004                 0x08000134   Section        4  entry5.o(.ARM.Collect$$$$00000004)
    .ARM.Collect$$$$00000008                 0x08000138   Section        0  entry7b.o(.ARM.Collect$$$$00000008)
    .ARM.Collect$$$$0000000A                 0x08000138   Section        0  entry8b.o(.ARM.Collect$$$$0000000A)
    .ARM.Collect$$$$0000000B                 0x08000138   Section        8  entry9a.o(.ARM.Collect$$$$0000000B)
    .ARM.Collect$$$$0000000D                 0x08000140   Section        0  entry10a.o(.ARM.Collect$$$$0000000D)
    .ARM.Collect$$$$0000000F                 0x08000140   Section        0  entry11a.o(.ARM.Collect$$$$0000000F)
    .ARM.Collect$$$$00002712                 0x08000140   Section        4  entry2.o(.ARM.Collect$$$$00002712)
    __lit__00000000                          0x08000140   Data           4  entry2.o(.ARM.Collect$$$$00002712)
    .text                                    0x08000144   Section       36  startup_stm32f10x_hd.o(.text)
    .text                                    0x08000168   Section       36  init.o(.text)
    .text                                    0x0800018c   Section        0  __dczerorl2.o(.text)
    i.Bot_Abort                              0x080001e2   Section        0  usb_bot.o(i.Bot_Abort)
    i.BusFault_Handler                       0x08000222   Section        0  stm32_it.o(i.BusFault_Handler)
    i.ByteSwap                               0x08000226   Section        0  usb_regs.o(i.ByteSwap)
    i.CBW_Decode                             0x08000234   Section        0  usb_bot.o(i.CBW_Decode)
    i.CTR_HP                                 0x080004f8   Section        0  usb_int.o(i.CTR_HP)
    i.CTR_LP                                 0x080005c0   Section        0  usb_int.o(i.CTR_LP)
    i.ClearDTOG_RX                           0x08000848   Section        0  usb_regs.o(i.ClearDTOG_RX)
    i.ClearDTOG_TX                           0x0800087c   Section        0  usb_regs.o(i.ClearDTOG_TX)
    i.Clear_Status_Out                       0x080008b0   Section        0  usb_regs.o(i.Clear_Status_Out)
    i.DataStageIn                            0x080008d8   Section        0  usb_core.o(i.DataStageIn)
    DataStageIn                              0x080008d9   Thumb Code   166  usb_core.o(i.DataStageIn)
    i.DataStageOut                           0x08000998   Section        0  usb_core.o(i.DataStageOut)
    DataStageOut                             0x08000999   Thumb Code   198  usb_core.o(i.DataStageOut)
    i.Data_Setup0                            0x08000a78   Section        0  usb_core.o(i.Data_Setup0)
    Data_Setup0                              0x08000a79   Thumb Code   628  usb_core.o(i.Data_Setup0)
    i.DebugMon_Handler                       0x08000d10   Section        0  stm32_it.o(i.DebugMon_Handler)
    i.EP1_IN_Callback                        0x08000d12   Section        0  usb_endp.o(i.EP1_IN_Callback)
    i.EP2_OUT_Callback                       0x08000d1a   Section        0  usb_endp.o(i.EP2_OUT_Callback)
    i.EP3_IN_Callback                        0x08000d22   Section        0  usb_endp.o(i.EP3_IN_Callback)
    i.EP3_OUT_Callback                       0x08000d2a   Section        0  usb_endp.o(i.EP3_OUT_Callback)
    i.EXTI_ClearITPendingBit                 0x08000d34   Section        0  stm32f10x_exti.o(i.EXTI_ClearITPendingBit)
    i.GPIO_Init                              0x08000d40   Section        0  stm32f10x_gpio.o(i.GPIO_Init)
    i.GPIO_PinRemapConfig                    0x08000e58   Section        0  stm32f10x_gpio.o(i.GPIO_PinRemapConfig)
    i.GPIO_ResetBits                         0x08000ee8   Section        0  stm32f10x_gpio.o(i.GPIO_ResetBits)
    i.GPIO_SetBits                           0x08000eec   Section        0  stm32f10x_gpio.o(i.GPIO_SetBits)
    i.GetEPRxAddr                            0x08000ef0   Section        0  usb_regs.o(i.GetEPRxAddr)
    i.GetEPRxCount                           0x08000f10   Section        0  usb_regs.o(i.GetEPRxCount)
    i.GetEPRxStatus                          0x08000f34   Section        0  usb_regs.o(i.GetEPRxStatus)
    i.GetEPTxAddr                            0x08000f4c   Section        0  usb_regs.o(i.GetEPTxAddr)
    i.Get_Max_Lun                            0x08000f6c   Section        0  usb_prop.o(i.Get_Max_Lun)
    i.Get_SerialNum                          0x08000f88   Section        0  hw_config.o(i.Get_SerialNum)
    i.HardFault_Handler                      0x08000fbc   Section        0  stm32_it.o(i.HardFault_Handler)
    i.In0_Process                            0x08000fc0   Section        0  usb_core.o(i.In0_Process)
    i.IntToUnicode                           0x08001030   Section        0  hw_config.o(i.IntToUnicode)
    IntToUnicode                             0x08001031   Thumb Code    62  hw_config.o(i.IntToUnicode)
    i.MAL_Config                             0x0800106e   Section        0  hw_config.o(i.MAL_Config)
    i.MAL_GetStatus                          0x08001078   Section        0  mass_mal.o(i.MAL_GetStatus)
    i.MAL_Init                               0x08001100   Section        0  mass_mal.o(i.MAL_Init)
    i.MAL_Read                               0x0800112c   Section        0  mass_mal.o(i.MAL_Read)
    i.MAL_Write                              0x08001164   Section        0  mass_mal.o(i.MAL_Write)
    i.Mass_Storage_In                        0x0800119c   Section        0  usb_bot.o(i.Mass_Storage_In)
    i.Mass_Storage_Out                       0x08001228   Section        0  usb_bot.o(i.Mass_Storage_Out)
    i.MemManage_Handler                      0x080012b8   Section        0  stm32_it.o(i.MemManage_Handler)
    i.NMI_Handler                            0x080012bc   Section        0  stm32_it.o(i.NMI_Handler)
    i.NOP_Process                            0x080012be   Section        0  usb_core.o(i.NOP_Process)
    i.NVIC_Init                              0x080012c0   Section        0  misc.o(i.NVIC_Init)
    i.NVIC_PriorityGroupConfig               0x08001330   Section        0  misc.o(i.NVIC_PriorityGroupConfig)
    i.NoData_Setup0                          0x08001344   Section        0  usb_core.o(i.NoData_Setup0)
    NoData_Setup0                            0x08001345   Thumb Code   296  usb_core.o(i.NoData_Setup0)
    i.Out0_Process                           0x08001484   Section        0  usb_core.o(i.Out0_Process)
    i.PMAToUserBufferCopy                    0x080014d4   Section        0  usb_mem.o(i.PMAToUserBufferCopy)
    i.PendSV_Handler                         0x080014fc   Section        0  stm32_it.o(i.PendSV_Handler)
    i.Post0_Process                          0x08001500   Section        0  usb_core.o(i.Post0_Process)
    i.PowerOn                                0x08001548   Section        0  usb_pwr.o(i.PowerOn)
    i.RCC_APB1PeriphClockCmd                 0x08001598   Section        0  stm32f10x_rcc.o(i.RCC_APB1PeriphClockCmd)
    i.RCC_APB2PeriphClockCmd                 0x080015b8   Section        0  stm32f10x_rcc.o(i.RCC_APB2PeriphClockCmd)
    i.RCC_USBCLKConfig                       0x080015d8   Section        0  stm32f10x_rcc.o(i.RCC_USBCLKConfig)
    i.Read_Memory                            0x080015e4   Section        0  memory.o(i.Read_Memory)
    i.Resume                                 0x080016e8   Section        0  usb_pwr.o(i.Resume)
    i.Resume_Init                            0x080017b8   Section        0  usb_pwr.o(i.Resume_Init)
    i.SCSI_Address_Management                0x080017d4   Section        0  usb_scsi.o(i.SCSI_Address_Management)
    i.SCSI_Format_Cmd                        0x08001860   Section        0  usb_scsi.o(i.SCSI_Format_Cmd)
    i.SCSI_Inquiry_Cmd                       0x08001898   Section        0  usb_scsi.o(i.SCSI_Inquiry_Cmd)
    i.SCSI_Invalid_Cmd                       0x080018e0   Section        0  usb_scsi.o(i.SCSI_Invalid_Cmd)
    i.SCSI_ModeSense10_Cmd                   0x08001924   Section        0  usb_scsi.o(i.SCSI_ModeSense10_Cmd)
    i.SCSI_ModeSense6_Cmd                    0x08001938   Section        0  usb_scsi.o(i.SCSI_ModeSense6_Cmd)
    i.SCSI_Read10_Cmd                        0x0800194c   Section        0  usb_scsi.o(i.SCSI_Read10_Cmd)
    i.SCSI_ReadCapacity10_Cmd                0x080019c4   Section        0  usb_scsi.o(i.SCSI_ReadCapacity10_Cmd)
    i.SCSI_ReadFormatCapacity_Cmd            0x08001a60   Section        0  usb_scsi.o(i.SCSI_ReadFormatCapacity_Cmd)
    i.SCSI_RequestSense_Cmd                  0x08001ae8   Section        0  usb_scsi.o(i.SCSI_RequestSense_Cmd)
    i.SCSI_Start_Stop_Unit_Cmd               0x08001b10   Section        0  usb_scsi.o(i.SCSI_Start_Stop_Unit_Cmd)
    i.SCSI_TestUnitReady_Cmd                 0x08001b20   Section        0  usb_scsi.o(i.SCSI_TestUnitReady_Cmd)
    i.SCSI_Verify10_Cmd                      0x08001b58   Section        0  usb_scsi.o(i.SCSI_Verify10_Cmd)
    i.SCSI_Write10_Cmd                       0x08001b98   Section        0  usb_scsi.o(i.SCSI_Write10_Cmd)
    i.SD_Cancel_CS                           0x08001c10   Section        0  sd.o(i.SD_Cancel_CS)
    i.SD_GetCID                              0x08001c20   Section        0  sd.o(i.SD_GetCID)
    i.SD_GetCSD                              0x08001c4a   Section        0  sd.o(i.SD_GetCSD)
    i.SD_GetCardInfo                         0x08001c74   Section        0  sd.o(i.SD_GetCardInfo)
    i.SD_Get_Ack                             0x08001f5c   Section        0  sd.o(i.SD_Get_Ack)
    i.SD_Init                                0x08001f84   Section        0  sd.o(i.SD_Init)
    i.SD_Read_Data                           0x0800210c   Section        0  sd.o(i.SD_Read_Data)
    i.SD_RecvData                            0x08002180   Section        0  sd.o(i.SD_RecvData)
    i.SD_SPI_CS_Set                          0x080021b8   Section        0  sd.o(i.SD_SPI_CS_Set)
    i.SD_SPI_Init                            0x080021c6   Section        0  sd.o(i.SD_SPI_Init)
    i.SD_SPI_Read_Write_Byte                 0x080021d6   Section        0  sd.o(i.SD_SPI_Read_Write_Byte)
    i.SD_Select                              0x080021e6   Section        0  sd.o(i.SD_Select)
    i.SD_SendCmd                             0x08002200   Section        0  sd.o(i.SD_SendCmd)
    i.SD_Send_Data                           0x08002278   Section        0  sd.o(i.SD_Send_Data)
    i.SD_SetHighSpeed                        0x080022ca   Section        0  sd.o(i.SD_SetHighSpeed)
    i.SD_SetLowSpeed                         0x080022d6   Section        0  sd.o(i.SD_SetLowSpeed)
    i.SD_Wait_Ready                          0x080022e2   Section        0  sd.o(i.SD_Wait_Ready)
    i.SD_Write_Data                          0x08002304   Section        0  sd.o(i.SD_Write_Data)
    i.SOF_Callback                           0x08002394   Section        0  usb_endp.o(i.SOF_Callback)
    i.SPI_CS_Set                             0x080023c4   Section        0  spi.o(i.SPI_CS_Set)
    i.SPI_Cmd                                0x080023f0   Section        0  stm32f10x_spi.o(i.SPI_Cmd)
    i.SPI_Config                             0x08002408   Section        0  spi.o(i.SPI_Config)
    i.SPI_GPIO_Init                          0x08002434   Section        0  spi.o(i.SPI_GPIO_Init)
    i.SPI_I2S_GetFlagStatus                  0x0800251c   Section        0  stm32f10x_spi.o(i.SPI_I2S_GetFlagStatus)
    i.SPI_I2S_ReceiveData                    0x0800252e   Section        0  stm32f10x_spi.o(i.SPI_I2S_ReceiveData)
    i.SPI_I2S_SendData                       0x08002534   Section        0  stm32f10x_spi.o(i.SPI_I2S_SendData)
    i.SPI_Init                               0x08002538   Section        0  stm32f10x_spi.o(i.SPI_Init)
    i.SPI_Protocol_Init                      0x08002574   Section        0  spi.o(i.SPI_Protocol_Init)
    i.SPI_Read_Write                         0x080025f8   Section        0  spi.o(i.SPI_Read_Write)
    i.SVC_Handler                            0x08002640   Section        0  stm32_it.o(i.SVC_Handler)
    i.SetBTABLE                              0x08002644   Section        0  usb_regs.o(i.SetBTABLE)
    i.SetDeviceAddress                       0x08002654   Section        0  usb_core.o(i.SetDeviceAddress)
    i.SetEPRxAddr                            0x080026a4   Section        0  usb_regs.o(i.SetEPRxAddr)
    i.SetEPRxCount                           0x080026c8   Section        0  usb_regs.o(i.SetEPRxCount)
    i.SetEPRxStatus                          0x08002714   Section        0  usb_regs.o(i.SetEPRxStatus)
    i.SetEPRxValid                           0x08002754   Section        0  usb_regs.o(i.SetEPRxValid)
    i.SetEPTxAddr                            0x08002788   Section        0  usb_regs.o(i.SetEPTxAddr)
    i.SetEPTxCount                           0x080027a8   Section        0  usb_regs.o(i.SetEPTxCount)
    i.SetEPTxStatus                          0x080027c4   Section        0  usb_regs.o(i.SetEPTxStatus)
    i.SetEPTxValid                           0x08002804   Section        0  usb_regs.o(i.SetEPTxValid)
    i.SetEPType                              0x08002838   Section        0  usb_regs.o(i.SetEPType)
    i.SetISTR                                0x0800285c   Section        0  usb_regs.o(i.SetISTR)
    i.SetSysClock                            0x08002868   Section        0  system_stm32f10x.o(i.SetSysClock)
    SetSysClock                              0x08002869   Thumb Code     8  system_stm32f10x.o(i.SetSysClock)
    i.SetSysClockTo72                        0x08002870   Section        0  system_stm32f10x.o(i.SetSysClockTo72)
    SetSysClockTo72                          0x08002871   Thumb Code   214  system_stm32f10x.o(i.SetSysClockTo72)
    i.Set_CSW                                0x08002950   Section        0  usb_bot.o(i.Set_CSW)
    i.Set_Scsi_Sense_Data                    0x0800298c   Section        0  usb_scsi.o(i.Set_Scsi_Sense_Data)
    i.Set_System                             0x08002998   Section        0  hw_config.o(i.Set_System)
    i.Set_USBClock                           0x080029f8   Section        0  hw_config.o(i.Set_USBClock)
    i.Setup0_Process                         0x08002a0c   Section        0  usb_core.o(i.Setup0_Process)
    i.Standard_ClearFeature                  0x08002ac4   Section        0  usb_core.o(i.Standard_ClearFeature)
    i.Standard_GetConfiguration              0x08002c30   Section        0  usb_core.o(i.Standard_GetConfiguration)
    i.Standard_GetDescriptorData             0x08002c5c   Section        0  usb_core.o(i.Standard_GetDescriptorData)
    i.Standard_GetInterface                  0x08002c80   Section        0  usb_core.o(i.Standard_GetInterface)
    i.Standard_GetStatus                     0x08002cac   Section        0  usb_core.o(i.Standard_GetStatus)
    i.Standard_SetConfiguration              0x08002dac   Section        0  usb_core.o(i.Standard_SetConfiguration)
    i.Standard_SetDeviceFeature              0x08002df4   Section        0  usb_core.o(i.Standard_SetDeviceFeature)
    i.Standard_SetEndPointFeature            0x08002e1c   Section        0  usb_core.o(i.Standard_SetEndPointFeature)
    i.Standard_SetInterface                  0x08002eec   Section        0  usb_core.o(i.Standard_SetInterface)
    i.Suspend                                0x08002f58   Section        0  usb_pwr.o(i.Suspend)
    i.SysTick_Handler                        0x08002fec   Section        0  stm32_it.o(i.SysTick_Handler)
    i.SystemInit                             0x08002ff0   Section        0  system_stm32f10x.o(i.SystemInit)
    i.Transfer_Data_Request                  0x08003050   Section        0  usb_bot.o(i.Transfer_Data_Request)
    i.USBWakeUp_IRQHandler                   0x08003088   Section        0  stm32_it.o(i.USBWakeUp_IRQHandler)
    i.USB_Cable_Config                       0x08003094   Section        0  hw_config.o(i.USB_Cable_Config)
    i.USB_HP_CAN1_TX_IRQHandler              0x080030a8   Section        0  stm32_it.o(i.USB_HP_CAN1_TX_IRQHandler)
    i.USB_Init                               0x080030b0   Section        0  usb_init.o(i.USB_Init)
    i.USB_Interrupts_Config                  0x080030ec   Section        0  hw_config.o(i.USB_Interrupts_Config)
    i.USB_Istr                               0x08003128   Section        0  usb_istr.o(i.USB_Istr)
    i.USB_LP_CAN1_RX0_IRQHandler             0x080032f8   Section        0  stm32_it.o(i.USB_LP_CAN1_RX0_IRQHandler)
    i.USB_SIL_Init                           0x08003300   Section        0  usb_sil.o(i.USB_SIL_Init)
    i.USB_SIL_Read                           0x08003324   Section        0  usb_sil.o(i.USB_SIL_Read)
    i.USB_SIL_Write                          0x08003352   Section        0  usb_sil.o(i.USB_SIL_Write)
    i.UsageFault_Handler                     0x08003380   Section        0  stm32_it.o(i.UsageFault_Handler)
    i.UserToPMABufferCopy                    0x08003384   Section        0  usb_mem.o(i.UserToPMABufferCopy)
    i.VCP_IN_Callback                        0x080033bc   Section        0  usb_endp.o(i.VCP_IN_Callback)
    i.VCP_OUT_Callback                       0x08003458   Section        0  usb_endp.o(i.VCP_OUT_Callback)
    i.Virtual_Com_Port_ClearFeature          0x080034bc   Section        0  usb_prop.o(i.Virtual_Com_Port_ClearFeature)
    i.Virtual_Com_Port_Data_Setup            0x080034d8   Section        0  usb_prop.o(i.Virtual_Com_Port_Data_Setup)
    i.Virtual_Com_Port_GetConfigDescriptor   0x08003570   Section        0  usb_prop.o(i.Virtual_Com_Port_GetConfigDescriptor)
    i.Virtual_Com_Port_GetDeviceDescriptor   0x08003584   Section        0  usb_prop.o(i.Virtual_Com_Port_GetDeviceDescriptor)
    i.Virtual_Com_Port_GetLineCoding         0x08003598   Section        0  usb_prop.o(i.Virtual_Com_Port_GetLineCoding)
    i.Virtual_Com_Port_GetStringDescriptor   0x080035b4   Section        0  usb_prop.o(i.Virtual_Com_Port_GetStringDescriptor)
    i.Virtual_Com_Port_Get_Interface_Setting 0x080035dc   Section        0  usb_prop.o(i.Virtual_Com_Port_Get_Interface_Setting)
    i.Virtual_Com_Port_NoData_Setup          0x080035f4   Section        0  usb_prop.o(i.Virtual_Com_Port_NoData_Setup)
    i.Virtual_Com_Port_Reset                 0x08003670   Section        0  usb_prop.o(i.Virtual_Com_Port_Reset)
    i.Virtual_Com_Port_SetConfiguration      0x080037ac   Section        0  usb_prop.o(i.Virtual_Com_Port_SetConfiguration)
    i.Virtual_Com_Port_SetDeviceAddress      0x080037dc   Section        0  usb_prop.o(i.Virtual_Com_Port_SetDeviceAddress)
    i.Virtual_Com_Port_SetLineCoding         0x080037e8   Section        0  usb_prop.o(i.Virtual_Com_Port_SetLineCoding)
    i.Virtual_Com_Port_Status_In             0x08003804   Section        0  usb_prop.o(i.Virtual_Com_Port_Status_In)
    i.Virtual_Com_Port_Status_Out            0x08003818   Section        0  usb_prop.o(i.Virtual_Com_Port_Status_Out)
    i.Virtual_Com_Port_init                  0x0800381c   Section        0  usb_prop.o(i.Virtual_Com_Port_init)
    i.Write_Memory                           0x08003844   Section        0  memory.o(i.Write_Memory)
    i.__scatterload_copy                     0x0800396c   Section       14  handlers.o(i.__scatterload_copy)
    i.__scatterload_null                     0x0800397a   Section        2  handlers.o(i.__scatterload_null)
    i.__scatterload_zeroinit                 0x0800397c   Section       14  handlers.o(i.__scatterload_zeroinit)
    i.main                                   0x0800398a   Section        0  main.o(i.main)
    i.usrUSBReceiveBufLen                    0x080039b8   Section        0  usb_endp.o(i.usrUSBReceiveBufLen)
    i.usrUSBReceiveData                      0x080039e4   Section        0  usb_endp.o(i.usrUSBReceiveData)
    i.usrUSBSendData                         0x08003a30   Section        0  usb_endp.o(i.usrUSBSendData)
    .constdata                               0x08003a6c   Section      232  usb_desc.o(.constdata)
    .constdata                               0x08003b54   Section       70  spi.o(.constdata)
    .data                                    0x20000000   Section        4  usb_int.o(.data)
    .data                                    0x20000004   Section        9  usb_core.o(.data)
    .data                                    0x20000010   Section       20  usb_init.o(.data)
    .data                                    0x20000024   Section      160  usb_prop.o(.data)
    .data                                    0x200000c4   Section      540  usb_endp.o(.data)
    FrameCount                               0x200002dc   Data           4  usb_endp.o(.data)
    .data                                    0x200002e0   Section       26  usb_desc.o(.data)
    .data                                    0x200002fc   Section       68  usb_istr.o(.data)
    .data                                    0x20000340   Section       12  usb_pwr.o(.data)
    .data                                    0x2000034c   Section       16  mass_mal.o(.data)
    .data                                    0x2000035c   Section       36  memory.o(.data)
    Offset                                   0x20000370   Data           4  memory.o(.data)
    Length                                   0x20000374   Data           4  memory.o(.data)
    W_Offset                                 0x20000378   Data           4  memory.o(.data)
    W_Length                                 0x2000037c   Data           4  memory.o(.data)
    .data                                    0x20000380   Section      127  scsi_data.o(.data)
    .data                                    0x200003ff   Section        1  sd.o(.data)
    .data                                    0x20000400   Section       30  spi.o(.data)
    spi                                      0x20000400   Data          12  spi.o(.data)
    .data                                    0x20000420   Section       12  usb_bot.o(.data)
    .bss                                     0x2000042c   Section       28  usb_init.o(.bss)
    .bss                                     0x20000448   Section       32  usb_pwr.o(.bss)
    .bss                                     0x20000468   Section       88  mass_mal.o(.bss)
    .bss                                     0x200004c0   Section      512  memory.o(.bss)
    .bss                                     0x200006c0   Section      112  usb_bot.o(.bss)
    STACK                                    0x20000730   Section     1024  startup_stm32f10x_hd.o(STACK)

    Global Symbols

    Symbol Name                              Value     Ov Type        Size  Object(Section)

    BuildAttributes$$THM_ISAv4$P$D$K$B$S$PE$A:L22UL41UL21$X:L11$S22US41US21$IEEE1$IW$USESV6$~STKCKD$USESV7$~SHL$OSPACE$EBA8$MICROLIB$REQ8$PRES8$EABIv2 0x00000000   Number         0  anon$$obj.o ABSOLUTE
    __ARM_use_no_argv                        0x00000000   Number         0  main.o ABSOLUTE
    __cpp_initialize__aeabi_                  - Undefined Weak Reference
    __cxa_finalize                            - Undefined Weak Reference
    _clock_init                               - Undefined Weak Reference
    _microlib_exit                            - Undefined Weak Reference
    __Vectors_Size                           0x00000130   Number         0  startup_stm32f10x_hd.o ABSOLUTE
    __Vectors                                0x08000000   Data           4  startup_stm32f10x_hd.o(RESET)
    __Vectors_End                            0x08000130   Data           0  startup_stm32f10x_hd.o(RESET)
    __main                                   0x08000131   Thumb Code     0  entry.o(.ARM.Collect$$$$00000000)
    _main_stk                                0x08000131   Thumb Code     0  entry2.o(.ARM.Collect$$$$00000001)
    _main_scatterload                        0x08000135   Thumb Code     0  entry5.o(.ARM.Collect$$$$00000004)
    __main_after_scatterload                 0x08000139   Thumb Code     0  entry5.o(.ARM.Collect$$$$00000004)
    _main_clock                              0x08000139   Thumb Code     0  entry7b.o(.ARM.Collect$$$$00000008)
    _main_cpp_init                           0x08000139   Thumb Code     0  entry8b.o(.ARM.Collect$$$$0000000A)
    _main_init                               0x08000139   Thumb Code     0  entry9a.o(.ARM.Collect$$$$0000000B)
    __rt_final_cpp                           0x08000141   Thumb Code     0  entry10a.o(.ARM.Collect$$$$0000000D)
    __rt_final_exit                          0x08000141   Thumb Code     0  entry11a.o(.ARM.Collect$$$$0000000F)
    Reset_Handler                            0x08000145   Thumb Code     8  startup_stm32f10x_hd.o(.text)
    ADC1_2_IRQHandler                        0x0800015f   Thumb Code     0  startup_stm32f10x_hd.o(.text)
    ADC3_IRQHandler                          0x0800015f   Thumb Code     0  startup_stm32f10x_hd.o(.text)
    CAN1_RX1_IRQHandler                      0x0800015f   Thumb Code     0  startup_stm32f10x_hd.o(.text)
    CAN1_SCE_IRQHandler                      0x0800015f   Thumb Code     0  startup_stm32f10x_hd.o(.text)
    DMA1_Channel1_IRQHandler                 0x0800015f   Thumb Code     0  startup_stm32f10x_hd.o(.text)
    DMA1_Channel2_IRQHandler                 0x0800015f   Thumb Code     0  startup_stm32f10x_hd.o(.text)
    DMA1_Channel3_IRQHandler                 0x0800015f   Thumb Code     0  startup_stm32f10x_hd.o(.text)
    DMA1_Channel4_IRQHandler                 0x0800015f   Thumb Code     0  startup_stm32f10x_hd.o(.text)
    DMA1_Channel5_IRQHandler                 0x0800015f   Thumb Code     0  startup_stm32f10x_hd.o(.text)
    DMA1_Channel6_IRQHandler                 0x0800015f   Thumb Code     0  startup_stm32f10x_hd.o(.text)
    DMA1_Channel7_IRQHandler                 0x0800015f   Thumb Code     0  startup_stm32f10x_hd.o(.text)
    DMA2_Channel1_IRQHandler                 0x0800015f   Thumb Code     0  startup_stm32f10x_hd.o(.text)
    DMA2_Channel2_IRQHandler                 0x0800015f   Thumb Code     0  startup_stm32f10x_hd.o(.text)
    DMA2_Channel3_IRQHandler                 0x0800015f   Thumb Code     0  startup_stm32f10x_hd.o(.text)
    DMA2_Channel4_5_IRQHandler               0x0800015f   Thumb Code     0  startup_stm32f10x_hd.o(.text)
    EXTI0_IRQHandler                         0x0800015f   Thumb Code     0  startup_stm32f10x_hd.o(.text)
    EXTI15_10_IRQHandler                     0x0800015f   Thumb Code     0  startup_stm32f10x_hd.o(.text)
    EXTI1_IRQHandler                         0x0800015f   Thumb Code     0  startup_stm32f10x_hd.o(.text)
    EXTI2_IRQHandler                         0x0800015f   Thumb Code     0  startup_stm32f10x_hd.o(.text)
    EXTI3_IRQHandler                         0x0800015f   Thumb Code     0  startup_stm32f10x_hd.o(.text)
    EXTI4_IRQHandler                         0x0800015f   Thumb Code     0  startup_stm32f10x_hd.o(.text)
    EXTI9_5_IRQHandler                       0x0800015f   Thumb Code     0  startup_stm32f10x_hd.o(.text)
    FLASH_IRQHandler                         0x0800015f   Thumb Code     0  startup_stm32f10x_hd.o(.text)
    FSMC_IRQHandler                          0x0800015f   Thumb Code     0  startup_stm32f10x_hd.o(.text)
    I2C1_ER_IRQHandler                       0x0800015f   Thumb Code     0  startup_stm32f10x_hd.o(.text)
    I2C1_EV_IRQHandler                       0x0800015f   Thumb Code     0  startup_stm32f10x_hd.o(.text)
    I2C2_ER_IRQHandler                       0x0800015f   Thumb Code     0  startup_stm32f10x_hd.o(.text)
    I2C2_EV_IRQHandler                       0x0800015f   Thumb Code     0  startup_stm32f10x_hd.o(.text)
    PVD_IRQHandler                           0x0800015f   Thumb Code     0  startup_stm32f10x_hd.o(.text)
    RCC_IRQHandler                           0x0800015f   Thumb Code     0  startup_stm32f10x_hd.o(.text)
    RTCAlarm_IRQHandler                      0x0800015f   Thumb Code     0  startup_stm32f10x_hd.o(.text)
    RTC_IRQHandler                           0x0800015f   Thumb Code     0  startup_stm32f10x_hd.o(.text)
    SDIO_IRQHandler                          0x0800015f   Thumb Code     0  startup_stm32f10x_hd.o(.text)
    SPI1_IRQHandler                          0x0800015f   Thumb Code     0  startup_stm32f10x_hd.o(.text)
    SPI2_IRQHandler                          0x0800015f   Thumb Code     0  startup_stm32f10x_hd.o(.text)
    SPI3_IRQHandler                          0x0800015f   Thumb Code     0  startup_stm32f10x_hd.o(.text)
    TAMPER_IRQHandler                        0x0800015f   Thumb Code     0  startup_stm32f10x_hd.o(.text)
    TIM1_BRK_IRQHandler                      0x0800015f   Thumb Code     0  startup_stm32f10x_hd.o(.text)
    TIM1_CC_IRQHandler                       0x0800015f   Thumb Code     0  startup_stm32f10x_hd.o(.text)
    TIM1_TRG_COM_IRQHandler                  0x0800015f   Thumb Code     0  startup_stm32f10x_hd.o(.text)
    TIM1_UP_IRQHandler                       0x0800015f   Thumb Code     0  startup_stm32f10x_hd.o(.text)
    TIM2_IRQHandler                          0x0800015f   Thumb Code     0  startup_stm32f10x_hd.o(.text)
    TIM3_IRQHandler                          0x0800015f   Thumb Code     0  startup_stm32f10x_hd.o(.text)
    TIM4_IRQHandler                          0x0800015f   Thumb Code     0  startup_stm32f10x_hd.o(.text)
    TIM5_IRQHandler                          0x0800015f   Thumb Code     0  startup_stm32f10x_hd.o(.text)
    TIM6_IRQHandler                          0x0800015f   Thumb Code     0  startup_stm32f10x_hd.o(.text)
    TIM7_IRQHandler                          0x0800015f   Thumb Code     0  startup_stm32f10x_hd.o(.text)
    TIM8_BRK_IRQHandler                      0x0800015f   Thumb Code     0  startup_stm32f10x_hd.o(.text)
    TIM8_CC_IRQHandler                       0x0800015f   Thumb Code     0  startup_stm32f10x_hd.o(.text)
    TIM8_TRG_COM_IRQHandler                  0x0800015f   Thumb Code     0  startup_stm32f10x_hd.o(.text)
    TIM8_UP_IRQHandler                       0x0800015f   Thumb Code     0  startup_stm32f10x_hd.o(.text)
    UART4_IRQHandler                         0x0800015f   Thumb Code     0  startup_stm32f10x_hd.o(.text)
    UART5_IRQHandler                         0x0800015f   Thumb Code     0  startup_stm32f10x_hd.o(.text)
    USART1_IRQHandler                        0x0800015f   Thumb Code     0  startup_stm32f10x_hd.o(.text)
    USART2_IRQHandler                        0x0800015f   Thumb Code     0  startup_stm32f10x_hd.o(.text)
    USART3_IRQHandler                        0x0800015f   Thumb Code     0  startup_stm32f10x_hd.o(.text)
    WWDG_IRQHandler                          0x0800015f   Thumb Code     0  startup_stm32f10x_hd.o(.text)
    __scatterload                            0x08000169   Thumb Code    28  init.o(.text)
    __scatterload_rt2                        0x08000169   Thumb Code     0  init.o(.text)
    __decompress                             0x0800018d   Thumb Code     0  __dczerorl2.o(.text)
    __decompress1                            0x0800018d   Thumb Code    86  __dczerorl2.o(.text)
    Bot_Abort                                0x080001e3   Thumb Code    64  usb_bot.o(i.Bot_Abort)
    BusFault_Handler                         0x08000223   Thumb Code     4  stm32_it.o(i.BusFault_Handler)
    ByteSwap                                 0x08000227   Thumb Code    12  usb_regs.o(i.ByteSwap)
    CBW_Decode                               0x08000235   Thumb Code   676  usb_bot.o(i.CBW_Decode)
    CTR_HP                                   0x080004f9   Thumb Code   174  usb_int.o(i.CTR_HP)
    CTR_LP                                   0x080005c1   Thumb Code   616  usb_int.o(i.CTR_LP)
    ClearDTOG_RX                             0x08000849   Thumb Code    48  usb_regs.o(i.ClearDTOG_RX)
    ClearDTOG_TX                             0x0800087d   Thumb Code    48  usb_regs.o(i.ClearDTOG_TX)
    Clear_Status_Out                         0x080008b1   Thumb Code    34  usb_regs.o(i.Clear_Status_Out)
    DebugMon_Handler                         0x08000d11   Thumb Code     2  stm32_it.o(i.DebugMon_Handler)
    EP1_IN_Callback                          0x08000d13   Thumb Code     8  usb_endp.o(i.EP1_IN_Callback)
    EP2_OUT_Callback                         0x08000d1b   Thumb Code     8  usb_endp.o(i.EP2_OUT_Callback)
    EP3_IN_Callback                          0x08000d23   Thumb Code     8  usb_endp.o(i.EP3_IN_Callback)
    EP3_OUT_Callback                         0x08000d2b   Thumb Code     8  usb_endp.o(i.EP3_OUT_Callback)
    EXTI_ClearITPendingBit                   0x08000d35   Thumb Code     6  stm32f10x_exti.o(i.EXTI_ClearITPendingBit)
    GPIO_Init                                0x08000d41   Thumb Code   278  stm32f10x_gpio.o(i.GPIO_Init)
    GPIO_PinRemapConfig                      0x08000e59   Thumb Code   138  stm32f10x_gpio.o(i.GPIO_PinRemapConfig)
    GPIO_ResetBits                           0x08000ee9   Thumb Code     4  stm32f10x_gpio.o(i.GPIO_ResetBits)
    GPIO_SetBits                             0x08000eed   Thumb Code     4  stm32f10x_gpio.o(i.GPIO_SetBits)
    GetEPRxAddr                              0x08000ef1   Thumb Code    24  usb_regs.o(i.GetEPRxAddr)
    GetEPRxCount                             0x08000f11   Thumb Code    26  usb_regs.o(i.GetEPRxCount)
    GetEPRxStatus                            0x08000f35   Thumb Code    18  usb_regs.o(i.GetEPRxStatus)
    GetEPTxAddr                              0x08000f4d   Thumb Code    22  usb_regs.o(i.GetEPTxAddr)
    Get_Max_Lun                              0x08000f6d   Thumb Code    20  usb_prop.o(i.Get_Max_Lun)
    Get_SerialNum                            0x08000f89   Thumb Code    42  hw_config.o(i.Get_SerialNum)
    HardFault_Handler                        0x08000fbd   Thumb Code     4  stm32_it.o(i.HardFault_Handler)
    In0_Process                              0x08000fc1   Thumb Code    98  usb_core.o(i.In0_Process)
    MAL_Config                               0x0800106f   Thumb Code    10  hw_config.o(i.MAL_Config)
    MAL_GetStatus                            0x08001079   Thumb Code   120  mass_mal.o(i.MAL_GetStatus)
    MAL_Init                                 0x08001101   Thumb Code    38  mass_mal.o(i.MAL_Init)
    MAL_Read                                 0x0800112d   Thumb Code    52  mass_mal.o(i.MAL_Read)
    MAL_Write                                0x08001165   Thumb Code    52  mass_mal.o(i.MAL_Write)
    Mass_Storage_In                          0x0800119d   Thumb Code   122  usb_bot.o(i.Mass_Storage_In)
    Mass_Storage_Out                         0x08001229   Thumb Code   118  usb_bot.o(i.Mass_Storage_Out)
    MemManage_Handler                        0x080012b9   Thumb Code     4  stm32_it.o(i.MemManage_Handler)
    NMI_Handler                              0x080012bd   Thumb Code     2  stm32_it.o(i.NMI_Handler)
    NOP_Process                              0x080012bf   Thumb Code     2  usb_core.o(i.NOP_Process)
    NVIC_Init                                0x080012c1   Thumb Code   100  misc.o(i.NVIC_Init)
    NVIC_PriorityGroupConfig                 0x08001331   Thumb Code    10  misc.o(i.NVIC_PriorityGroupConfig)
    Out0_Process                             0x08001485   Thumb Code    70  usb_core.o(i.Out0_Process)
    PMAToUserBufferCopy                      0x080014d5   Thumb Code    34  usb_mem.o(i.PMAToUserBufferCopy)
    PendSV_Handler                           0x080014fd   Thumb Code     2  stm32_it.o(i.PendSV_Handler)
    Post0_Process                            0x08001501   Thumb Code    54  usb_core.o(i.Post0_Process)
    PowerOn                                  0x08001549   Thumb Code    70  usb_pwr.o(i.PowerOn)
    RCC_APB1PeriphClockCmd                   0x08001599   Thumb Code    26  stm32f10x_rcc.o(i.RCC_APB1PeriphClockCmd)
    RCC_APB2PeriphClockCmd                   0x080015b9   Thumb Code    26  stm32f10x_rcc.o(i.RCC_APB2PeriphClockCmd)
    RCC_USBCLKConfig                         0x080015d9   Thumb Code     6  stm32f10x_rcc.o(i.RCC_USBCLKConfig)
    Read_Memory                              0x080015e5   Thumb Code   224  memory.o(i.Read_Memory)
    Resume                                   0x080016e9   Thumb Code   194  usb_pwr.o(i.Resume)
    Resume_Init                              0x080017b9   Thumb Code    24  usb_pwr.o(i.Resume_Init)
    SCSI_Address_Management                  0x080017d5   Thumb Code   126  usb_scsi.o(i.SCSI_Address_Management)
    SCSI_Format_Cmd                          0x08001861   Thumb Code    52  usb_scsi.o(i.SCSI_Format_Cmd)
    SCSI_Inquiry_Cmd                         0x08001899   Thumb Code    54  usb_scsi.o(i.SCSI_Inquiry_Cmd)
    SCSI_Invalid_Cmd                         0x080018e1   Thumb Code    64  usb_scsi.o(i.SCSI_Invalid_Cmd)
    SCSI_ModeSense10_Cmd                     0x08001925   Thumb Code    14  usb_scsi.o(i.SCSI_ModeSense10_Cmd)
    SCSI_ModeSense6_Cmd                      0x08001939   Thumb Code    14  usb_scsi.o(i.SCSI_ModeSense6_Cmd)
    SCSI_Read10_Cmd                          0x0800194d   Thumb Code   110  usb_scsi.o(i.SCSI_Read10_Cmd)
    SCSI_ReadCapacity10_Cmd                  0x080019c5   Thumb Code   138  usb_scsi.o(i.SCSI_ReadCapacity10_Cmd)
    SCSI_ReadFormatCapacity_Cmd              0x08001a61   Thumb Code   120  usb_scsi.o(i.SCSI_ReadFormatCapacity_Cmd)
    SCSI_RequestSense_Cmd                    0x08001ae9   Thumb Code    30  usb_scsi.o(i.SCSI_RequestSense_Cmd)
    SCSI_Start_Stop_Unit_Cmd                 0x08001b11   Thumb Code    14  usb_scsi.o(i.SCSI_Start_Stop_Unit_Cmd)
    SCSI_TestUnitReady_Cmd                   0x08001b21   Thumb Code    52  usb_scsi.o(i.SCSI_TestUnitReady_Cmd)
    SCSI_Verify10_Cmd                        0x08001b59   Thumb Code    58  usb_scsi.o(i.SCSI_Verify10_Cmd)
    SCSI_Write10_Cmd                         0x08001b99   Thumb Code   110  usb_scsi.o(i.SCSI_Write10_Cmd)
    SD_Cancel_CS                             0x08001c11   Thumb Code    16  sd.o(i.SD_Cancel_CS)
    SD_GetCID                                0x08001c21   Thumb Code    42  sd.o(i.SD_GetCID)
    SD_GetCSD                                0x08001c4b   Thumb Code    42  sd.o(i.SD_GetCSD)
    SD_GetCardInfo                           0x08001c75   Thumb Code   740  sd.o(i.SD_GetCardInfo)
    SD_Get_Ack                               0x08001f5d   Thumb Code    38  sd.o(i.SD_Get_Ack)
    SD_Init                                  0x08001f85   Thumb Code   386  sd.o(i.SD_Init)
    SD_Read_Data                             0x0800210d   Thumb Code   110  sd.o(i.SD_Read_Data)
    SD_RecvData                              0x08002181   Thumb Code    56  sd.o(i.SD_RecvData)
    SD_SPI_CS_Set                            0x080021b9   Thumb Code    14  sd.o(i.SD_SPI_CS_Set)
    SD_SPI_Init                              0x080021c7   Thumb Code    16  sd.o(i.SD_SPI_Init)
    SD_SPI_Read_Write_Byte                   0x080021d7   Thumb Code    16  sd.o(i.SD_SPI_Read_Write_Byte)
    SD_Select                                0x080021e7   Thumb Code    26  sd.o(i.SD_Select)
    SD_SendCmd                               0x08002201   Thumb Code   120  sd.o(i.SD_SendCmd)
    SD_Send_Data                             0x08002279   Thumb Code    82  sd.o(i.SD_Send_Data)
    SD_SetHighSpeed                          0x080022cb   Thumb Code    12  sd.o(i.SD_SetHighSpeed)
    SD_SetLowSpeed                           0x080022d7   Thumb Code    12  sd.o(i.SD_SetLowSpeed)
    SD_Wait_Ready                            0x080022e3   Thumb Code    34  sd.o(i.SD_Wait_Ready)
    SD_Write_Data                            0x08002305   Thumb Code   138  sd.o(i.SD_Write_Data)
    SOF_Callback                             0x08002395   Thumb Code    38  usb_endp.o(i.SOF_Callback)
    SPI_CS_Set                               0x080023c5   Thumb Code    34  spi.o(i.SPI_CS_Set)
    SPI_Cmd                                  0x080023f1   Thumb Code    24  stm32f10x_spi.o(i.SPI_Cmd)
    SPI_Config                               0x08002409   Thumb Code    40  spi.o(i.SPI_Config)
    SPI_GPIO_Init                            0x08002435   Thumb Code   218  spi.o(i.SPI_GPIO_Init)
    SPI_I2S_GetFlagStatus                    0x0800251d   Thumb Code    18  stm32f10x_spi.o(i.SPI_I2S_GetFlagStatus)
    SPI_I2S_ReceiveData                      0x0800252f   Thumb Code     6  stm32f10x_spi.o(i.SPI_I2S_ReceiveData)
    SPI_I2S_SendData                         0x08002535   Thumb Code     4  stm32f10x_spi.o(i.SPI_I2S_SendData)
    SPI_Init                                 0x08002539   Thumb Code    60  stm32f10x_spi.o(i.SPI_Init)
    SPI_Protocol_Init                        0x08002575   Thumb Code   128  spi.o(i.SPI_Protocol_Init)
    SPI_Read_Write                           0x080025f9   Thumb Code    66  spi.o(i.SPI_Read_Write)
    SVC_Handler                              0x08002641   Thumb Code     2  stm32_it.o(i.SVC_Handler)
    SetBTABLE                                0x08002645   Thumb Code    12  usb_regs.o(i.SetBTABLE)
    SetDeviceAddress                         0x08002655   Thumb Code    68  usb_core.o(i.SetDeviceAddress)
    SetEPRxAddr                              0x080026a5   Thumb Code    26  usb_regs.o(i.SetEPRxAddr)
    SetEPRxCount                             0x080026c9   Thumb Code    68  usb_regs.o(i.SetEPRxCount)
    SetEPRxStatus                            0x08002715   Thumb Code    60  usb_regs.o(i.SetEPRxStatus)
    SetEPRxValid                             0x08002755   Thumb Code    48  usb_regs.o(i.SetEPRxValid)
    SetEPTxAddr                              0x08002789   Thumb Code    24  usb_regs.o(i.SetEPTxAddr)
    SetEPTxCount                             0x080027a9   Thumb Code    20  usb_regs.o(i.SetEPTxCount)
    SetEPTxStatus                            0x080027c5   Thumb Code    60  usb_regs.o(i.SetEPTxStatus)
    SetEPTxValid                             0x08002805   Thumb Code    48  usb_regs.o(i.SetEPTxValid)
    SetEPType                                0x08002839   Thumb Code    32  usb_regs.o(i.SetEPType)
    SetISTR                                  0x0800285d   Thumb Code     6  usb_regs.o(i.SetISTR)
    Set_CSW                                  0x08002951   Thumb Code    46  usb_bot.o(i.Set_CSW)
    Set_Scsi_Sense_Data                      0x0800298d   Thumb Code     8  usb_scsi.o(i.Set_Scsi_Sense_Data)
    Set_System                               0x08002999   Thumb Code    88  hw_config.o(i.Set_System)
    Set_USBClock                             0x080029f9   Thumb Code    18  hw_config.o(i.Set_USBClock)
    Setup0_Process                           0x08002a0d   Thumb Code   170  usb_core.o(i.Setup0_Process)
    Standard_ClearFeature                    0x08002ac5   Thumb Code   342  usb_core.o(i.Standard_ClearFeature)
    Standard_GetConfiguration                0x08002c31   Thumb Code    34  usb_core.o(i.Standard_GetConfiguration)
    Standard_GetDescriptorData               0x08002c5d   Thumb Code    32  usb_core.o(i.Standard_GetDescriptorData)
    Standard_GetInterface                    0x08002c81   Thumb Code    34  usb_core.o(i.Standard_GetInterface)
    Standard_GetStatus                       0x08002cad   Thumb Code   238  usb_core.o(i.Standard_GetStatus)
    Standard_SetConfiguration                0x08002dad   Thumb Code    60  usb_core.o(i.Standard_SetConfiguration)
    Standard_SetDeviceFeature                0x08002df5   Thumb Code    30  usb_core.o(i.Standard_SetDeviceFeature)
    Standard_SetEndPointFeature              0x08002e1d   Thumb Code   192  usb_core.o(i.Standard_SetEndPointFeature)
    Standard_SetInterface                    0x08002eed   Thumb Code    96  usb_core.o(i.Standard_SetInterface)
    Suspend                                  0x08002f59   Thumb Code   134  usb_pwr.o(i.Suspend)
    SysTick_Handler                          0x08002fed   Thumb Code     2  stm32_it.o(i.SysTick_Handler)
    SystemInit                               0x08002ff1   Thumb Code    78  system_stm32f10x.o(i.SystemInit)
    Transfer_Data_Request                    0x08003051   Thumb Code    46  usb_bot.o(i.Transfer_Data_Request)
    USBWakeUp_IRQHandler                     0x08003089   Thumb Code    12  stm32_it.o(i.USBWakeUp_IRQHandler)
    USB_Cable_Config                         0x08003095   Thumb Code    16  hw_config.o(i.USB_Cable_Config)
    USB_HP_CAN1_TX_IRQHandler                0x080030a9   Thumb Code     8  stm32_it.o(i.USB_HP_CAN1_TX_IRQHandler)
    USB_Init                                 0x080030b1   Thumb Code    36  usb_init.o(i.USB_Init)
    USB_Interrupts_Config                    0x080030ed   Thumb Code    60  hw_config.o(i.USB_Interrupts_Config)
    USB_Istr                                 0x08003129   Thumb Code   426  usb_istr.o(i.USB_Istr)
    USB_LP_CAN1_RX0_IRQHandler               0x080032f9   Thumb Code     8  stm32_it.o(i.USB_LP_CAN1_RX0_IRQHandler)
    USB_SIL_Init                             0x08003301   Thumb Code    28  usb_sil.o(i.USB_SIL_Init)
    USB_SIL_Read                             0x08003325   Thumb Code    46  usb_sil.o(i.USB_SIL_Read)
    USB_SIL_Write                            0x08003353   Thumb Code    46  usb_sil.o(i.USB_SIL_Write)
    UsageFault_Handler                       0x08003381   Thumb Code     4  stm32_it.o(i.UsageFault_Handler)
    UserToPMABufferCopy                      0x08003385   Thumb Code    52  usb_mem.o(i.UserToPMABufferCopy)
    VCP_IN_Callback                          0x080033bd   Thumb Code   146  usb_endp.o(i.VCP_IN_Callback)
    VCP_OUT_Callback                         0x08003459   Thumb Code    92  usb_endp.o(i.VCP_OUT_Callback)
    Virtual_Com_Port_ClearFeature            0x080034bd   Thumb Code    20  usb_prop.o(i.Virtual_Com_Port_ClearFeature)
    Virtual_Com_Port_Data_Setup              0x080034d9   Thumb Code   130  usb_prop.o(i.Virtual_Com_Port_Data_Setup)
    Virtual_Com_Port_GetConfigDescriptor     0x08003571   Thumb Code    14  usb_prop.o(i.Virtual_Com_Port_GetConfigDescriptor)
    Virtual_Com_Port_GetDeviceDescriptor     0x08003585   Thumb Code    14  usb_prop.o(i.Virtual_Com_Port_GetDeviceDescriptor)
    Virtual_Com_Port_GetLineCoding           0x08003599   Thumb Code    20  usb_prop.o(i.Virtual_Com_Port_GetLineCoding)
    Virtual_Com_Port_GetStringDescriptor     0x080035b5   Thumb Code    32  usb_prop.o(i.Virtual_Com_Port_GetStringDescriptor)
    Virtual_Com_Port_Get_Interface_Setting   0x080035dd   Thumb Code    22  usb_prop.o(i.Virtual_Com_Port_Get_Interface_Setting)
    Virtual_Com_Port_NoData_Setup            0x080035f5   Thumb Code   106  usb_prop.o(i.Virtual_Com_Port_NoData_Setup)
    Virtual_Com_Port_Reset                   0x08003671   Thumb Code   286  usb_prop.o(i.Virtual_Com_Port_Reset)
    Virtual_Com_Port_SetConfiguration        0x080037ad   Thumb Code    34  usb_prop.o(i.Virtual_Com_Port_SetConfiguration)
    Virtual_Com_Port_SetDeviceAddress        0x080037dd   Thumb Code     8  usb_prop.o(i.Virtual_Com_Port_SetDeviceAddress)
    Virtual_Com_Port_SetLineCoding           0x080037e9   Thumb Code    20  usb_prop.o(i.Virtual_Com_Port_SetLineCoding)
    Virtual_Com_Port_Status_In               0x08003805   Thumb Code    16  usb_prop.o(i.Virtual_Com_Port_Status_In)
    Virtual_Com_Port_Status_Out              0x08003819   Thumb Code     2  usb_prop.o(i.Virtual_Com_Port_Status_Out)
    Virtual_Com_Port_init                    0x0800381d   Thumb Code    30  usb_prop.o(i.Virtual_Com_Port_init)
    Write_Memory                             0x08003845   Thumb Code   252  memory.o(i.Write_Memory)
    __scatterload_copy                       0x0800396d   Thumb Code    14  handlers.o(i.__scatterload_copy)
    __scatterload_null                       0x0800397b   Thumb Code     2  handlers.o(i.__scatterload_null)
    __scatterload_zeroinit                   0x0800397d   Thumb Code    14  handlers.o(i.__scatterload_zeroinit)
    main                                     0x0800398b   Thumb Code    46  main.o(i.main)
    usrUSBReceiveBufLen                      0x080039b9   Thumb Code    38  usb_endp.o(i.usrUSBReceiveBufLen)
    usrUSBReceiveData                        0x080039e5   Thumb Code    70  usb_endp.o(i.usrUSBReceiveData)
    usrUSBSendData                           0x08003a31   Thumb Code    56  usb_endp.o(i.usrUSBSendData)
    Virtual_Com_Port_DeviceDescriptor        0x08003a6c   Data          18  usb_desc.o(.constdata)
    Virtual_Com_Port_ConfigDescriptor        0x08003a7e   Data         106  usb_desc.o(.constdata)
    Virtual_Com_Port_StringLangID            0x08003ae8   Data           4  usb_desc.o(.constdata)
    Virtual_Com_Port_StringVendor            0x08003aec   Data          38  usb_desc.o(.constdata)
    Virtual_Com_Port_StringProduct           0x08003b12   Data          50  usb_desc.o(.constdata)
    MASS_StringInterface                     0x08003b44   Data          16  usb_desc.o(.constdata)
    Region$$Table$$Base                      0x08003b9c   Number         0  anon$$obj.o(Region$$Table)
    Region$$Table$$Limit                     0x08003bbc   Number         0  anon$$obj.o(Region$$Table)
    SaveRState                               0x20000000   Data           2  usb_int.o(.data)
    SaveTState                               0x20000002   Data           2  usb_int.o(.data)
    StatusInfo                               0x20000004   Data           2  usb_core.o(.data)
    DevRemoteWakeup                          0x20000008   Data           4  usb_core.o(.data)
    Data_Mul_MaxPacketSize                   0x2000000c   Data           1  usb_core.o(.data)
    EPindex                                  0x20000010   Data           1  usb_init.o(.data)
    pInformation                             0x20000014   Data           4  usb_init.o(.data)
    pProperty                                0x20000018   Data           4  usb_init.o(.data)
    SaveState                                0x2000001c   Data           2  usb_init.o(.data)
    wInterrupt_Mask                          0x2000001e   Data           2  usb_init.o(.data)
    pUser_Standard_Requests                  0x20000020   Data           4  usb_init.o(.data)
    Request                                  0x20000024   Data           1  usb_prop.o(.data)
    Max_Lun                                  0x20000028   Data           4  usb_prop.o(.data)
    linecoding                               0x2000002c   Data           8  usb_prop.o(.data)
    Device_Table                             0x20000034   Data           2  usb_prop.o(.data)
    Device_Property                          0x20000038   Data          48  usb_prop.o(.data)
    User_Standard_Requests                   0x20000068   Data          36  usb_prop.o(.data)
    Device_Descriptor                        0x2000008c   Data           8  usb_prop.o(.data)
    Config_Descriptor                        0x20000094   Data           8  usb_prop.o(.data)
    String_Descriptor                        0x2000009c   Data          40  usb_prop.o(.data)
    usrReceive                               0x200000c4   Data         268  usb_endp.o(.data)
    usrSend                                  0x200001d0   Data         268  usb_endp.o(.data)
    Virtual_Com_Port_StringSerial            0x200002e0   Data          26  usb_desc.o(.data)
    wIstr                                    0x200002fc   Data           2  usb_istr.o(.data)
    bIntPackSOF                              0x200002fe   Data           1  usb_istr.o(.data)
    esof_counter                             0x20000300   Data           4  usb_istr.o(.data)
    wCNTR                                    0x20000304   Data           4  usb_istr.o(.data)
    pEpInt_IN                                0x20000308   Data          28  usb_istr.o(.data)
    pEpInt_OUT                               0x20000324   Data          28  usb_istr.o(.data)
    bDeviceState                             0x20000340   Data           4  usb_pwr.o(.data)
    fSuspendEnabled                          0x20000344   Data           1  usb_pwr.o(.data)
    ResumeS                                  0x20000345   Data           2  usb_pwr.o(.data)
    remotewakeupon                           0x20000348   Data           4  usb_pwr.o(.data)
    Mass_Memory_Size                         0x2000034c   Data           4  mass_mal.o(.data)
    Mass_Block_Size                          0x20000350   Data           4  mass_mal.o(.data)
    Mass_Block_Count                         0x20000354   Data           4  mass_mal.o(.data)
    Status                                   0x20000358   Data           4  mass_mal.o(.data)
    Block_Read_count                         0x2000035c   Data           4  memory.o(.data)
    Block_offset                             0x20000360   Data           4  memory.o(.data)
    Counter                                  0x20000364   Data           4  memory.o(.data)
    Idx                                      0x20000368   Data           4  memory.o(.data)
    TransferState                            0x2000036c   Data           1  memory.o(.data)
    Page00_Inquiry_Data                      0x20000380   Data           5  scsi_data.o(.data)
    Standard_Inquiry_Data                    0x20000385   Data          36  scsi_data.o(.data)
    Standard_Inquiry_Data2                   0x200003a9   Data          36  scsi_data.o(.data)
    Mode_Sense6_data                         0x200003cd   Data           4  scsi_data.o(.data)
    Mode_Sense10_data                        0x200003d1   Data           8  scsi_data.o(.data)
    Scsi_Sense_Data                          0x200003d9   Data          18  scsi_data.o(.data)
    ReadCapacity10_Data                      0x200003eb   Data           8  scsi_data.o(.data)
    ReadFormatCapacity_Data                  0x200003f3   Data          12  scsi_data.o(.data)
    CardType                                 0x200003ff   Data           1  sd.o(.data)
    CS_GPIO_Port                             0x2000040c   Data          12  spi.o(.data)
    CS_GPIO_Pin                              0x20000418   Data           6  spi.o(.data)
    Bot_State                                0x20000420   Data           1  usb_bot.o(.data)
    Data_Len                                 0x20000422   Data           2  usb_bot.o(.data)
    SCSI_LBA                                 0x20000424   Data           4  usb_bot.o(.data)
    SCSI_BlkLen                              0x20000428   Data           4  usb_bot.o(.data)
    Device_Info                              0x2000042c   Data          28  usb_init.o(.bss)
    EP                                       0x20000448   Data          32  usb_pwr.o(.bss)
    mSDCardInfo                              0x20000468   Data          88  mass_mal.o(.bss)
    Data_Buffer                              0x200004c0   Data         512  memory.o(.bss)
    Bulk_Data_Buff                           0x200006c0   Data          64  usb_bot.o(.bss)
    CBW                                      0x20000700   Data          32  usb_bot.o(.bss)
    CSW                                      0x20000720   Data          16  usb_bot.o(.bss)
    __initial_sp                             0x20000b30   Data           0  startup_stm32f10x_hd.o(STACK)



==============================================================================

Memory Map of the image

  Image Entry point : 0x08000131

  Load Region LR_IROM1 (Base: 0x08000000, Size: 0x00003fe8, Max: 0x00080000, ABSOLUTE, COMPRESSED[0x00003ca0])

    Execution Region ER_IROM1 (Exec base: 0x08000000, Load base: 0x08000000, Size: 0x00003bbc, Max: 0x00080000, ABSOLUTE)

    Exec Addr    Load Addr    Size         Type   Attr      Idx    E Section Name        Object

    0x08000000   0x08000000   0x00000130   Data   RO          789    RESET               startup_stm32f10x_hd.o
    0x08000130   0x08000130   0x00000000   Code   RO         3421  * .ARM.Collect$$$$00000000  mc_w.l(entry.o)
    0x08000130   0x08000130   0x00000004   Code   RO         3424    .ARM.Collect$$$$00000001  mc_w.l(entry2.o)
    0x08000134   0x08000134   0x00000004   Code   RO         3427    .ARM.Collect$$$$00000004  mc_w.l(entry5.o)
    0x08000138   0x08000138   0x00000000   Code   RO         3429    .ARM.Collect$$$$00000008  mc_w.l(entry7b.o)
    0x08000138   0x08000138   0x00000000   Code   RO         3431    .ARM.Collect$$$$0000000A  mc_w.l(entry8b.o)
    0x08000138   0x08000138   0x00000008   Code   RO         3432    .ARM.Collect$$$$0000000B  mc_w.l(entry9a.o)
    0x08000140   0x08000140   0x00000000   Code   RO         3434    .ARM.Collect$$$$0000000D  mc_w.l(entry10a.o)
    0x08000140   0x08000140   0x00000000   Code   RO         3436    .ARM.Collect$$$$0000000F  mc_w.l(entry11a.o)
    0x08000140   0x08000140   0x00000004   Code   RO         3425    .ARM.Collect$$$$00002712  mc_w.l(entry2.o)
    0x08000144   0x08000144   0x00000024   Code   RO          790    .text               startup_stm32f10x_hd.o
    0x08000168   0x08000168   0x00000024   Code   RO         3438    .text               mc_w.l(init.o)
    0x0800018c   0x0800018c   0x00000056   Code   RO         3448    .text               mc_w.l(__dczerorl2.o)
    0x080001e2   0x080001e2   0x00000040   Code   RO         3250    i.Bot_Abort         usb_bot.o
    0x08000222   0x08000222   0x00000004   Code   RO         2666    i.BusFault_Handler  stm32_it.o
    0x08000226   0x08000226   0x0000000c   Code   RO          180    i.ByteSwap          usb_regs.o
    0x08000232   0x08000232   0x00000002   PAD
    0x08000234   0x08000234   0x000002c4   Code   RO         3251    i.CBW_Decode        usb_bot.o
    0x080004f8   0x080004f8   0x000000c8   Code   RO          552    i.CTR_HP            usb_int.o
    0x080005c0   0x080005c0   0x00000288   Code   RO          553    i.CTR_LP            usb_int.o
    0x08000848   0x08000848   0x00000034   Code   RO          181    i.ClearDTOG_RX      usb_regs.o
    0x0800087c   0x0800087c   0x00000034   Code   RO          182    i.ClearDTOG_TX      usb_regs.o
    0x080008b0   0x080008b0   0x00000028   Code   RO          187    i.Clear_Status_Out  usb_regs.o
    0x080008d8   0x080008d8   0x000000c0   Code   RO          594    i.DataStageIn       usb_core.o
    0x08000998   0x08000998   0x000000e0   Code   RO          595    i.DataStageOut      usb_core.o
    0x08000a78   0x08000a78   0x00000298   Code   RO          596    i.Data_Setup0       usb_core.o
    0x08000d10   0x08000d10   0x00000002   Code   RO         2667    i.DebugMon_Handler  stm32_it.o
    0x08000d12   0x08000d12   0x00000008   Code   RO         2545    i.EP1_IN_Callback   usb_endp.o
    0x08000d1a   0x08000d1a   0x00000008   Code   RO         2546    i.EP2_OUT_Callback  usb_endp.o
    0x08000d22   0x08000d22   0x00000008   Code   RO         2547    i.EP3_IN_Callback   usb_endp.o
    0x08000d2a   0x08000d2a   0x00000008   Code   RO         2548    i.EP3_OUT_Callback  usb_endp.o
    0x08000d32   0x08000d32   0x00000002   PAD
    0x08000d34   0x08000d34   0x0000000c   Code   RO         1710    i.EXTI_ClearITPendingBit  stm32f10x_exti.o
    0x08000d40   0x08000d40   0x00000116   Code   RO         1517    i.GPIO_Init         stm32f10x_gpio.o
    0x08000e56   0x08000e56   0x00000002   PAD
    0x08000e58   0x08000e58   0x00000090   Code   RO         1519    i.GPIO_PinRemapConfig  stm32f10x_gpio.o
    0x08000ee8   0x08000ee8   0x00000004   Code   RO         1524    i.GPIO_ResetBits    stm32f10x_gpio.o
    0x08000eec   0x08000eec   0x00000004   Code   RO         1525    i.GPIO_SetBits      stm32f10x_gpio.o
    0x08000ef0   0x08000ef0   0x00000020   Code   RO          199    i.GetEPRxAddr       usb_regs.o
    0x08000f10   0x08000f10   0x00000024   Code   RO          200    i.GetEPRxCount      usb_regs.o
    0x08000f34   0x08000f34   0x00000018   Code   RO          201    i.GetEPRxStatus     usb_regs.o
    0x08000f4c   0x08000f4c   0x00000020   Code   RO          202    i.GetEPTxAddr       usb_regs.o
    0x08000f6c   0x08000f6c   0x0000001c   Code   RO         2399    i.Get_Max_Lun       usb_prop.o
    0x08000f88   0x08000f88   0x00000034   Code   RO         2844    i.Get_SerialNum     hw_config.o
    0x08000fbc   0x08000fbc   0x00000004   Code   RO         2668    i.HardFault_Handler  stm32_it.o
    0x08000fc0   0x08000fc0   0x00000070   Code   RO          597    i.In0_Process       usb_core.o
    0x08001030   0x08001030   0x0000003e   Code   RO         2845    i.IntToUnicode      hw_config.o
    0x0800106e   0x0800106e   0x0000000a   Code   RO         2847    i.MAL_Config        hw_config.o
    0x08001078   0x08001078   0x00000088   Code   RO         2948    i.MAL_GetStatus     mass_mal.o
    0x08001100   0x08001100   0x0000002c   Code   RO         2949    i.MAL_Init          mass_mal.o
    0x0800112c   0x0800112c   0x00000038   Code   RO         2950    i.MAL_Read          mass_mal.o
    0x08001164   0x08001164   0x00000038   Code   RO         2951    i.MAL_Write         mass_mal.o
    0x0800119c   0x0800119c   0x0000008c   Code   RO         3252    i.Mass_Storage_In   usb_bot.o
    0x08001228   0x08001228   0x00000090   Code   RO         3253    i.Mass_Storage_Out  usb_bot.o
    0x080012b8   0x080012b8   0x00000004   Code   RO         2669    i.MemManage_Handler  stm32_it.o
    0x080012bc   0x080012bc   0x00000002   Code   RO         2670    i.NMI_Handler       stm32_it.o
    0x080012be   0x080012be   0x00000002   Code   RO          598    i.NOP_Process       usb_core.o
    0x080012c0   0x080012c0   0x00000070   Code   RO         1463    i.NVIC_Init         misc.o
    0x08001330   0x08001330   0x00000014   Code   RO         1464    i.NVIC_PriorityGroupConfig  misc.o
    0x08001344   0x08001344   0x00000140   Code   RO          599    i.NoData_Setup0     usb_core.o
    0x08001484   0x08001484   0x00000050   Code   RO          600    i.Out0_Process      usb_core.o
    0x080014d4   0x080014d4   0x00000028   Code   RO          725    i.PMAToUserBufferCopy  usb_mem.o
    0x080014fc   0x080014fc   0x00000002   Code   RO         2671    i.PendSV_Handler    stm32_it.o
    0x080014fe   0x080014fe   0x00000002   PAD
    0x08001500   0x08001500   0x00000048   Code   RO          601    i.Post0_Process     usb_core.o
    0x08001548   0x08001548   0x00000050   Code   RO         2790    i.PowerOn           usb_pwr.o
    0x08001598   0x08001598   0x00000020   Code   RO          845    i.RCC_APB1PeriphClockCmd  stm32f10x_rcc.o
    0x080015b8   0x080015b8   0x00000020   Code   RO          847    i.RCC_APB2PeriphClockCmd  stm32f10x_rcc.o
    0x080015d8   0x080015d8   0x0000000c   Code   RO          873    i.RCC_USBCLKConfig  stm32f10x_rcc.o
    0x080015e4   0x080015e4   0x00000104   Code   RO         3000    i.Read_Memory       memory.o
    0x080016e8   0x080016e8   0x000000d0   Code   RO         2791    i.Resume            usb_pwr.o
    0x080017b8   0x080017b8   0x0000001c   Code   RO         2792    i.Resume_Init       usb_pwr.o
    0x080017d4   0x080017d4   0x0000008c   Code   RO         3309    i.SCSI_Address_Management  usb_scsi.o
    0x08001860   0x08001860   0x00000038   Code   RO         3310    i.SCSI_Format_Cmd   usb_scsi.o
    0x08001898   0x08001898   0x00000048   Code   RO         3311    i.SCSI_Inquiry_Cmd  usb_scsi.o
    0x080018e0   0x080018e0   0x00000044   Code   RO         3312    i.SCSI_Invalid_Cmd  usb_scsi.o
    0x08001924   0x08001924   0x00000014   Code   RO         3313    i.SCSI_ModeSense10_Cmd  usb_scsi.o
    0x08001938   0x08001938   0x00000014   Code   RO         3314    i.SCSI_ModeSense6_Cmd  usb_scsi.o
    0x0800194c   0x0800194c   0x00000078   Code   RO         3315    i.SCSI_Read10_Cmd   usb_scsi.o
    0x080019c4   0x080019c4   0x0000009c   Code   RO         3316    i.SCSI_ReadCapacity10_Cmd  usb_scsi.o
    0x08001a60   0x08001a60   0x00000088   Code   RO         3317    i.SCSI_ReadFormatCapacity_Cmd  usb_scsi.o
    0x08001ae8   0x08001ae8   0x00000028   Code   RO         3318    i.SCSI_RequestSense_Cmd  usb_scsi.o
    0x08001b10   0x08001b10   0x0000000e   Code   RO         3319    i.SCSI_Start_Stop_Unit_Cmd  usb_scsi.o
    0x08001b1e   0x08001b1e   0x00000002   PAD
    0x08001b20   0x08001b20   0x00000038   Code   RO         3320    i.SCSI_TestUnitReady_Cmd  usb_scsi.o
    0x08001b58   0x08001b58   0x00000040   Code   RO         3322    i.SCSI_Verify10_Cmd  usb_scsi.o
    0x08001b98   0x08001b98   0x00000078   Code   RO         3323    i.SCSI_Write10_Cmd  usb_scsi.o
    0x08001c10   0x08001c10   0x00000010   Code   RO         3063    i.SD_Cancel_CS      sd.o
    0x08001c20   0x08001c20   0x0000002a   Code   RO         3064    i.SD_GetCID         sd.o
    0x08001c4a   0x08001c4a   0x0000002a   Code   RO         3065    i.SD_GetCSD         sd.o
    0x08001c74   0x08001c74   0x000002e8   Code   RO         3066    i.SD_GetCardInfo    sd.o
    0x08001f5c   0x08001f5c   0x00000026   Code   RO         3067    i.SD_Get_Ack        sd.o
    0x08001f82   0x08001f82   0x00000002   PAD
    0x08001f84   0x08001f84   0x00000188   Code   RO         3069    i.SD_Init           sd.o
    0x0800210c   0x0800210c   0x00000074   Code   RO         3070    i.SD_Read_Data      sd.o
    0x08002180   0x08002180   0x00000038   Code   RO         3071    i.SD_RecvData       sd.o
    0x080021b8   0x080021b8   0x0000000e   Code   RO         3072    i.SD_SPI_CS_Set     sd.o
    0x080021c6   0x080021c6   0x00000010   Code   RO         3073    i.SD_SPI_Init       sd.o
    0x080021d6   0x080021d6   0x00000010   Code   RO         3074    i.SD_SPI_Read_Write_Byte  sd.o
    0x080021e6   0x080021e6   0x0000001a   Code   RO         3075    i.SD_Select         sd.o
    0x08002200   0x08002200   0x00000078   Code   RO         3076    i.SD_SendCmd        sd.o
    0x08002278   0x08002278   0x00000052   Code   RO         3077    i.SD_Send_Data      sd.o
    0x080022ca   0x080022ca   0x0000000c   Code   RO         3078    i.SD_SetHighSpeed   sd.o
    0x080022d6   0x080022d6   0x0000000c   Code   RO         3079    i.SD_SetLowSpeed    sd.o
    0x080022e2   0x080022e2   0x00000022   Code   RO         3080    i.SD_Wait_Ready     sd.o
    0x08002304   0x08002304   0x00000090   Code   RO         3081    i.SD_Write_Data     sd.o
    0x08002394   0x08002394   0x00000030   Code   RO         2549    i.SOF_Callback      usb_endp.o
    0x080023c4   0x080023c4   0x0000002c   Code   RO         3198    i.SPI_CS_Set        spi.o
    0x080023f0   0x080023f0   0x00000018   Code   RO         2248    i.SPI_Cmd           stm32f10x_spi.o
    0x08002408   0x08002408   0x0000002c   Code   RO         3199    i.SPI_Config        spi.o
    0x08002434   0x08002434   0x000000e8   Code   RO         3200    i.SPI_GPIO_Init     spi.o
    0x0800251c   0x0800251c   0x00000012   Code   RO         2256    i.SPI_I2S_GetFlagStatus  stm32f10x_spi.o
    0x0800252e   0x0800252e   0x00000006   Code   RO         2259    i.SPI_I2S_ReceiveData  stm32f10x_spi.o
    0x08002534   0x08002534   0x00000004   Code   RO         2260    i.SPI_I2S_SendData  stm32f10x_spi.o
    0x08002538   0x08002538   0x0000003c   Code   RO         2261    i.SPI_Init          stm32f10x_spi.o
    0x08002574   0x08002574   0x00000084   Code   RO         3201    i.SPI_Protocol_Init  spi.o
    0x080025f8   0x080025f8   0x00000048   Code   RO         3202    i.SPI_Read_Write    spi.o
    0x08002640   0x08002640   0x00000002   Code   RO         2672    i.SVC_Handler       stm32_it.o
    0x08002642   0x08002642   0x00000002   PAD
    0x08002644   0x08002644   0x00000010   Code   RO          210    i.SetBTABLE         usb_regs.o
    0x08002654   0x08002654   0x00000050   Code   RO          602    i.SetDeviceAddress  usb_core.o
    0x080026a4   0x080026a4   0x00000024   Code   RO          224    i.SetEPRxAddr       usb_regs.o
    0x080026c8   0x080026c8   0x0000004c   Code   RO          225    i.SetEPRxCount      usb_regs.o
    0x08002714   0x08002714   0x00000040   Code   RO          226    i.SetEPRxStatus     usb_regs.o
    0x08002754   0x08002754   0x00000034   Code   RO          227    i.SetEPRxValid      usb_regs.o
    0x08002788   0x08002788   0x00000020   Code   RO          228    i.SetEPTxAddr       usb_regs.o
    0x080027a8   0x080027a8   0x0000001c   Code   RO          229    i.SetEPTxCount      usb_regs.o
    0x080027c4   0x080027c4   0x00000040   Code   RO          230    i.SetEPTxStatus     usb_regs.o
    0x08002804   0x08002804   0x00000034   Code   RO          231    i.SetEPTxValid      usb_regs.o
    0x08002838   0x08002838   0x00000024   Code   RO          232    i.SetEPType         usb_regs.o
    0x0800285c   0x0800285c   0x0000000c   Code   RO          234    i.SetISTR           usb_regs.o
    0x08002868   0x08002868   0x00000008   Code   RO          797    i.SetSysClock       system_stm32f10x.o
    0x08002870   0x08002870   0x000000e0   Code   RO          798    i.SetSysClockTo72   system_stm32f10x.o
    0x08002950   0x08002950   0x0000003c   Code   RO         3254    i.Set_CSW           usb_bot.o
    0x0800298c   0x0800298c   0x0000000c   Code   RO         3324    i.Set_Scsi_Sense_Data  usb_scsi.o
    0x08002998   0x08002998   0x00000060   Code   RO         2848    i.Set_System        hw_config.o
    0x080029f8   0x080029f8   0x00000012   Code   RO         2849    i.Set_USBClock      hw_config.o
    0x08002a0a   0x08002a0a   0x00000002   PAD
    0x08002a0c   0x08002a0c   0x000000b8   Code   RO          603    i.Setup0_Process    usb_core.o
    0x08002ac4   0x08002ac4   0x0000016c   Code   RO          604    i.Standard_ClearFeature  usb_core.o
    0x08002c30   0x08002c30   0x0000002c   Code   RO          605    i.Standard_GetConfiguration  usb_core.o
    0x08002c5c   0x08002c5c   0x00000024   Code   RO          606    i.Standard_GetDescriptorData  usb_core.o
    0x08002c80   0x08002c80   0x0000002c   Code   RO          607    i.Standard_GetInterface  usb_core.o
    0x08002cac   0x08002cac   0x00000100   Code   RO          608    i.Standard_GetStatus  usb_core.o
    0x08002dac   0x08002dac   0x00000048   Code   RO          609    i.Standard_SetConfiguration  usb_core.o
    0x08002df4   0x08002df4   0x00000028   Code   RO          610    i.Standard_SetDeviceFeature  usb_core.o
    0x08002e1c   0x08002e1c   0x000000d0   Code   RO          611    i.Standard_SetEndPointFeature  usb_core.o
    0x08002eec   0x08002eec   0x0000006c   Code   RO          612    i.Standard_SetInterface  usb_core.o
    0x08002f58   0x08002f58   0x00000094   Code   RO         2793    i.Suspend           usb_pwr.o
    0x08002fec   0x08002fec   0x00000002   Code   RO         2673    i.SysTick_Handler   stm32_it.o
    0x08002fee   0x08002fee   0x00000002   PAD
    0x08002ff0   0x08002ff0   0x00000060   Code   RO          800    i.SystemInit        system_stm32f10x.o
    0x08003050   0x08003050   0x00000038   Code   RO         3255    i.Transfer_Data_Request  usb_bot.o
    0x08003088   0x08003088   0x0000000c   Code   RO         2674    i.USBWakeUp_IRQHandler  stm32_it.o
    0x08003094   0x08003094   0x00000014   Code   RO         2850    i.USB_Cable_Config  hw_config.o
    0x080030a8   0x080030a8   0x00000008   Code   RO         2675    i.USB_HP_CAN1_TX_IRQHandler  stm32_it.o
    0x080030b0   0x080030b0   0x0000003c   Code   RO          755    i.USB_Init          usb_init.o
    0x080030ec   0x080030ec   0x0000003c   Code   RO         2852    i.USB_Interrupts_Config  hw_config.o
    0x08003128   0x08003128   0x000001d0   Code   RO         2759    i.USB_Istr          usb_istr.o
    0x080032f8   0x080032f8   0x00000008   Code   RO         2676    i.USB_LP_CAN1_RX0_IRQHandler  stm32_it.o
    0x08003300   0x08003300   0x00000024   Code   RO            4    i.USB_SIL_Init      usb_sil.o
    0x08003324   0x08003324   0x0000002e   Code   RO            5    i.USB_SIL_Read      usb_sil.o
    0x08003352   0x08003352   0x0000002e   Code   RO            6    i.USB_SIL_Write     usb_sil.o
    0x08003380   0x08003380   0x00000004   Code   RO         2677    i.UsageFault_Handler  stm32_it.o
    0x08003384   0x08003384   0x00000038   Code   RO          726    i.UserToPMABufferCopy  usb_mem.o
    0x080033bc   0x080033bc   0x0000009c   Code   RO         2550    i.VCP_IN_Callback   usb_endp.o
    0x08003458   0x08003458   0x00000064   Code   RO         2551    i.VCP_OUT_Callback  usb_endp.o
    0x080034bc   0x080034bc   0x0000001c   Code   RO         2400    i.Virtual_Com_Port_ClearFeature  usb_prop.o
    0x080034d8   0x080034d8   0x00000098   Code   RO         2401    i.Virtual_Com_Port_Data_Setup  usb_prop.o
    0x08003570   0x08003570   0x00000014   Code   RO         2402    i.Virtual_Com_Port_GetConfigDescriptor  usb_prop.o
    0x08003584   0x08003584   0x00000014   Code   RO         2403    i.Virtual_Com_Port_GetDeviceDescriptor  usb_prop.o
    0x08003598   0x08003598   0x0000001c   Code   RO         2404    i.Virtual_Com_Port_GetLineCoding  usb_prop.o
    0x080035b4   0x080035b4   0x00000028   Code   RO         2405    i.Virtual_Com_Port_GetStringDescriptor  usb_prop.o
    0x080035dc   0x080035dc   0x00000016   Code   RO         2406    i.Virtual_Com_Port_Get_Interface_Setting  usb_prop.o
    0x080035f2   0x080035f2   0x00000002   PAD
    0x080035f4   0x080035f4   0x0000007c   Code   RO         2407    i.Virtual_Com_Port_NoData_Setup  usb_prop.o
    0x08003670   0x08003670   0x0000013c   Code   RO         2408    i.Virtual_Com_Port_Reset  usb_prop.o
    0x080037ac   0x080037ac   0x00000030   Code   RO         2409    i.Virtual_Com_Port_SetConfiguration  usb_prop.o
    0x080037dc   0x080037dc   0x0000000c   Code   RO         2410    i.Virtual_Com_Port_SetDeviceAddress  usb_prop.o
    0x080037e8   0x080037e8   0x0000001c   Code   RO         2411    i.Virtual_Com_Port_SetLineCoding  usb_prop.o
    0x08003804   0x08003804   0x00000014   Code   RO         2412    i.Virtual_Com_Port_Status_In  usb_prop.o
    0x08003818   0x08003818   0x00000002   Code   RO         2413    i.Virtual_Com_Port_Status_Out  usb_prop.o
    0x0800381a   0x0800381a   0x00000002   PAD
    0x0800381c   0x0800381c   0x00000028   Code   RO         2414    i.Virtual_Com_Port_init  usb_prop.o
    0x08003844   0x08003844   0x00000128   Code   RO         3001    i.Write_Memory      memory.o
    0x0800396c   0x0800396c   0x0000000e   Code   RO         3442    i.__scatterload_copy  mc_w.l(handlers.o)
    0x0800397a   0x0800397a   0x00000002   Code   RO         3443    i.__scatterload_null  mc_w.l(handlers.o)
    0x0800397c   0x0800397c   0x0000000e   Code   RO         3444    i.__scatterload_zeroinit  mc_w.l(handlers.o)
    0x0800398a   0x0800398a   0x0000002e   Code   RO         2919    i.main              main.o
    0x080039b8   0x080039b8   0x0000002c   Code   RO         2552    i.usrUSBReceiveBufLen  usb_endp.o
    0x080039e4   0x080039e4   0x0000004c   Code   RO         2553    i.usrUSBReceiveData  usb_endp.o
    0x08003a30   0x08003a30   0x0000003c   Code   RO         2556    i.usrUSBSendData    usb_endp.o
    0x08003a6c   0x08003a6c   0x000000e8   Data   RO         2641    .constdata          usb_desc.o
    0x08003b54   0x08003b54   0x00000046   Data   RO         3203    .constdata          spi.o
    0x08003b9a   0x08003b9a   0x00000002   PAD
    0x08003b9c   0x08003b9c   0x00000020   Data   RO         3440    Region$$Table       anon$$obj.o


    Execution Region RW_IRAM1 (Exec base: 0x20000000, Load base: 0x08003bbc, Size: 0x00000b30, Max: 0x00010000, ABSOLUTE, COMPRESSED[0x000000e4])

    Exec Addr    Load Addr    Size         Type   Attr      Idx    E Section Name        Object

    0x20000000   COMPRESSED   0x00000004   Data   RW          554    .data               usb_int.o
    0x20000004   COMPRESSED   0x00000009   Data   RW          613    .data               usb_core.o
    0x2000000d   COMPRESSED   0x00000003   PAD
    0x20000010   COMPRESSED   0x00000014   Data   RW          757    .data               usb_init.o
    0x20000024   COMPRESSED   0x000000a0   Data   RW         2415    .data               usb_prop.o
    0x200000c4   COMPRESSED   0x0000021c   Data   RW         2557    .data               usb_endp.o
    0x200002e0   COMPRESSED   0x0000001a   Data   RW         2642    .data               usb_desc.o
    0x200002fa   COMPRESSED   0x00000002   PAD
    0x200002fc   COMPRESSED   0x00000044   Data   RW         2760    .data               usb_istr.o
    0x20000340   COMPRESSED   0x0000000c   Data   RW         2795    .data               usb_pwr.o
    0x2000034c   COMPRESSED   0x00000010   Data   RW         2953    .data               mass_mal.o
    0x2000035c   COMPRESSED   0x00000024   Data   RW         3003    .data               memory.o
    0x20000380   COMPRESSED   0x0000007f   Data   RW         3039    .data               scsi_data.o
    0x200003ff   COMPRESSED   0x00000001   Data   RW         3082    .data               sd.o
    0x20000400   COMPRESSED   0x0000001e   Data   RW         3204    .data               spi.o
    0x2000041e   COMPRESSED   0x00000002   PAD
    0x20000420   COMPRESSED   0x0000000c   Data   RW         3257    .data               usb_bot.o
    0x2000042c        -       0x0000001c   Zero   RW          756    .bss                usb_init.o
    0x20000448        -       0x00000020   Zero   RW         2794    .bss                usb_pwr.o
    0x20000468        -       0x00000058   Zero   RW         2952    .bss                mass_mal.o
    0x200004c0        -       0x00000200   Zero   RW         3002    .bss                memory.o
    0x200006c0        -       0x00000070   Zero   RW         3256    .bss                usb_bot.o
    0x20000730        -       0x00000400   Zero   RW          787    STACK               startup_stm32f10x_hd.o


==============================================================================

Image component sizes


      Code (inc. data)   RO Data    RW Data    ZI Data      Debug   Object Name

       318         22          0          0          0       4553   hw_config.o
        46          0          0          0          0        607   main.o
       292         30          0         16         88       6269   mass_mal.o
       556         80          0         36        512       2972   memory.o
       132         22          0          0          0       1887   misc.o
         0          0          0        127          0       1146   scsi_data.o
      1922         22          0          1          0      12789   sd.o
       524         38         70         30          0       4086   spi.o
        36          8        304          0       1024        852   startup_stm32f10x_hd.o
        54          0          0          0          0       5802   stm32_it.o
        12          6          0          0          0        629   stm32f10x_exti.o
       430          6          0          0          0       4434   stm32f10x_gpio.o
        76         18          0          0          0       1977   stm32f10x_rcc.o
       112          0          0          0          0       4498   stm32f10x_spi.o
       328         28          0          0          0       2113   system_stm32f10x.o
      1172        110          0         12        112       4899   usb_bot.o
      3102        294          0          9          0      16615   usb_core.o
         0          0        232         26          0       1244   usb_desc.o
       516         44          0        540          0       6818   usb_endp.o
        60         24          0         20         28       4502   usb_init.o
       848         58          0          4          0       2677   usb_int.o
       464         38          0         68          0       1755   usb_istr.o
        96         10          0          0          0       2092   usb_mem.o
       928        154          0        160          0      15719   usb_prop.o
       464         50          0         12         32       3848   usb_pwr.o
       748        112          0          0          0      12837   usb_regs.o
      1094        130          0          0          0      10315   usb_scsi.o
       128          8          0          0          0     232758   usb_sil.o

    ----------------------------------------------------------------------
     14480       1312        640       1068       1796     370693   Object Totals
         0          0         32          0          0          0   (incl. Generated)
        22          0          2          7          0          0   (incl. Padding)

    ----------------------------------------------------------------------

      Code (inc. data)   RO Data    RW Data    ZI Data      Debug   Library Member Name

        86          0          0          0          0          0   __dczerorl2.o
         0          0          0          0          0          0   entry.o
         0          0          0          0          0          0   entry10a.o
         0          0          0          0          0          0   entry11a.o
         8          4          0          0          0          0   entry2.o
         4          0          0          0          0          0   entry5.o
         0          0          0          0          0          0   entry7b.o
         0          0          0          0          0          0   entry8b.o
         8          4          0          0          0          0   entry9a.o
        30          0          0          0          0          0   handlers.o
        36          8          0          0          0         68   init.o

    ----------------------------------------------------------------------
       172         16          0          0          0         68   Library Totals
         0          0          0          0          0          0   (incl. Padding)

    ----------------------------------------------------------------------

      Code (inc. data)   RO Data    RW Data    ZI Data      Debug   Library Name

       172         16          0          0          0         68   mc_w.l

    ----------------------------------------------------------------------
       172         16          0          0          0         68   Library Totals

    ----------------------------------------------------------------------

==============================================================================


      Code (inc. data)   RO Data    RW Data    ZI Data      Debug   

     14652       1328        640       1068       1796     362621   Grand Totals
     14652       1328        640        228       1796     362621   ELF Image Totals (compressed)
     14652       1328        640        228          0          0   ROM Totals

==============================================================================

    Total RO  Size (Code + RO Data)                15292 (  14.93kB)
    Total RW  Size (RW Data + ZI Data)              2864 (   2.80kB)
    Total ROM Size (Code + RO Data + RW Data)      15520 (  15.16kB)

==============================================================================

