Component: ARM Compiler 5.06 update 6 (build 750) Tool: armlink [4d35ed]

==============================================================================

Section Cross References

    usb_sil.o(i.USB_SIL_Init) refers to usb_init.o(.data) for wInterrupt_Mask
    usb_sil.o(i.USB_SIL_Read) refers to usb_regs.o(i.GetEPRxCount) for GetEPRxCount
    usb_sil.o(i.USB_SIL_Read) refers to usb_regs.o(i.GetEPRxAddr) for GetEPRxAddr
    usb_sil.o(i.USB_SIL_Read) refers to usb_mem.o(i.PMAToUserBufferCopy) for PMAToUserBufferCopy
    usb_sil.o(i.USB_SIL_Write) refers to usb_regs.o(i.GetEPTxAddr) for GetEPTxAddr
    usb_sil.o(i.USB_SIL_Write) refers to usb_mem.o(i.UserToPMABufferCopy) for UserToPMABufferCopy
    usb_sil.o(i.USB_SIL_Write) refers to usb_regs.o(i.SetEPTxCount) for SetEPTxCount
    usb_regs.o(i.SetDouBleBuffEPStall) refers to usb_regs.o(i.GetENDPOINT) for GetENDPOINT
    usb_int.o(i.CTR_HP) refers to usb_istr.o(.data) for wIstr
    usb_int.o(i.CTR_HP) refers to usb_init.o(.data) for EPindex
    usb_int.o(i.CTR_LP) refers to usb_core.o(i.In0_Process) for In0_Process
    usb_int.o(i.CTR_LP) refers to usb_core.o(i.Setup0_Process) for Setup0_Process
    usb_int.o(i.CTR_LP) refers to usb_core.o(i.Out0_Process) for Out0_Process
    usb_int.o(i.CTR_LP) refers to usb_istr.o(.data) for wIstr
    usb_int.o(i.CTR_LP) refers to usb_init.o(.data) for EPindex
    usb_int.o(i.CTR_LP) refers to usb_int.o(.data) for SaveRState
    usb_core.o(i.DataStageIn) refers to usb_regs.o(i.GetEPTxAddr) for GetEPTxAddr
    usb_core.o(i.DataStageIn) refers to usb_mem.o(i.UserToPMABufferCopy) for UserToPMABufferCopy
    usb_core.o(i.DataStageIn) refers to usb_regs.o(i.SetEPTxCount) for SetEPTxCount
    usb_core.o(i.DataStageIn) refers to usb_init.o(.data) for pInformation
    usb_core.o(i.DataStageIn) refers to usb_core.o(.data) for Data_Mul_MaxPacketSize
    usb_core.o(i.DataStageIn) refers to usb_int.o(.data) for SaveTState
    usb_core.o(i.DataStageOut) refers to usb_regs.o(i.GetEPRxAddr) for GetEPRxAddr
    usb_core.o(i.DataStageOut) refers to usb_mem.o(i.PMAToUserBufferCopy) for PMAToUserBufferCopy
    usb_core.o(i.DataStageOut) refers to usb_regs.o(i.SetEPTxCount) for SetEPTxCount
    usb_core.o(i.DataStageOut) refers to usb_init.o(.data) for pInformation
    usb_core.o(i.DataStageOut) refers to usb_int.o(.data) for SaveRState
    usb_core.o(i.Data_Setup0) refers to usb_core.o(i.DataStageIn) for DataStageIn
    usb_core.o(i.Data_Setup0) refers to usb_init.o(.data) for pInformation
    usb_core.o(i.Data_Setup0) refers to usb_core.o(i.Standard_GetStatus) for Standard_GetStatus
    usb_core.o(i.Data_Setup0) refers to usb_prop.o(.data) for Device_Table
    usb_core.o(i.Data_Setup0) refers to usb_core.o(i.Standard_GetConfiguration) for Standard_GetConfiguration
    usb_core.o(i.Data_Setup0) refers to usb_core.o(i.Standard_GetInterface) for Standard_GetInterface
    usb_core.o(i.Data_Setup0) refers to usb_core.o(.data) for Data_Mul_MaxPacketSize
    usb_core.o(i.Data_Setup0) refers to usb_int.o(.data) for SaveRState
    usb_core.o(i.In0_Process) refers to usb_core.o(i.DataStageIn) for DataStageIn
    usb_core.o(i.In0_Process) refers to usb_core.o(i.SetDeviceAddress) for SetDeviceAddress
    usb_core.o(i.In0_Process) refers to usb_core.o(i.Post0_Process) for Post0_Process
    usb_core.o(i.In0_Process) refers to usb_init.o(.data) for pInformation
    usb_core.o(i.NoData_Setup0) refers to usb_core.o(i.Standard_SetConfiguration) for Standard_SetConfiguration
    usb_core.o(i.NoData_Setup0) refers to usb_core.o(i.Standard_SetDeviceFeature) for Standard_SetDeviceFeature
    usb_core.o(i.NoData_Setup0) refers to usb_core.o(i.Standard_ClearFeature) for Standard_ClearFeature
    usb_core.o(i.NoData_Setup0) refers to usb_core.o(i.Standard_SetInterface) for Standard_SetInterface
    usb_core.o(i.NoData_Setup0) refers to usb_core.o(i.Standard_SetEndPointFeature) for Standard_SetEndPointFeature
    usb_core.o(i.NoData_Setup0) refers to usb_init.o(.data) for pInformation
    usb_core.o(i.NoData_Setup0) refers to usb_core.o(.data) for DevRemoteWakeup
    usb_core.o(i.NoData_Setup0) refers to usb_int.o(.data) for SaveTState
    usb_core.o(i.Out0_Process) refers to usb_core.o(i.DataStageOut) for DataStageOut
    usb_core.o(i.Out0_Process) refers to usb_core.o(i.Post0_Process) for Post0_Process
    usb_core.o(i.Out0_Process) refers to usb_init.o(.data) for pInformation
    usb_core.o(i.Post0_Process) refers to usb_regs.o(i.SetEPRxCount) for SetEPRxCount
    usb_core.o(i.Post0_Process) refers to usb_prop.o(.data) for Device_Property
    usb_core.o(i.Post0_Process) refers to usb_init.o(.data) for pInformation
    usb_core.o(i.Post0_Process) refers to usb_int.o(.data) for SaveRState
    usb_core.o(i.SetDeviceAddress) refers to usb_prop.o(.data) for Device_Table
    usb_core.o(i.Setup0_Process) refers to usb_regs.o(i.ByteSwap) for ByteSwap
[...]
    usb_prop.o(i.Virtual_Com_Port_init) refers to hw_config.o(i.Get_SerialNum) for Get_SerialNum
    usb_prop.o(i.Virtual_Com_Port_init) refers to usb_pwr.o(i.PowerOn) for PowerOn
    usb_prop.o(i.Virtual_Com_Port_init) refers to usb_sil.o(i.USB_SIL_Init) for USB_SIL_Init
    usb_prop.o(i.Virtual_Com_Port_init) refers to usb_init.o(.data) for pInformation
    usb_prop.o(i.Virtual_Com_Port_init) refers to usb_pwr.o(.data) for bDeviceState
    usb_prop.o(.data) refers to usb_prop.o(i.Virtual_Com_Port_init) for Virtual_Com_Port_init
    usb_prop.o(.data) refers to usb_prop.o(i.Virtual_Com_Port_Reset) for Virtual_Com_Port_Reset
    usb_prop.o(.data) refers to usb_prop.o(i.Virtual_Com_Port_Status_In) for Virtual_Com_Port_Status_In
    usb_prop.o(.data) refers to usb_prop.o(i.Virtual_Com_Port_Status_Out) for Virtual_Com_Port_Status_Out
    usb_prop.o(.data) refers to usb_prop.o(i.Virtual_Com_Port_Data_Setup) for Virtual_Com_Port_Data_Setup
    usb_prop.o(.data) refers to usb_prop.o(i.Virtual_Com_Port_NoData_Setup) for Virtual_Com_Port_NoData_Setup
    usb_prop.o(.data) refers to usb_prop.o(i.Virtual_Com_Port_Get_Interface_Setting) for Virtual_Com_Port_Get_Interface_Setting
    usb_prop.o(.data) refers to usb_prop.o(i.Virtual_Com_Port_GetDeviceDescriptor) for Virtual_Com_Port_GetDeviceDescriptor
    usb_prop.o(.data) refers to usb_prop.o(i.Virtual_Com_Port_GetConfigDescriptor) for Virtual_Com_Port_GetConfigDescriptor
    usb_prop.o(.data) refers to usb_prop.o(i.Virtual_Com_Port_GetStringDescriptor) for Virtual_Com_Port_GetStringDescriptor
    usb_prop.o(.data) refers to usb_core.o(i.NOP_Process) for NOP_Process
    usb_prop.o(.data) refers to usb_prop.o(i.Virtual_Com_Port_SetConfiguration) for Virtual_Com_Port_SetConfiguration
    usb_prop.o(.data) refers to usb_prop.o(i.Virtual_Com_Port_SetDeviceAddress) for Virtual_Com_Port_SetDeviceAddress
    usb_prop.o(.data) refers to usb_desc.o(.constdata) for Virtual_Com_Port_DeviceDescriptor
    usb_prop.o(.data) refers to usb_desc.o(.data) for Virtual_Com_Port_StringSerial
    usb_endp.o(i.EP3_IN_Callback) refers to usb_endp.o(i.VCP_IN_Callback) for VCP_IN_Callback
    usb_endp.o(i.EP3_OUT_Callback) refers to usb_endp.o(i.VCP_OUT_Callback) for VCP_OUT_Callback
    usb_endp.o(i.SOF_Callback) refers to usb_endp.o(i.VCP_IN_Callback) for VCP_IN_Callback
    usb_endp.o(i.SOF_Callback) refers to usb_pwr.o(.data) for bDeviceState
    usb_endp.o(i.SOF_Callback) refers to usb_endp.o(.data) for FrameCount
    usb_endp.o(i.VCP_IN_Callback) refers to usb_regs.o(i.SetEPTxCount) for SetEPTxCount
    usb_endp.o(i.VCP_IN_Callback) refers to usb_regs.o(i.SetEPTxValid) for SetEPTxValid
    usb_endp.o(i.VCP_IN_Callback) refers to usb_endp.o(.data) for usrSend
    usb_endp.o(i.VCP_OUT_Callback) refers to usb_regs.o(i.GetEPRxCount) for GetEPRxCount
    usb_endp.o(i.VCP_OUT_Callback) refers to usb_regs.o(i.SetEPRxValid) for SetEPRxValid
    usb_endp.o(i.VCP_OUT_Callback) refers to usb_endp.o(.data) for usrReceive
    usb_endp.o(i.usrUSBReceiveBufLen) refers to usb_endp.o(.data) for usrReceive
    usb_endp.o(i.usrUSBReceiveData) refers to usb_endp.o(i.usrUSBReceiveBufLen) for usrUSBReceiveBufLen
    usb_endp.o(i.usrUSBReceiveData) refers to usb_endp.o(.data) for usrReceive
    usb_endp.o(i.usrUSBReceiveOneData) refers to usb_endp.o(.data) for usrSend
    usb_endp.o(i.usrUSBSendBufLen) refers to usb_endp.o(.data) for usrSend
    usb_endp.o(i.usrUSBSendData) refers to usb_endp.o(.data) for usrSend
    stm32_it.o(i.USBWakeUp_IRQHandler) refers to stm32f10x_exti.o(i.EXTI_ClearITPendingBit) for EXTI_ClearITPendingBit
    stm32_it.o(i.USB_LP_CAN1_RX0_IRQHandler) refers to usb_istr.o(i.USB_Istr) for USB_Istr
    usb_istr.o(i.USB_Istr) refers to usb_endp.o(i.SOF_Callback) for SOF_Callback
    usb_istr.o(i.USB_Istr) refers to usb_int.o(i.CTR_LP) for CTR_LP
    usb_istr.o(i.USB_Istr) refers to usb_pwr.o(i.Resume) for Resume
    usb_istr.o(i.USB_Istr) refers to usb_pwr.o(i.Suspend) for Suspend
    usb_istr.o(i.USB_Istr) refers to usb_istr.o(.data) for wIstr
    usb_istr.o(i.USB_Istr) refers to usb_init.o(.data) for wInterrupt_Mask
    usb_istr.o(i.USB_Istr) refers to usb_prop.o(.data) for Device_Property
    usb_istr.o(i.USB_Istr) refers to usb_pwr.o(.data) for fSuspendEnabled
    usb_istr.o(.data) refers to usb_core.o(i.NOP_Process) for NOP_Process
    usb_istr.o(.data) refers to usb_endp.o(i.EP3_IN_Callback) for EP3_IN_Callback
    usb_istr.o(.data) refers to usb_endp.o(i.EP3_OUT_Callback) for EP3_OUT_Callback
    usb_pwr.o(i.PowerOff) refers to hw_config.o(i.USB_Cable_Config) for USB_Cable_Config
    usb_pwr.o(i.PowerOn) refers to hw_config.o(i.USB_Cable_Config) for USB_Cable_Config
    usb_pwr.o(i.PowerOn) refers to usb_regs.o(i.SetISTR) for SetISTR
    usb_pwr.o(i.PowerOn) refers to usb_init.o(.data) for wInterrupt_Mask
    usb_pwr.o(i.Resume) refers to usb_pwr.o(i.Resume_Init) for Resume_Init
    usb_pwr.o(i.Resume) refers to usb_pwr.o(.data) for ResumeS
    usb_pwr.o(i.Suspend) refers to usb_pwr.o(.bss) for EP
    hw_config.o(i.Get_SerialNum) refers to hw_config.o(i.IntToUnicode) for IntToUnicode
    hw_config.o(i.Get_SerialNum) refers to usb_desc.o(.data) for Virtual_Com_Port_StringSerial
    hw_config.o(i.Leave_LowPowerMode) refers to system_stm32f10x.o(i.SystemInit) for SystemInit
    hw_config.o(i.Leave_LowPowerMode) refers to usb_init.o(.bss) for Device_Info
    hw_config.o(i.Leave_LowPowerMode) refers to usb_pwr.o(.data) for bDeviceState
    hw_config.o(i.Set_System) refers to stm32f10x_rcc.o(i.RCC_APB2PeriphClockCmd) for RCC_APB2PeriphClockCmd
    hw_config.o(i.Set_System) refers to stm32f10x_gpio.o(i.GPIO_Init) for GPIO_Init
    hw_config.o(i.Set_USBClock) refers to stm32f10x_rcc.o(i.RCC_USBCLKConfig) for RCC_USBCLKConfig
    hw_config.o(i.Set_USBClock) refers to stm32f10x_rcc.o(i.RCC_APB1PeriphClockCmd) for RCC_APB1PeriphClockCmd
    hw_config.o(i.USB_Cable_Config) refers to stm32f10x_gpio.o(i.GPIO_ResetBits) for GPIO_ResetBits
    hw_config.o(i.USB_Cable_Config) refers to stm32f10x_gpio.o(i.GPIO_SetBits) for GPIO_SetBits
    hw_config.o(i.USB_Interrupts_Config) refers to misc.o(i.NVIC_PriorityGroupConfig) for NVIC_PriorityGroupConfig
    hw_config.o(i.USB_Interrupts_Config) refers to misc.o(i.NVIC_Init) for NVIC_Init
    main.o(i.main) refers to hw_config.o(i.Set_System) for Set_System
    main.o(i.main) refers to hw_config.o(i.Set_USBClock) for Set_USBClock
    main.o(i.main) refers to hw_config.o(i.USB_Interrupts_Config) for USB_Interrupts_Config
    main.o(i.main) refers to usb_init.o(i.USB_Init) for USB_Init
    main.o(i.main) refers to usb_endp.o(i.usrUSBReceiveData) for usrUSBReceiveData
    main.o(i.main) refers to usb_endp.o(i.usrUSBSendData) for usrUSBSendData
    entry.o(.ARM.Collect$$$$00000000) refers (Special) to entry10a.o(.ARM.Collect$$$$0000000D) for __rt_final_cpp
    entry.o(.ARM.Collect$$$$00000000) refers (Special) to entry11a.o(.ARM.Collect$$$$0000000F) for __rt_final_exit
    entry.o(.ARM.Collect$$$$00000000) refers (Special) to entry7b.o(.ARM.Collect$$$$00000008) for _main_clock
    entry.o(.ARM.Collect$$$$00000000) refers (Special) to entry8b.o(.ARM.Collect$$$$0000000A) for _main_cpp_init
    entry.o(.ARM.Collect$$$$00000000) refers (Special) to entry9a.o(.ARM.Collect$$$$0000000B) for _main_init
    entry.o(.ARM.Collect$$$$00000000) refers (Special) to entry5.o(.ARM.Collect$$$$00000004) for _main_scatterload
    entry.o(.ARM.Collect$$$$00000000) refers (Special) to entry2.o(.ARM.Collect$$$$00000001) for _main_stk
    entry2.o(.ARM.Collect$$$$00000001) refers to entry2.o(.ARM.Collect$$$$00002712) for __lit__00000000
    entry2.o(.ARM.Collect$$$$00002712) refers to startup_stm32f10x_hd.o(STACK) for __initial_sp
    entry2.o(__vectab_stack_and_reset_area) refers to startup_stm32f10x_hd.o(STACK) for __initial_sp
    entry2.o(__vectab_stack_and_reset_area) refers to entry.o(.ARM.Collect$$$$00000000) for __main
    entry5.o(.ARM.Collect$$$$00000004) refers to init.o(.text) for __scatterload
    entry9a.o(.ARM.Collect$$$$0000000B) refers to main.o(i.main) for main
    entry9b.o(.ARM.Collect$$$$0000000C) refers to main.o(i.main) for main
    init.o(.text) refers to entry5.o(.ARM.Collect$$$$00000004) for __main_after_scatterload


==============================================================================

Removing Unused input sections from the image.

    Removing usb_sil.o(.rev16_text), (4 bytes).
    Removing usb_sil.o(.revsh_text), (4 bytes).
    Removing usb_sil.o(.rrx_text), (6 bytes).
    Removing usb_sil.o(i.USB_SIL_Read), (46 bytes).
    Removing usb_sil.o(i.USB_SIL_Write), (46 bytes).
    Removing usb_regs.o(.rev16_text), (4 bytes).
    Removing usb_regs.o(.revsh_text), (4 bytes).
    Removing usb_regs.o(.rrx_text), (6 bytes).
    Removing usb_regs.o(i.ClearEPDoubleBuff), (40 bytes).
    Removing usb_regs.o(i.ClearEP_CTR_RX), (36 bytes).
    Removing usb_regs.o(i.ClearEP_CTR_TX), (32 bytes).
    Removing usb_regs.o(i.ClearEP_KIND), (40 bytes).
    Removing usb_regs.o(i.FreeUserBuffer), (84 bytes).
    Removing usb_regs.o(i.GetBTABLE), (12 bytes).
    Removing usb_regs.o(i.GetCNTR), (12 bytes).
    Removing usb_regs.o(i.GetDADDR), (12 bytes).
    Removing usb_regs.o(i.GetENDPOINT), (20 bytes).
    Removing usb_regs.o(i.GetEPAddress), (24 bytes).
    Removing usb_regs.o(i.GetEPDblBuf0Addr), (32 bytes).
    Removing usb_regs.o(i.GetEPDblBuf0Count), (36 bytes).
    Removing usb_regs.o(i.GetEPDblBuf1Addr), (32 bytes).
    Removing usb_regs.o(i.GetEPDblBuf1Count), (36 bytes).
    Removing usb_regs.o(i.GetEPDblBufDir), (72 bytes).
    Removing usb_regs.o(i.GetEPRxStatus), (24 bytes).
    Removing usb_regs.o(i.GetEPTxCount), (36 bytes).
    Removing usb_regs.o(i.GetEPTxStatus), (24 bytes).
    Removing usb_regs.o(i.GetEPType), (24 bytes).
    Removing usb_regs.o(i.GetFNR), (12 bytes).
    Removing usb_regs.o(i.GetISTR), (12 bytes).
    Removing usb_regs.o(i.GetRxStallStatus), (36 bytes).
    Removing usb_regs.o(i.GetTxStallStatus), (32 bytes).
    Removing usb_regs.o(i.SetCNTR), (12 bytes).
    Removing usb_regs.o(i.SetDADDR), (12 bytes).
    Removing usb_regs.o(i.SetDouBleBuffEPStall), (60 bytes).
    Removing usb_regs.o(i.SetENDPOINT), (16 bytes).
    Removing usb_regs.o(i.SetEPAddress), (44 bytes).
    Removing usb_regs.o(i.SetEPCountRxReg), (48 bytes).
    Removing usb_regs.o(i.SetEPDblBuf0Addr), (32 bytes).
    Removing usb_regs.o(i.SetEPDblBuf0Count), (104 bytes).
    Removing usb_regs.o(i.SetEPDblBuf1Addr), (36 bytes).
    Removing usb_regs.o(i.SetEPDblBuf1Count), (104 bytes).
    Removing usb_regs.o(i.SetEPDblBuffAddr), (52 bytes).
    Removing usb_regs.o(i.SetEPDblBuffCount), (196 bytes).
    Removing usb_regs.o(i.SetEPDoubleBuff), (44 bytes).
    Removing usb_regs.o(i.SetEP_KIND), (44 bytes).
    Removing usb_regs.o(i.Set_Status_Out), (44 bytes).
    Removing usb_regs.o(i.ToWord), (8 bytes).
    Removing usb_regs.o(i.ToggleDTOG_RX), (40 bytes).
    Removing usb_regs.o(i.ToggleDTOG_TX), (40 bytes).
    Removing usb_int.o(.rev16_text), (4 bytes).
    Removing usb_int.o(.revsh_text), (4 bytes).
    Removing usb_int.o(.rrx_text), (6 bytes).
    Removing usb_int.o(i.CTR_HP), (200 bytes).
    Removing usb_core.o(.rev16_text), (4 bytes).
    Removing usb_core.o(.revsh_text), (4 bytes).
    Removing usb_core.o(.rrx_text), (6 bytes).
    Removing usb_mem.o(.rev16_text), (4 bytes).
    Removing usb_mem.o(.revsh_text), (4 bytes).
    Removing usb_mem.o(.rrx_text), (6 bytes).
    Removing usb_init.o(.rev16_text), (4 bytes).
    Removing usb_init.o(.revsh_text), (4 bytes).
    Removing usb_init.o(.rrx_text), (6 bytes).
    Removing startup_stm32f10x_hd.o(HEAP), (512 bytes).
    Removing system_stm32f10x.o(.rev16_text), (4 bytes).
    Removing system_stm32f10x.o(.revsh_text), (4 bytes).
    Removing system_stm32f10x.o(.rrx_text), (6 bytes).
    Removing system_stm32f10x.o(i.SystemCoreClockUpdate), (164 bytes).
    Removing system_stm32f10x.o(.data), (20 bytes).
    Removing stm32f10x_rcc.o(.rev16_text), (4 bytes).
    Removing stm32f10x_rcc.o(.revsh_text), (4 bytes).
    Removing stm32f10x_rcc.o(.rrx_text), (6 bytes).
    Removing stm32f10x_rcc.o(i.RCC_ADCCLKConfig), (24 bytes).
    Removing stm32f10x_rcc.o(i.RCC_AHBPeriphClockCmd), (32 bytes).
    Removing stm32f10x_rcc.o(i.RCC_APB1PeriphResetCmd), (32 bytes).
    Removing stm32f10x_rcc.o(i.RCC_APB2PeriphResetCmd), (32 bytes).
    Removing stm32f10x_rcc.o(i.RCC_AdjustHSICalibrationValue), (24 bytes).
    Removing stm32f10x_rcc.o(i.RCC_BackupResetCmd), (12 bytes).
    Removing stm32f10x_rcc.o(i.RCC_ClearFlag), (20 bytes).
    Removing stm32f10x_rcc.o(i.RCC_ClearITPendingBit), (12 bytes).
    Removing stm32f10x_rcc.o(i.RCC_ClockSecuritySystemCmd), (12 bytes).
    Removing stm32f10x_rcc.o(i.RCC_DeInit), (76 bytes).
    Removing stm32f10x_rcc.o(i.RCC_GetClocksFreq), (212 bytes).
    Removing stm32f10x_rcc.o(i.RCC_GetFlagStatus), (60 bytes).
    Removing stm32f10x_rcc.o(i.RCC_GetITStatus), (24 bytes).
    Removing stm32f10x_rcc.o(i.RCC_GetSYSCLKSource), (16 bytes).
    Removing stm32f10x_rcc.o(i.RCC_HCLKConfig), (24 bytes).
    Removing stm32f10x_rcc.o(i.RCC_HSEConfig), (76 bytes).
    Removing stm32f10x_rcc.o(i.RCC_HSICmd), (12 bytes).
    Removing stm32f10x_rcc.o(i.RCC_ITConfig), (32 bytes).
    Removing stm32f10x_rcc.o(i.RCC_LSEConfig), (52 bytes).
    Removing stm32f10x_rcc.o(i.RCC_LSICmd), (12 bytes).
    Removing stm32f10x_rcc.o(i.RCC_MCOConfig), (12 bytes).
    Removing stm32f10x_rcc.o(i.RCC_PCLK1Config), (24 bytes).
    Removing stm32f10x_rcc.o(i.RCC_PCLK2Config), (24 bytes).
    Removing stm32f10x_rcc.o(i.RCC_PLLCmd), (12 bytes).
    Removing stm32f10x_rcc.o(i.RCC_PLLConfig), (28 bytes).
    Removing stm32f10x_rcc.o(i.RCC_RTCCLKCmd), (12 bytes).
    Removing stm32f10x_rcc.o(i.RCC_RTCCLKConfig), (16 bytes).
    Removing stm32f10x_rcc.o(i.RCC_SYSCLKConfig), (24 bytes).
    Removing stm32f10x_rcc.o(i.RCC_WaitForHSEStartUp), (56 bytes).
    Removing stm32f10x_rcc.o(.data), (20 bytes).
    Removing stm32f10x_i2c.o(.rev16_text), (4 bytes).
    Removing stm32f10x_i2c.o(.revsh_text), (4 bytes).
    Removing stm32f10x_i2c.o(.rrx_text), (6 bytes).
    Removing stm32f10x_i2c.o(i.I2C_ARPCmd), (24 bytes).
    Removing stm32f10x_i2c.o(i.I2C_AcknowledgeConfig), (24 bytes).
    Removing stm32f10x_i2c.o(i.I2C_CalculatePEC), (24 bytes).
    Removing stm32f10x_i2c.o(i.I2C_CheckEvent), (42 bytes).
    Removing stm32f10x_i2c.o(i.I2C_ClearFlag), (12 bytes).
    Removing stm32f10x_i2c.o(i.I2C_ClearITPendingBit), (12 bytes).
    Removing stm32f10x_i2c.o(i.I2C_Cmd), (24 bytes).
    Removing stm32f10x_i2c.o(i.I2C_DMACmd), (24 bytes).
    Removing stm32f10x_i2c.o(i.I2C_DMALastTransferCmd), (24 bytes).
    Removing stm32f10x_i2c.o(i.I2C_DeInit), (56 bytes).
    Removing stm32f10x_i2c.o(i.I2C_DualAddressCmd), (24 bytes).
    Removing stm32f10x_i2c.o(i.I2C_FastModeDutyCycleConfig), (28 bytes).
    Removing stm32f10x_i2c.o(i.I2C_GeneralCallCmd), (24 bytes).
    Removing stm32f10x_i2c.o(i.I2C_GenerateSTART), (24 bytes).
    Removing stm32f10x_i2c.o(i.I2C_GenerateSTOP), (24 bytes).
    Removing stm32f10x_i2c.o(i.I2C_GetFlagStatus), (58 bytes).
    Removing stm32f10x_i2c.o(i.I2C_GetITStatus), (38 bytes).
    Removing stm32f10x_i2c.o(i.I2C_GetLastEvent), (26 bytes).
    Removing stm32f10x_i2c.o(i.I2C_GetPEC), (8 bytes).
    Removing stm32f10x_i2c.o(i.I2C_ITConfig), (18 bytes).
    Removing stm32f10x_i2c.o(i.I2C_Init), (236 bytes).
    Removing stm32f10x_i2c.o(i.I2C_NACKPositionConfig), (28 bytes).
    Removing stm32f10x_i2c.o(i.I2C_OwnAddress2Config), (22 bytes).
    Removing stm32f10x_i2c.o(i.I2C_PECPositionConfig), (28 bytes).
    Removing stm32f10x_i2c.o(i.I2C_ReadRegister), (22 bytes).
    Removing stm32f10x_i2c.o(i.I2C_ReceiveData), (8 bytes).
    Removing stm32f10x_i2c.o(i.I2C_SMBusAlertConfig), (28 bytes).
    Removing stm32f10x_i2c.o(i.I2C_Send7bitAddress), (18 bytes).
    Removing stm32f10x_i2c.o(i.I2C_SendData), (4 bytes).
    Removing stm32f10x_i2c.o(i.I2C_SoftwareResetCmd), (22 bytes).
    Removing stm32f10x_i2c.o(i.I2C_StretchClockCmd), (24 bytes).
    Removing stm32f10x_i2c.o(i.I2C_StructInit), (30 bytes).
    Removing stm32f10x_i2c.o(i.I2C_TransmitPEC), (24 bytes).
    Removing stm32f10x_usart.o(.rev16_text), (4 bytes).
    Removing stm32f10x_usart.o(.revsh_text), (4 bytes).
    Removing stm32f10x_usart.o(.rrx_text), (6 bytes).
    Removing stm32f10x_usart.o(i.USART_ClearFlag), (18 bytes).
    Removing stm32f10x_usart.o(i.USART_ClearITPendingBit), (30 bytes).
    Removing stm32f10x_usart.o(i.USART_ClockInit), (34 bytes).
    Removing stm32f10x_usart.o(i.USART_ClockStructInit), (12 bytes).
    Removing stm32f10x_usart.o(i.USART_Cmd), (24 bytes).
    Removing stm32f10x_usart.o(i.USART_DMACmd), (18 bytes).
    Removing stm32f10x_usart.o(i.USART_DeInit), (156 bytes).
    Removing stm32f10x_usart.o(i.USART_GetFlagStatus), (26 bytes).
    Removing stm32f10x_usart.o(i.USART_GetITStatus), (84 bytes).
    Removing stm32f10x_usart.o(i.USART_HalfDuplexCmd), (24 bytes).
    Removing stm32f10x_usart.o(i.USART_ITConfig), (74 bytes).
    Removing stm32f10x_usart.o(i.USART_Init), (216 bytes).
    Removing stm32f10x_usart.o(i.USART_IrDACmd), (24 bytes).
    Removing stm32f10x_usart.o(i.USART_IrDAConfig), (18 bytes).
    Removing stm32f10x_usart.o(i.USART_LINBreakDetectLengthConfig), (18 bytes).
    Removing stm32f10x_usart.o(i.USART_LINCmd), (24 bytes).
    Removing stm32f10x_usart.o(i.USART_OneBitMethodCmd), (24 bytes).
    Removing stm32f10x_usart.o(i.USART_OverSampling8Cmd), (22 bytes).
    Removing stm32f10x_usart.o(i.USART_ReceiveData), (10 bytes).
    Removing stm32f10x_usart.o(i.USART_ReceiverWakeUpCmd), (24 bytes).
    Removing stm32f10x_usart.o(i.USART_SendBreak), (10 bytes).
    Removing stm32f10x_usart.o(i.USART_SendData), (8 bytes).
    Removing stm32f10x_usart.o(i.USART_SetAddress), (18 bytes).
    Removing stm32f10x_usart.o(i.USART_SetGuardTime), (16 bytes).
    Removing stm32f10x_usart.o(i.USART_SetPrescaler), (16 bytes).
    Removing stm32f10x_usart.o(i.USART_SmartCardCmd), (24 bytes).
    Removing stm32f10x_usart.o(i.USART_SmartCardNACKCmd), (24 bytes).
    Removing stm32f10x_usart.o(i.USART_StructInit), (24 bytes).
    Removing stm32f10x_usart.o(i.USART_WakeUpConfig), (18 bytes).
    Removing misc.o(.rev16_text), (4 bytes).
    Removing misc.o(.revsh_text), (4 bytes).
    Removing misc.o(.rrx_text), (6 bytes).
    Removing misc.o(i.NVIC_SetVectorTable), (20 bytes).
    Removing misc.o(i.NVIC_SystemLPConfig), (32 bytes).
    Removing misc.o(i.SysTick_CLKSourceConfig), (40 bytes).
    Removing stm32f10x_gpio.o(.rev16_text), (4 bytes).
    Removing stm32f10x_gpio.o(.revsh_text), (4 bytes).
    Removing stm32f10x_gpio.o(.rrx_text), (6 bytes).
    Removing stm32f10x_gpio.o(i.GPIO_AFIODeInit), (20 bytes).
    Removing stm32f10x_gpio.o(i.GPIO_DeInit), (200 bytes).
    Removing stm32f10x_gpio.o(i.GPIO_ETH_MediaInterfaceConfig), (12 bytes).
    Removing stm32f10x_gpio.o(i.GPIO_EXTILineConfig), (64 bytes).
    Removing stm32f10x_gpio.o(i.GPIO_EventOutputCmd), (12 bytes).
    Removing stm32f10x_gpio.o(i.GPIO_EventOutputConfig), (32 bytes).
    Removing stm32f10x_gpio.o(i.GPIO_PinLockConfig), (18 bytes).
    Removing stm32f10x_gpio.o(i.GPIO_PinRemapConfig), (144 bytes).
    Removing stm32f10x_gpio.o(i.GPIO_ReadInputData), (8 bytes).
    Removing stm32f10x_gpio.o(i.GPIO_ReadInputDataBit), (18 bytes).
    Removing stm32f10x_gpio.o(i.GPIO_ReadOutputData), (8 bytes).
    Removing stm32f10x_gpio.o(i.GPIO_ReadOutputDataBit), (18 bytes).
    Removing stm32f10x_gpio.o(i.GPIO_StructInit), (16 bytes).
    Removing stm32f10x_gpio.o(i.GPIO_Write), (4 bytes).
    Removing stm32f10x_gpio.o(i.GPIO_WriteBit), (10 bytes).
    Removing stm32f10x_pwr.o(.rev16_text), (4 bytes).
    Removing stm32f10x_pwr.o(.revsh_text), (4 bytes).
    Removing stm32f10x_pwr.o(.rrx_text), (6 bytes).
    Removing stm32f10x_pwr.o(i.PWR_BackupAccessCmd), (12 bytes).
    Removing stm32f10x_pwr.o(i.PWR_ClearFlag), (20 bytes).
    Removing stm32f10x_pwr.o(i.PWR_DeInit), (22 bytes).
    Removing stm32f10x_pwr.o(i.PWR_EnterSTANDBYMode), (52 bytes).
    Removing stm32f10x_pwr.o(i.PWR_EnterSTOPMode), (64 bytes).
    Removing stm32f10x_pwr.o(i.PWR_GetFlagStatus), (24 bytes).
    Removing stm32f10x_pwr.o(i.PWR_PVDCmd), (12 bytes).
    Removing stm32f10x_pwr.o(i.PWR_PVDLevelConfig), (24 bytes).
    Removing stm32f10x_pwr.o(i.PWR_WakeUpPinCmd), (12 bytes).
    Removing stm32f10x_exti.o(.rev16_text), (4 bytes).
    Removing stm32f10x_exti.o(.revsh_text), (4 bytes).
    Removing stm32f10x_exti.o(.rrx_text), (6 bytes).
    Removing stm32f10x_exti.o(i.EXTI_ClearFlag), (12 bytes).
    Removing stm32f10x_exti.o(i.EXTI_DeInit), (36 bytes).
    Removing stm32f10x_exti.o(i.EXTI_GenerateSWInterrupt), (16 bytes).
    Removing stm32f10x_exti.o(i.EXTI_GetFlagStatus), (24 bytes).
    Removing stm32f10x_exti.o(i.EXTI_GetITStatus), (40 bytes).
    Removing stm32f10x_exti.o(i.EXTI_Init), (148 bytes).
    Removing stm32f10x_exti.o(i.EXTI_StructInit), (16 bytes).
    Removing stm32f10x_flash.o(.rev16_text), (4 bytes).
    Removing stm32f10x_flash.o(.revsh_text), (4 bytes).
    Removing stm32f10x_flash.o(.rrx_text), (6 bytes).
    Removing stm32f10x_flash.o(i.FLASH_ClearFlag), (12 bytes).
    Removing stm32f10x_flash.o(i.FLASH_EnableWriteProtection), (196 bytes).
    Removing stm32f10x_flash.o(i.FLASH_EraseAllBank1Pages), (72 bytes).
    Removing stm32f10x_flash.o(i.FLASH_EraseAllPages), (72 bytes).
    Removing stm32f10x_flash.o(i.FLASH_EraseOptionBytes), (168 bytes).
    Removing stm32f10x_flash.o(i.FLASH_ErasePage), (76 bytes).
    Removing stm32f10x_flash.o(i.FLASH_GetBank1Status), (52 bytes).
    Removing stm32f10x_flash.o(i.FLASH_GetFlagStatus), (48 bytes).
    Removing stm32f10x_flash.o(i.FLASH_GetPrefetchBufferStatus), (24 bytes).
    Removing stm32f10x_flash.o(i.FLASH_GetReadOutProtectionStatus), (24 bytes).
    Removing stm32f10x_flash.o(i.FLASH_GetStatus), (52 bytes).
    Removing stm32f10x_flash.o(i.FLASH_GetUserOptionByte), (12 bytes).
    Removing stm32f10x_flash.o(i.FLASH_GetWriteProtectionOptionByte), (12 bytes).
    Removing stm32f10x_flash.o(i.FLASH_HalfCycleAccessCmd), (28 bytes).
    Removing stm32f10x_flash.o(i.FLASH_ITConfig), (32 bytes).
    Removing stm32f10x_flash.o(i.FLASH_Lock), (20 bytes).
    Removing stm32f10x_flash.o(i.FLASH_LockBank1), (20 bytes).
    Removing stm32f10x_flash.o(i.FLASH_PrefetchBufferCmd), (28 bytes).
    Removing stm32f10x_flash.o(i.FLASH_ProgramHalfWord), (64 bytes).
    Removing stm32f10x_flash.o(i.FLASH_ProgramOptionByteData), (84 bytes).
    Removing stm32f10x_flash.o(i.FLASH_ProgramWord), (108 bytes).
    Removing stm32f10x_flash.o(i.FLASH_ReadOutProtection), (172 bytes).
    Removing stm32f10x_flash.o(i.FLASH_SetLatency), (24 bytes).
    Removing stm32f10x_flash.o(i.FLASH_Unlock), (24 bytes).
    Removing stm32f10x_flash.o(i.FLASH_UnlockBank1), (24 bytes).
    Removing stm32f10x_flash.o(i.FLASH_UserOptionByteConfig), (104 bytes).
    Removing stm32f10x_flash.o(i.FLASH_WaitForLastBank1Operation), (38 bytes).
    Removing stm32f10x_flash.o(i.FLASH_WaitForLastOperation), (38 bytes).
    Removing stm32f10x_dma.o(.rev16_text), (4 bytes).
    Removing stm32f10x_dma.o(.revsh_text), (4 bytes).
    Removing stm32f10x_dma.o(.rrx_text), (6 bytes).
    Removing stm32f10x_dma.o(i.DMA_ClearFlag), (28 bytes).
    Removing stm32f10x_dma.o(i.DMA_ClearITPendingBit), (28 bytes).
    Removing stm32f10x_dma.o(i.DMA_Cmd), (24 bytes).
    Removing stm32f10x_dma.o(i.DMA_DeInit), (332 bytes).
    Removing stm32f10x_dma.o(i.DMA_GetCurrDataCounter), (8 bytes).
    Removing stm32f10x_dma.o(i.DMA_GetFlagStatus), (44 bytes).
    Removing stm32f10x_dma.o(i.DMA_GetITStatus), (44 bytes).
    Removing stm32f10x_dma.o(i.DMA_ITConfig), (18 bytes).
    Removing stm32f10x_dma.o(i.DMA_Init), (60 bytes).
    Removing stm32f10x_dma.o(i.DMA_SetCurrDataCounter), (4 bytes).
    Removing stm32f10x_dma.o(i.DMA_StructInit), (26 bytes).
    Removing stm32f10x_sdio.o(.rev16_text), (4 bytes).
    Removing stm32f10x_sdio.o(.revsh_text), (4 bytes).
    Removing stm32f10x_sdio.o(.rrx_text), (6 bytes).
    Removing stm32f10x_sdio.o(i.SDIO_CEATAITCmd), (16 bytes).
    Removing stm32f10x_sdio.o(i.SDIO_ClearFlag), (12 bytes).
    Removing stm32f10x_sdio.o(i.SDIO_ClearITPendingBit), (12 bytes).
    Removing stm32f10x_sdio.o(i.SDIO_ClockCmd), (12 bytes).
    Removing stm32f10x_sdio.o(i.SDIO_CmdStructInit), (14 bytes).
    Removing stm32f10x_sdio.o(i.SDIO_CommandCompletionCmd), (12 bytes).
    Removing stm32f10x_sdio.o(i.SDIO_DMACmd), (12 bytes).
    Removing stm32f10x_sdio.o(i.SDIO_DataConfig), (48 bytes).
    Removing stm32f10x_sdio.o(i.SDIO_DataStructInit), (20 bytes).
    Removing stm32f10x_sdio.o(i.SDIO_DeInit), (36 bytes).
    Removing stm32f10x_sdio.o(i.SDIO_GetCommandResponse), (12 bytes).
    Removing stm32f10x_sdio.o(i.SDIO_GetDataCounter), (12 bytes).
    Removing stm32f10x_sdio.o(i.SDIO_GetFIFOCount), (12 bytes).
    Removing stm32f10x_sdio.o(i.SDIO_GetFlagStatus), (24 bytes).
    Removing stm32f10x_sdio.o(i.SDIO_GetITStatus), (24 bytes).
    Removing stm32f10x_sdio.o(i.SDIO_GetPowerState), (16 bytes).
    Removing stm32f10x_sdio.o(i.SDIO_GetResponse), (24 bytes).
    Removing stm32f10x_sdio.o(i.SDIO_ITConfig), (32 bytes).
    Removing stm32f10x_sdio.o(i.SDIO_Init), (48 bytes).
    Removing stm32f10x_sdio.o(i.SDIO_ReadData), (12 bytes).
    Removing stm32f10x_sdio.o(i.SDIO_SendCEATACmd), (12 bytes).
    Removing stm32f10x_sdio.o(i.SDIO_SendCommand), (44 bytes).
    Removing stm32f10x_sdio.o(i.SDIO_SendSDIOSuspendCmd), (12 bytes).
    Removing stm32f10x_sdio.o(i.SDIO_SetPowerState), (12 bytes).
    Removing stm32f10x_sdio.o(i.SDIO_SetSDIOOperation), (12 bytes).
    Removing stm32f10x_sdio.o(i.SDIO_SetSDIOReadWaitMode), (12 bytes).
    Removing stm32f10x_sdio.o(i.SDIO_StartSDIOReadWait), (12 bytes).
    Removing stm32f10x_sdio.o(i.SDIO_StopSDIOReadWait), (12 bytes).
    Removing stm32f10x_sdio.o(i.SDIO_StructInit), (16 bytes).
    Removing stm32f10x_sdio.o(i.SDIO_WriteData), (12 bytes).
    Removing stm32f10x_spi.o(.rev16_text), (4 bytes).
    Removing stm32f10x_spi.o(.revsh_text), (4 bytes).
    Removing stm32f10x_spi.o(.rrx_text), (6 bytes).
    Removing stm32f10x_spi.o(i.I2S_Cmd), (24 bytes).
    Removing stm32f10x_spi.o(i.I2S_Init), (232 bytes).
    Removing stm32f10x_spi.o(i.I2S_StructInit), (20 bytes).
    Removing stm32f10x_spi.o(i.SPI_BiDirectionalLineConfig), (28 bytes).
    Removing stm32f10x_spi.o(i.SPI_CalculateCRC), (24 bytes).
    Removing stm32f10x_spi.o(i.SPI_Cmd), (24 bytes).
    Removing stm32f10x_spi.o(i.SPI_DataSizeConfig), (18 bytes).
    Removing stm32f10x_spi.o(i.SPI_GetCRC), (16 bytes).
    Removing stm32f10x_spi.o(i.SPI_GetCRCPolynomial), (6 bytes).
    Removing stm32f10x_spi.o(i.SPI_I2S_ClearFlag), (6 bytes).
    Removing stm32f10x_spi.o(i.SPI_I2S_ClearITPendingBit), (20 bytes).
    Removing stm32f10x_spi.o(i.SPI_I2S_DMACmd), (18 bytes).
    Removing stm32f10x_spi.o(i.SPI_I2S_DeInit), (88 bytes).
    Removing stm32f10x_spi.o(i.SPI_I2S_GetFlagStatus), (18 bytes).
    Removing stm32f10x_spi.o(i.SPI_I2S_GetITStatus), (52 bytes).
    Removing stm32f10x_spi.o(i.SPI_I2S_ITConfig), (32 bytes).
    Removing stm32f10x_spi.o(i.SPI_I2S_ReceiveData), (6 bytes).
    Removing stm32f10x_spi.o(i.SPI_I2S_SendData), (4 bytes).
    Removing stm32f10x_spi.o(i.SPI_Init), (60 bytes).
    Removing stm32f10x_spi.o(i.SPI_NSSInternalSoftwareConfig), (30 bytes).
    Removing stm32f10x_spi.o(i.SPI_SSOutputCmd), (24 bytes).
    Removing stm32f10x_spi.o(i.SPI_StructInit), (24 bytes).
    Removing stm32f10x_spi.o(i.SPI_TransmitCRC), (10 bytes).
    Removing usb_prop.o(.rev16_text), (4 bytes).
    Removing usb_prop.o(.revsh_text), (4 bytes).
    Removing usb_prop.o(.rrx_text), (6 bytes).
    Removing usb_endp.o(.rev16_text), (4 bytes).
    Removing usb_endp.o(.revsh_text), (4 bytes).
    Removing usb_endp.o(.rrx_text), (6 bytes).
    Removing usb_endp.o(i.usrUSBReceiveOneData), (44 bytes).
    Removing usb_endp.o(i.usrUSBSendBufLen), (44 bytes).
    Removing usb_desc.o(.rev16_text), (4 bytes).
    Removing usb_desc.o(.revsh_text), (4 bytes).
    Removing usb_desc.o(.rrx_text), (6 bytes).
    Removing stm32_it.o(.rev16_text), (4 bytes).
    Removing stm32_it.o(.revsh_text), (4 bytes).
    Removing stm32_it.o(.rrx_text), (6 bytes).
    Removing usb_istr.o(.rev16_text), (4 bytes).
    Removing usb_istr.o(.revsh_text), (4 bytes).
    Removing usb_istr.o(.rrx_text), (6 bytes).
    Removing usb_pwr.o(.rev16_text), (4 bytes).
    Removing usb_pwr.o(.revsh_text), (4 bytes).
    Removing usb_pwr.o(.rrx_text), (6 bytes).
    Removing usb_pwr.o(i.PowerOff), (32 bytes).
    Removing hw_config.o(.rev16_text), (4 bytes).
    Removing hw_config.o(.revsh_text), (4 bytes).
    Removing hw_config.o(.rrx_text), (6 bytes).
    Removing hw_config.o(i.Leave_LowPowerMode), (36 bytes).
    Removing hw_config.o(.bss), (64 bytes).
    Removing hw_config.o(.data), (16 bytes).
    Removing main.o(.rev16_text), (4 bytes).
    Removing main.o(.revsh_text), (4 bytes).
    Removing main.o(.rrx_text), (6 bytes).
    Removing main.o(.bss), (64 bytes).
    Removing main.o(.data), (8 bytes).

351 unused section(s) (total 11214 bytes) removed from the image.

==============================================================================

Image Symbol Table

    Local Symbols

    Symbol Name                              Value     Ov Type        Size  Object(Section)

    ../../../Libraries/STM32F10x_StdPeriph_Driver/src/misc.c 0x00000000   Number         0  misc.o ABSOLUTE
    ../../../Libraries/STM32F10x_StdPeriph_Driver/src/stm32f10x_exti.c 0x00000000   Number         0  stm32f10x_exti.o ABSOLUTE
    ../../../Libraries/STM32F10x_StdPeriph_Driver/src/stm32f10x_flash.c 0x00000000   Number         0  stm32f10x_flash.o ABSOLUTE
    ../../../Libraries/STM32F10x_StdPeriph_Driver/src/stm32f10x_gpio.c 0x00000000   Number         0  stm32f10x_gpio.o ABSOLUTE
    ../../../Libraries/STM32F10x_StdPeriph_Driver/src/stm32f10x_i2c.c 0x00000000   Number         0  stm32f10x_i2c.o ABSOLUTE
    ../../../Libraries/STM32F10x_StdPeriph_Driver/src/stm32f10x_pwr.c 0x00000000   Number         0  stm32f10x_pwr.o ABSOLUTE
    ../../../Libraries/STM32F10x_StdPeriph_Driver/src/stm32f10x_rcc.c 0x00000000   Number         0  stm32f10x_rcc.o ABSOLUTE
    ../../../Libraries/STM32F10x_StdPeriph_Driver/src/stm32f10x_usart.c 0x00000000   Number         0  stm32f10x_usart.o ABSOLUTE
    ../../../Libraries/STM32_USB-FS-Device_Driver/src/usb_core.c 0x00000000   Number         0  usb_core.o ABSOLUTE
    ../../../Libraries/STM32_USB-FS-Device_Driver/src/usb_init.c 0x00000000   Number         0  usb_init.o ABSOLUTE
    ../../../Libraries/STM32_USB-FS-Device_Driver/src/usb_int.c 0x00000000   Number         0  usb_int.o ABSOLUTE
    ../../../Libraries/STM32_USB-FS-Device_Driver/src/usb_mem.c 0x00000000   Number         0  usb_mem.o ABSOLUTE
    ../../../Libraries/STM32_USB-FS-Device_Driver/src/usb_regs.c 0x00000000   Number         0  usb_regs.o ABSOLUTE
    ../../../Libraries/STM32_USB-FS-Device_Driver/src/usb_sil.c 0x00000000   Number         0  usb_sil.o ABSOLUTE
    ../clib/../cmprslib/zerorunl2.c          0x00000000   Number         0  __dczerorl2.o ABSOLUTE
    ../clib/microlib/init/entry.s            0x00000000   Number         0  entry8b.o ABSOLUTE
    ../clib/microlib/init/entry.s            0x00000000   Number         0  entry11b.o ABSOLUTE
    ../clib/microlib/init/entry.s            0x00000000   Number         0  entry5.o ABSOLUTE
    ../clib/microlib/init/entry.s            0x00000000   Number         0  entry9a.o ABSOLUTE
    ../clib/microlib/init/entry.s            0x00000000   Number         0  entry11a.o ABSOLUTE
    ../clib/microlib/init/entry.s            0x00000000   Number         0  entry10b.o ABSOLUTE
    ../clib/microlib/init/entry.s            0x00000000   Number         0  entry.o ABSOLUTE
    ../clib/microlib/init/entry.s            0x00000000   Number         0  entry9b.o ABSOLUTE
    ../clib/microlib/init/entry.s            0x00000000   Number         0  entry2.o ABSOLUTE
    ../clib/microlib/init/entry.s            0x00000000   Number         0  entry7a.o ABSOLUTE
    ../clib/microlib/init/entry.s            0x00000000   Number         0  entry10a.o ABSOLUTE
    ../clib/microlib/init/entry.s            0x00000000   Number         0  entry7b.o ABSOLUTE
    ../clib/microlib/init/entry.s            0x00000000   Number         0  entry8a.o ABSOLUTE
    ../src/hw_config.c                       0x00000000   Number         0  hw_config.o ABSOLUTE
    ../src/main.c                            0x00000000   Number         0  main.o ABSOLUTE
    ../src/stm32_it.c                        0x00000000   Number         0  stm32_it.o ABSOLUTE
    ../src/system_stm32f10x.c                0x00000000   Number         0  system_stm32f10x.o ABSOLUTE
    ../src/usb_desc.c                        0x00000000   Number         0  usb_desc.o ABSOLUTE
    ../src/usb_endp.c                        0x00000000   Number         0  usb_endp.o ABSOLUTE
    ../src/usb_istr.c                        0x00000000   Number         0  usb_istr.o ABSOLUTE
    ../src/usb_prop.c                        0x00000000   Number         0  usb_prop.o ABSOLUTE
    ../src/usb_pwr.c                         0x00000000   Number         0  usb_pwr.o ABSOLUTE
    ..\..\..\Libraries\STM32F10x_StdPeriph_Driver\src\misc.c 0x00000000   Number         0  misc.o ABSOLUTE
    ..\..\..\Libraries\STM32F10x_StdPeriph_Driver\src\stm32f10x_dma.c 0x00000000   Number         0  stm32f10x_dma.o ABSOLUTE
    ..\..\..\Libraries\STM32F10x_StdPeriph_Driver\src\stm32f10x_exti.c 0x00000000   Number         0  stm32f10x_exti.o ABSOLUTE
    ..\..\..\Libraries\STM32F10x_StdPeriph_Driver\src\stm32f10x_flash.c 0x00000000   Number         0  stm32f10x_flash.o ABSOLUTE
    ..\..\..\Libraries\STM32F10x_StdPeriph_Driver\src\stm32f10x_gpio.c 0x00000000   Number         0  stm32f10x_gpio.o ABSOLUTE
    ..\..\..\Libraries\STM32F10x_StdPeriph_Driver\src\stm32f10x_i2c.c 0x00000000   Number         0  stm32f10x_i2c.o ABSOLUTE
    ..\..\..\Libraries\STM32F10x_StdPeriph_Driver\src\stm32f10x_pwr.c 0x00000000   Number         0  stm32f10x_pwr.o ABSOLUTE
    ..\..\..\Libraries\STM32F10x_StdPeriph_Driver\src\stm32f10x_rcc.c 0x00000000   Number         0  stm32f10x_rcc.o ABSOLUTE
    ..\..\..\Libraries\STM32F10x_StdPeriph_Driver\src\stm32f10x_sdio.c 0x00000000   Number         0  stm32f10x_sdio.o ABSOLUTE
    ..\..\..\Libraries\STM32F10x_StdPeriph_Driver\src\stm32f10x_spi.c 0x00000000   Number         0  stm32f10x_spi.o ABSOLUTE
    ..\..\..\Libraries\STM32F10x_StdPeriph_Driver\src\stm32f10x_usart.c 0x00000000   Number         0  stm32f10x_usart.o ABSOLUTE
    ..\..\..\Libraries\STM32_USB-FS-Device_Driver\src\usb_core.c 0x00000000   Number         0  usb_core.o ABSOLUTE
    ..\..\..\Libraries\STM32_USB-FS-Device_Driver\src\usb_init.c 0x00000000   Number         0  usb_init.o ABSOLUTE
    ..\..\..\Libraries\STM32_USB-FS-Device_Driver\src\usb_int.c 0x00000000   Number         0  usb_int.o ABSOLUTE
    ..\..\..\Libraries\STM32_USB-FS-Device_Driver\src\usb_mem.c 0x00000000   Number         0  usb_mem.o ABSOLUTE
    ..\..\..\Libraries\STM32_USB-FS-Device_Driver\src\usb_regs.c 0x00000000   Number         0  usb_regs.o ABSOLUTE
    ..\..\..\Libraries\STM32_USB-FS-Device_Driver\src\usb_sil.c 0x00000000   Number         0  usb_sil.o ABSOLUTE
    ..\\..\\..\\Libraries\\STM32F10x_StdPeriph_Driver\\src\\stm32f10x_dma.c 0x00000000   Number         0  stm32f10x_dma.o ABSOLUTE
    ..\\..\\..\\Libraries\\STM32F10x_StdPeriph_Driver\\src\\stm32f10x_sdio.c 0x00000000   Number         0  stm32f10x_sdio.o ABSOLUTE
    ..\\..\\..\\Libraries\\STM32F10x_StdPeriph_Driver\\src\\stm32f10x_spi.c 0x00000000   Number         0  stm32f10x_spi.o ABSOLUTE
    ..\src\hw_config.c                       0x00000000   Number         0  hw_config.o ABSOLUTE
    ..\src\main.c                            0x00000000   Number         0  main.o ABSOLUTE
    ..\src\stm32_it.c                        0x00000000   Number         0  stm32_it.o ABSOLUTE
    ..\src\system_stm32f10x.c                0x00000000   Number         0  system_stm32f10x.o ABSOLUTE
    ..\src\usb_desc.c                        0x00000000   Number         0  usb_desc.o ABSOLUTE
    ..\src\usb_endp.c                        0x00000000   Number         0  usb_endp.o ABSOLUTE
    ..\src\usb_istr.c                        0x00000000   Number         0  usb_istr.o ABSOLUTE
    ..\src\usb_prop.c                        0x00000000   Number         0  usb_prop.o ABSOLUTE
    ..\src\usb_pwr.c                         0x00000000   Number         0  usb_pwr.o ABSOLUTE
    dc.s                                     0x00000000   Number         0  dc.o ABSOLUTE
    handlers.s                               0x00000000   Number         0  handlers.o ABSOLUTE
    init.s                                   0x00000000   Number         0  init.o ABSOLUTE
    startup_stm32f10x_hd.s                   0x00000000   Number         0  startup_stm32f10x_hd.o ABSOLUTE
    RESET                                    0x08000000   Section      304  startup_stm32f10x_hd.o(RESET)
    .ARM.Collect$$$$00000000                 0x08000130   Section        0  entry.o(.ARM.Collect$$$$00000000)
    .ARM.Collect$$$$00000001                 0x08000130   Section        4  entry2.o(.ARM.Collect$$$$00000001)
    .ARM.Collect$$$$00000004                 0x08000134   Section        4  entry5.o(.ARM.Collect$$$$00000004)
    .ARM.Collect$$$$00000008                 0x08000138   Section        0  entry7b.o(.ARM.Collect$$$$00000008)
    .ARM.Collect$$$$0000000A                 0x08000138   Section        0  entry8b.o(.ARM.Collect$$$$0000000A)
    .ARM.Collect$$$$0000000B                 0x08000138   Section        8  entry9a.o(.ARM.Collect$$$$0000000B)
    .ARM.Collect$$$$0000000D                 0x08000140   Section        0  entry10a.o(.ARM.Collect$$$$0000000D)
    .ARM.Collect$$$$0000000F                 0x08000140   Section        0  entry11a.o(.ARM.Collect$$$$0000000F)
    .ARM.Collect$$$$00002712                 0x08000140   Section        4  entry2.o(.ARM.Collect$$$$00002712)
    __lit__00000000                          0x08000140   Data           4  entry2.o(.ARM.Collect$$$$00002712)
    .text                                    0x08000144   Section       36  startup_stm32f10x_hd.o(.text)
    .text                                    0x08000168   Section       36  init.o(.text)
    .text                                    0x0800018c   Section        0  __dczerorl2.o(.text)
    i.BusFault_Handler                       0x080001e2   Section        0  stm32_it.o(i.BusFault_Handler)
    i.ByteSwap                               0x080001e6   Section        0  usb_regs.o(i.ByteSwap)
    i.CTR_LP                                 0x080001f4   Section        0  usb_int.o(i.CTR_LP)
    i.ClearDTOG_RX                           0x0800047c   Section        0  usb_regs.o(i.ClearDTOG_RX)
    i.ClearDTOG_TX                           0x080004b0   Section        0  usb_regs.o(i.ClearDTOG_TX)
    i.Clear_Status_Out                       0x080004e4   Section        0  usb_regs.o(i.Clear_Status_Out)
    i.DataStageIn                            0x0800050c   Section        0  usb_core.o(i.DataStageIn)
    DataStageIn                              0x0800050d   Thumb Code   166  usb_core.o(i.DataStageIn)
    i.DataStageOut                           0x080005cc   Section        0  usb_core.o(i.DataStageOut)
    DataStageOut                             0x080005cd   Thumb Code   198  usb_core.o(i.DataStageOut)
    i.Data_Setup0                            0x080006ac   Section        0  usb_core.o(i.Data_Setup0)
    Data_Setup0                              0x080006ad   Thumb Code   628  usb_core.o(i.Data_Setup0)
    i.DebugMon_Handler                       0x08000944   Section        0  stm32_it.o(i.DebugMon_Handler)
    i.EP3_IN_Callback                        0x08000946   Section        0  usb_endp.o(i.EP3_IN_Callback)
    i.EP3_OUT_Callback                       0x0800094e   Section        0  usb_endp.o(i.EP3_OUT_Callback)
    i.EXTI_ClearITPendingBit                 0x08000958   Section        0  stm32f10x_exti.o(i.EXTI_ClearITPendingBit)
    i.GPIO_Init                              0x08000964   Section        0  stm32f10x_gpio.o(i.GPIO_Init)
    i.GPIO_ResetBits                         0x08000a7a   Section        0  stm32f10x_gpio.o(i.GPIO_ResetBits)
    i.GPIO_SetBits                           0x08000a7e   Section        0  stm32f10x_gpio.o(i.GPIO_SetBits)
    i.GetEPRxAddr                            0x08000a84   Section        0  usb_regs.o(i.GetEPRxAddr)
    i.GetEPRxCount                           0x08000aa4   Section        0  usb_regs.o(i.GetEPRxCount)
    i.GetEPTxAddr                            0x08000ac8   Section        0  usb_regs.o(i.GetEPTxAddr)
    i.Get_SerialNum                          0x08000ae8   Section        0  hw_config.o(i.Get_SerialNum)
    i.HardFault_Handler                      0x08000b1c   Section        0  stm32_it.o(i.HardFault_Handler)
    i.In0_Process                            0x08000b20   Section        0  usb_core.o(i.In0_Process)
    i.IntToUnicode                           0x08000b90   Section        0  hw_config.o(i.IntToUnicode)
    IntToUnicode                             0x08000b91   Thumb Code    62  hw_config.o(i.IntToUnicode)
    i.MemManage_Handler                      0x08000bce   Section        0  stm32_it.o(i.MemManage_Handler)
    i.NMI_Handler                            0x08000bd2   Section        0  stm32_it.o(i.NMI_Handler)
    i.NOP_Process                            0x08000bd4   Section        0  usb_core.o(i.NOP_Process)
    i.NVIC_Init                              0x08000bd8   Section        0  misc.o(i.NVIC_Init)
    i.NVIC_PriorityGroupConfig               0x08000c48   Section        0  misc.o(i.NVIC_PriorityGroupConfig)
    i.NoData_Setup0                          0x08000c5c   Section        0  usb_core.o(i.NoData_Setup0)
    NoData_Setup0                            0x08000c5d   Thumb Code   296  usb_core.o(i.NoData_Setup0)
    i.Out0_Process                           0x08000d9c   Section        0  usb_core.o(i.Out0_Process)
    i.PMAToUserBufferCopy                    0x08000dec   Section        0  usb_mem.o(i.PMAToUserBufferCopy)
    i.PendSV_Handler                         0x08000e14   Section        0  stm32_it.o(i.PendSV_Handler)
    i.Post0_Process                          0x08000e18   Section        0  usb_core.o(i.Post0_Process)
    i.PowerOn                                0x08000e60   Section        0  usb_pwr.o(i.PowerOn)
    i.RCC_APB1PeriphClockCmd                 0x08000eb0   Section        0  stm32f10x_rcc.o(i.RCC_APB1PeriphClockCmd)
    i.RCC_APB2PeriphClockCmd                 0x08000ed0   Section        0  stm32f10x_rcc.o(i.RCC_APB2PeriphClockCmd)
    i.RCC_USBCLKConfig                       0x08000ef0   Section        0  stm32f10x_rcc.o(i.RCC_USBCLKConfig)
    i.Resume                                 0x08000efc   Section        0  usb_pwr.o(i.Resume)
    i.Resume_Init                            0x08000fcc   Section        0  usb_pwr.o(i.Resume_Init)
    i.SOF_Callback                           0x08000fe8   Section        0  usb_endp.o(i.SOF_Callback)
    i.SVC_Handler                            0x08001018   Section        0  stm32_it.o(i.SVC_Handler)
    i.SetBTABLE                              0x0800101c   Section        0  usb_regs.o(i.SetBTABLE)
    i.SetDeviceAddress                       0x0800102c   Section        0  usb_core.o(i.SetDeviceAddress)
    i.SetEPRxAddr                            0x0800107c   Section        0  usb_regs.o(i.SetEPRxAddr)
    i.SetEPRxCount                           0x080010a0   Section        0  usb_regs.o(i.SetEPRxCount)
    i.SetEPRxStatus                          0x080010ec   Section        0  usb_regs.o(i.SetEPRxStatus)
    i.SetEPRxValid                           0x0800112c   Section        0  usb_regs.o(i.SetEPRxValid)
    i.SetEPTxAddr                            0x08001160   Section        0  usb_regs.o(i.SetEPTxAddr)
    i.SetEPTxCount                           0x08001180   Section        0  usb_regs.o(i.SetEPTxCount)
    i.SetEPTxStatus                          0x0800119c   Section        0  usb_regs.o(i.SetEPTxStatus)
    i.SetEPTxValid                           0x080011dc   Section        0  usb_regs.o(i.SetEPTxValid)
    i.SetEPType                              0x08001210   Section        0  usb_regs.o(i.SetEPType)
    i.SetISTR                                0x08001234   Section        0  usb_regs.o(i.SetISTR)
    i.SetSysClock                            0x08001240   Section        0  system_stm32f10x.o(i.SetSysClock)
    SetSysClock                              0x08001241   Thumb Code     8  system_stm32f10x.o(i.SetSysClock)
    i.SetSysClockTo72                        0x08001248   Section        0  system_stm32f10x.o(i.SetSysClockTo72)
    SetSysClockTo72                          0x08001249   Thumb Code   214  system_stm32f10x.o(i.SetSysClockTo72)
    i.Set_System                             0x08001328   Section        0  hw_config.o(i.Set_System)
    i.Set_USBClock                           0x08001384   Section        0  hw_config.o(i.Set_USBClock)
    i.Setup0_Process                         0x08001398   Section        0  usb_core.o(i.Setup0_Process)
    i.Standard_ClearFeature                  0x08001450   Section        0  usb_core.o(i.Standard_ClearFeature)
    i.Standard_GetConfiguration              0x080015bc   Section        0  usb_core.o(i.Standard_GetConfiguration)
    i.Standard_GetDescriptorData             0x080015e8   Section        0  usb_core.o(i.Standard_GetDescriptorData)
    i.Standard_GetInterface                  0x0800160c   Section        0  usb_core.o(i.Standard_GetInterface)
    i.Standard_GetStatus                     0x08001638   Section        0  usb_core.o(i.Standard_GetStatus)
    i.Standard_SetConfiguration              0x08001738   Section        0  usb_core.o(i.Standard_SetConfiguration)
    i.Standard_SetDeviceFeature              0x08001780   Section        0  usb_core.o(i.Standard_SetDeviceFeature)
    i.Standard_SetEndPointFeature            0x080017a8   Section        0  usb_core.o(i.Standard_SetEndPointFeature)
    i.Standard_SetInterface                  0x08001878   Section        0  usb_core.o(i.Standard_SetInterface)
    i.Suspend                                0x080018e4   Section        0  usb_pwr.o(i.Suspend)
    i.SysTick_Handler                        0x08001978   Section        0  stm32_it.o(i.SysTick_Handler)
    i.SystemInit                             0x0800197c   Section        0  system_stm32f10x.o(i.SystemInit)
    i.USBWakeUp_IRQHandler                   0x080019dc   Section        0  stm32_it.o(i.USBWakeUp_IRQHandler)
    i.USB_Cable_Config                       0x080019e8   Section        0  hw_config.o(i.USB_Cable_Config)
    i.USB_Init                               0x08001a0c   Section        0  usb_init.o(i.USB_Init)
    i.USB_Interrupts_Config                  0x08001a48   Section        0  hw_config.o(i.USB_Interrupts_Config)
    i.USB_Istr                               0x08001a84   Section        0  usb_istr.o(i.USB_Istr)
    i.USB_LP_CAN1_RX0_IRQHandler             0x08001c54   Section        0  stm32_it.o(i.USB_LP_CAN1_RX0_IRQHandler)
    i.USB_SIL_Init                           0x08001c5c   Section        0  usb_sil.o(i.USB_SIL_Init)
    i.UsageFault_Handler                     0x08001c80   Section        0  stm32_it.o(i.UsageFault_Handler)
    i.UserToPMABufferCopy                    0x08001c84   Section        0  usb_mem.o(i.UserToPMABufferCopy)
    i.VCP_IN_Callback                        0x08001cbc   Section        0  usb_endp.o(i.VCP_IN_Callback)
    i.VCP_OUT_Callback                       0x08001d58   Section        0  usb_endp.o(i.VCP_OUT_Callback)
    i.Virtual_Com_Port_Data_Setup            0x08001dbc   Section        0  usb_prop.o(i.Virtual_Com_Port_Data_Setup)
    i.Virtual_Com_Port_GetConfigDescriptor   0x08001e20   Section        0  usb_prop.o(i.Virtual_Com_Port_GetConfigDescriptor)
    i.Virtual_Com_Port_GetDeviceDescriptor   0x08001e34   Section        0  usb_prop.o(i.Virtual_Com_Port_GetDeviceDescriptor)
    i.Virtual_Com_Port_GetLineCoding         0x08001e48   Section        0  usb_prop.o(i.Virtual_Com_Port_GetLineCoding)
    i.Virtual_Com_Port_GetStringDescriptor   0x08001e64   Section        0  usb_prop.o(i.Virtual_Com_Port_GetStringDescriptor)
    i.Virtual_Com_Port_Get_Interface_Setting 0x08001e8c   Section        0  usb_prop.o(i.Virtual_Com_Port_Get_Interface_Setting)
    i.Virtual_Com_Port_NoData_Setup          0x08001ea4   Section        0  usb_prop.o(i.Virtual_Com_Port_NoData_Setup)
    i.Virtual_Com_Port_Reset                 0x08001ecc   Section        0  usb_prop.o(i.Virtual_Com_Port_Reset)
    i.Virtual_Com_Port_SetConfiguration      0x08001f9c   Section        0  usb_prop.o(i.Virtual_Com_Port_SetConfiguration)
    i.Virtual_Com_Port_SetDeviceAddress      0x08001fb4   Section        0  usb_prop.o(i.Virtual_Com_Port_SetDeviceAddress)
    i.Virtual_Com_Port_SetLineCoding         0x08001fc0   Section        0  usb_prop.o(i.Virtual_Com_Port_SetLineCoding)
    i.Virtual_Com_Port_Status_In             0x08001fdc   Section        0  usb_prop.o(i.Virtual_Com_Port_Status_In)
    i.Virtual_Com_Port_Status_Out            0x08001ff0   Section        0  usb_prop.o(i.Virtual_Com_Port_Status_Out)
    i.Virtual_Com_Port_init                  0x08001ff4   Section        0  usb_prop.o(i.Virtual_Com_Port_init)
    i.__scatterload_copy                     0x0800201c   Section       14  handlers.o(i.__scatterload_copy)
    i.__scatterload_null                     0x0800202a   Section        2  handlers.o(i.__scatterload_null)
    i.__scatterload_zeroinit                 0x0800202c   Section       14  handlers.o(i.__scatterload_zeroinit)
    i.main                                   0x0800203a   Section        0  main.o(i.main)
    i.usrUSBReceiveBufLen                    0x08002068   Section        0  usb_endp.o(i.usrUSBReceiveBufLen)
    i.usrUSBReceiveData                      0x08002094   Section        0  usb_endp.o(i.usrUSBReceiveData)
    i.usrUSBSendData                         0x080020e0   Section        0  usb_endp.o(i.usrUSBSendData)
    .constdata                               0x0800211c   Section      177  usb_desc.o(.constdata)
    .data                                    0x20000000   Section        4  usb_int.o(.data)
    .data                                    0x20000004   Section        9  usb_core.o(.data)
    .data                                    0x20000010   Section       20  usb_init.o(.data)
    .data                                    0x20000024   Section      148  usb_prop.o(.data)
    .data                                    0x200000b8   Section      540  usb_endp.o(.data)
    FrameCount                               0x200002d0   Data           4  usb_endp.o(.data)
    .data                                    0x200002d4   Section       26  usb_desc.o(.data)
    .data                                    0x200002f0   Section       68  usb_istr.o(.data)
    .data                                    0x20000334   Section       12  usb_pwr.o(.data)
    .bss                                     0x20000340   Section       28  usb_init.o(.bss)
    .bss                                     0x2000035c   Section       32  usb_pwr.o(.bss)
    STACK                                    0x20000380   Section     1024  startup_stm32f10x_hd.o(STACK)

    Global Symbols

    Symbol Name                              Value     Ov Type        Size  Object(Section)

    BuildAttributes$$THM_ISAv4$P$D$K$B$S$PE$A:L22UL41UL21$X:L11$S22US41US21$IEEE1$IW$USESV6$~STKCKD$USESV7$~SHL$OSPACE$EBA8$MICROLIB$REQ8$PRES8$EABIv2 0x00000000   Number         0  anon$$obj.o ABSOLUTE
    __ARM_use_no_argv                        0x00000000   Number         0  main.o ABSOLUTE
    __cpp_initialize__aeabi_                  - Undefined Weak Reference
    __cxa_finalize                            - Undefined Weak Reference
    _clock_init                               - Undefined Weak Reference
    _microlib_exit                            - Undefined Weak Reference
    __Vectors_Size                           0x00000130   Number         0  startup_stm32f10x_hd.o ABSOLUTE
    __Vectors                                0x08000000   Data           4  startup_stm32f10x_hd.o(RESET)
    __Vectors_End                            0x08000130   Data           0  startup_stm32f10x_hd.o(RESET)
    __main                                   0x08000131   Thumb Code     0  entry.o(.ARM.Collect$$$$00000000)
    _main_stk                                0x08000131   Thumb Code     0  entry2.o(.ARM.Collect$$$$00000001)
    _main_scatterload                        0x08000135   Thumb Code     0  entry5.o(.ARM.Collect$$$$00000004)
    __main_after_scatterload                 0x08000139   Thumb Code     0  entry5.o(.ARM.Collect$$$$00000004)
    _main_clock                              0x08000139   Thumb Code     0  entry7b.o(.ARM.Collect$$$$00000008)
    _main_cpp_init                           0x08000139   Thumb Code     0  entry8b.o(.ARM.Collect$$$$0000000A)
    _main_init                               0x08000139   Thumb Code     0  entry9a.o(.ARM.Collect$$$$0000000B)
    __rt_final_cpp                           0x08000141   Thumb Code     0  entry10a.o(.ARM.Collect$$$$0000000D)
    __rt_final_exit                          0x08000141   Thumb Code     0  entry11a.o(.ARM.Collect$$$$0000000F)
    Reset_Handler                            0x08000145   Thumb Code     8  startup_stm32f10x_hd.o(.text)
    ADC1_2_IRQHandler                        0x0800015f   Thumb Code     0  startup_stm32f10x_hd.o(.text)
    ADC3_IRQHandler                          0x0800015f   Thumb Code     0  startup_stm32f10x_hd.o(.text)
    CAN1_RX1_IRQHandler                      0x0800015f   Thumb Code     0  startup_stm32f10x_hd.o(.text)
    CAN1_SCE_IRQHandler                      0x0800015f   Thumb Code     0  startup_stm32f10x_hd.o(.text)
    DMA1_Channel1_IRQHandler                 0x0800015f   Thumb Code     0  startup_stm32f10x_hd.o(.text)
    DMA1_Channel2_IRQHandler                 0x0800015f   Thumb Code     0  startup_stm32f10x_hd.o(.text)
    DMA1_Channel3_IRQHandler                 0x0800015f   Thumb Code     0  startup_stm32f10x_hd.o(.text)
    DMA1_Channel4_IRQHandler                 0x0800015f   Thumb Code     0  startup_stm32f10x_hd.o(.text)
    DMA1_Channel5_IRQHandler                 0x0800015f   Thumb Code     0  startup_stm32f10x_hd.o(.text)
    DMA1_Channel6_IRQHandler                 0x0800015f   Thumb Code     0  startup_stm32f10x_hd.o(.text)
    DMA1_Channel7_IRQHandler                 0x0800015f   Thumb Code     0  startup_stm32f10x_hd.o(.text)
    DMA2_Channel1_IRQHandler                 0x0800015f   Thumb Code     0  startup_stm32f10x_hd.o(.text)
    DMA2_Channel2_IRQHandler                 0x0800015f   Thumb Code     0  startup_stm32f10x_hd.o(.text)
    DMA2_Channel3_IRQHandler                 0x0800015f   Thumb Code     0  startup_stm32f10x_hd.o(.text)
    DMA2_Channel4_5_IRQHandler               0x0800015f   Thumb Code     0  startup_stm32f10x_hd.o(.text)
    EXTI0_IRQHandler                         0x0800015f   Thumb Code     0  startup_stm32f10x_hd.o(.text)
    EXTI15_10_IRQHandler                     0x0800015f   Thumb Code     0  startup_stm32f10x_hd.o(.text)
    EXTI1_IRQHandler                         0x0800015f   Thumb Code     0  startup_stm32f10x_hd.o(.text)
    EXTI2_IRQHandler                         0x0800015f   Thumb Code     0  startup_stm32f10x_hd.o(.text)
    EXTI3_IRQHandler                         0x0800015f   Thumb Code     0  startup_stm32f10x_hd.o(.text)
    EXTI4_IRQHandler                         0x0800015f   Thumb Code     0  startup_stm32f10x_hd.o(.text)
    EXTI9_5_IRQHandler                       0x0800015f   Thumb Code     0  startup_stm32f10x_hd.o(.text)
    FLASH_IRQHandler                         0x0800015f   Thumb Code     0  startup_stm32f10x_hd.o(.text)
    FSMC_IRQHandler                          0x0800015f   Thumb Code     0  startup_stm32f10x_hd.o(.text)
    I2C1_ER_IRQHandler                       0x0800015f   Thumb Code     0  startup_stm32f10x_hd.o(.text)
    I2C1_EV_IRQHandler                       0x0800015f   Thumb Code     0  startup_stm32f10x_hd.o(.text)
    I2C2_ER_IRQHandler                       0x0800015f   Thumb Code     0  startup_stm32f10x_hd.o(.text)
    I2C2_EV_IRQHandler                       0x0800015f   Thumb Code     0  startup_stm32f10x_hd.o(.text)
    PVD_IRQHandler                           0x0800015f   Thumb Code     0  startup_stm32f10x_hd.o(.text)
    RCC_IRQHandler                           0x0800015f   Thumb Code     0  startup_stm32f10x_hd.o(.text)
    RTCAlarm_IRQHandler                      0x0800015f   Thumb Code     0  startup_stm32f10x_hd.o(.text)
    RTC_IRQHandler                           0x0800015f   Thumb Code     0  startup_stm32f10x_hd.o(.text)
    SDIO_IRQHandler                          0x0800015f   Thumb Code     0  startup_stm32f10x_hd.o(.text)
    SPI1_IRQHandler                          0x0800015f   Thumb Code     0  startup_stm32f10x_hd.o(.text)
    SPI2_IRQHandler                          0x0800015f   Thumb Code     0  startup_stm32f10x_hd.o(.text)
    SPI3_IRQHandler                          0x0800015f   Thumb Code     0  startup_stm32f10x_hd.o(.text)
    TAMPER_IRQHandler                        0x0800015f   Thumb Code     0  startup_stm32f10x_hd.o(.text)
    TIM1_BRK_IRQHandler                      0x0800015f   Thumb Code     0  startup_stm32f10x_hd.o(.text)
    TIM1_CC_IRQHandler                       0x0800015f   Thumb Code     0  startup_stm32f10x_hd.o(.text)
    TIM1_TRG_COM_IRQHandler                  0x0800015f   Thumb Code     0  startup_stm32f10x_hd.o(.text)
    TIM1_UP_IRQHandler                       0x0800015f   Thumb Code     0  startup_stm32f10x_hd.o(.text)
    TIM2_IRQHandler                          0x0800015f   Thumb Code     0  startup_stm32f10x_hd.o(.text)
    TIM3_IRQHandler                          0x0800015f   Thumb Code     0  startup_stm32f10x_hd.o(.text)
    TIM4_IRQHandler                          0x0800015f   Thumb Code     0  startup_stm32f10x_hd.o(.text)
    TIM5_IRQHandler                          0x0800015f   Thumb Code     0  startup_stm32f10x_hd.o(.text)
    TIM6_IRQHandler                          0x0800015f   Thumb Code     0  startup_stm32f10x_hd.o(.text)
    TIM7_IRQHandler                          0x0800015f   Thumb Code     0  startup_stm32f10x_hd.o(.text)
    TIM8_BRK_IRQHandler                      0x0800015f   Thumb Code     0  startup_stm32f10x_hd.o(.text)
    TIM8_CC_IRQHandler                       0x0800015f   Thumb Code     0  startup_stm32f10x_hd.o(.text)
    TIM8_TRG_COM_IRQHandler                  0x0800015f   Thumb Code     0  startup_stm32f10x_hd.o(.text)
    TIM8_UP_IRQHandler                       0x0800015f   Thumb Code     0  startup_stm32f10x_hd.o(.text)
    UART4_IRQHandler                         0x0800015f   Thumb Code     0  startup_stm32f10x_hd.o(.text)
    UART5_IRQHandler                         0x0800015f   Thumb Code     0  startup_stm32f10x_hd.o(.text)
    USART1_IRQHandler                        0x0800015f   Thumb Code     0  startup_stm32f10x_hd.o(.text)
    USART2_IRQHandler                        0x0800015f   Thumb Code     0  startup_stm32f10x_hd.o(.text)
    USART3_IRQHandler                        0x0800015f   Thumb Code     0  startup_stm32f10x_hd.o(.text)
    USB_HP_CAN1_TX_IRQHandler                0x0800015f   Thumb Code     0  startup_stm32f10x_hd.o(.text)
    WWDG_IRQHandler                          0x0800015f   Thumb Code     0  startup_stm32f10x_hd.o(.text)
    __scatterload                            0x08000169   Thumb Code    28  init.o(.text)
    __scatterload_rt2                        0x08000169   Thumb Code     0  init.o(.text)
    __decompress                             0x0800018d   Thumb Code     0  __dczerorl2.o(.text)
    __decompress1                            0x0800018d   Thumb Code    86  __dczerorl2.o(.text)
    BusFault_Handler                         0x080001e3   Thumb Code     4  stm32_it.o(i.BusFault_Handler)
    ByteSwap                                 0x080001e7   Thumb Code    12  usb_regs.o(i.ByteSwap)
    CTR_LP                                   0x080001f5   Thumb Code   616  usb_int.o(i.CTR_LP)
    ClearDTOG_RX                             0x0800047d   Thumb Code    48  usb_regs.o(i.ClearDTOG_RX)
    ClearDTOG_TX                             0x080004b1   Thumb Code    48  usb_regs.o(i.ClearDTOG_TX)
    Clear_Status_Out                         0x080004e5   Thumb Code    34  usb_regs.o(i.Clear_Status_Out)
    DebugMon_Handler                         0x08000945   Thumb Code     2  stm32_it.o(i.DebugMon_Handler)
    EP3_IN_Callback                          0x08000947   Thumb Code     8  usb_endp.o(i.EP3_IN_Callback)
    EP3_OUT_Callback                         0x0800094f   Thumb Code     8  usb_endp.o(i.EP3_OUT_Callback)
    EXTI_ClearITPendingBit                   0x08000959   Thumb Code     6  stm32f10x_exti.o(i.EXTI_ClearITPendingBit)
    GPIO_Init                                0x08000965   Thumb Code   278  stm32f10x_gpio.o(i.GPIO_Init)
    GPIO_ResetBits                           0x08000a7b   Thumb Code     4  stm32f10x_gpio.o(i.GPIO_ResetBits)
    GPIO_SetBits                             0x08000a7f   Thumb Code     4  stm32f10x_gpio.o(i.GPIO_SetBits)
    GetEPRxAddr                              0x08000a85   Thumb Code    24  usb_regs.o(i.GetEPRxAddr)
    GetEPRxCount                             0x08000aa5   Thumb Code    26  usb_regs.o(i.GetEPRxCount)
    GetEPTxAddr                              0x08000ac9   Thumb Code    22  usb_regs.o(i.GetEPTxAddr)
    Get_SerialNum                            0x08000ae9   Thumb Code    42  hw_config.o(i.Get_SerialNum)
    HardFault_Handler                        0x08000b1d   Thumb Code     4  stm32_it.o(i.HardFault_Handler)
    In0_Process                              0x08000b21   Thumb Code    98  usb_core.o(i.In0_Process)
    MemManage_Handler                        0x08000bcf   Thumb Code     4  stm32_it.o(i.MemManage_Handler)
    NMI_Handler                              0x08000bd3   Thumb Code     2  stm32_it.o(i.NMI_Handler)
    NOP_Process                              0x08000bd5   Thumb Code     2  usb_core.o(i.NOP_Process)
    NVIC_Init                                0x08000bd9   Thumb Code   100  misc.o(i.NVIC_Init)
    NVIC_PriorityGroupConfig                 0x08000c49   Thumb Code    10  misc.o(i.NVIC_PriorityGroupConfig)
    Out0_Process                             0x08000d9d   Thumb Code    70  usb_core.o(i.Out0_Process)
    PMAToUserBufferCopy                      0x08000ded   Thumb Code    34  usb_mem.o(i.PMAToUserBufferCopy)
    PendSV_Handler                           0x08000e15   Thumb Code     2  stm32_it.o(i.PendSV_Handler)
    Post0_Process                            0x08000e19   Thumb Code    54  usb_core.o(i.Post0_Process)
    PowerOn                                  0x08000e61   Thumb Code    70  usb_pwr.o(i.PowerOn)
    RCC_APB1PeriphClockCmd                   0x08000eb1   Thumb Code    26  stm32f10x_rcc.o(i.RCC_APB1PeriphClockCmd)
    RCC_APB2PeriphClockCmd                   0x08000ed1   Thumb Code    26  stm32f10x_rcc.o(i.RCC_APB2PeriphClockCmd)
    RCC_USBCLKConfig                         0x08000ef1   Thumb Code     6  stm32f10x_rcc.o(i.RCC_USBCLKConfig)
    Resume                                   0x08000efd   Thumb Code   194  usb_pwr.o(i.Resume)
    Resume_Init                              0x08000fcd   Thumb Code    24  usb_pwr.o(i.Resume_Init)
    SOF_Callback                             0x08000fe9   Thumb Code    38  usb_endp.o(i.SOF_Callback)
    SVC_Handler                              0x08001019   Thumb Code     2  stm32_it.o(i.SVC_Handler)
    SetBTABLE                                0x0800101d   Thumb Code    12  usb_regs.o(i.SetBTABLE)
    SetDeviceAddress                         0x0800102d   Thumb Code    68  usb_core.o(i.SetDeviceAddress)
    SetEPRxAddr                              0x0800107d   Thumb Code    26  usb_regs.o(i.SetEPRxAddr)
    SetEPRxCount                             0x080010a1   Thumb Code    68  usb_regs.o(i.SetEPRxCount)
    SetEPRxStatus                            0x080010ed   Thumb Code    60  usb_regs.o(i.SetEPRxStatus)
    SetEPRxValid                             0x0800112d   Thumb Code    48  usb_regs.o(i.SetEPRxValid)
    SetEPTxAddr                              0x08001161   Thumb Code    24  usb_regs.o(i.SetEPTxAddr)
    SetEPTxCount                             0x08001181   Thumb Code    20  usb_regs.o(i.SetEPTxCount)
    SetEPTxStatus                            0x0800119d   Thumb Code    60  usb_regs.o(i.SetEPTxStatus)
    SetEPTxValid                             0x080011dd   Thumb Code    48  usb_regs.o(i.SetEPTxValid)
    SetEPType                                0x08001211   Thumb Code    32  usb_regs.o(i.SetEPType)
    SetISTR                                  0x08001235   Thumb Code     6  usb_regs.o(i.SetISTR)
    Set_System                               0x08001329   Thumb Code    84  hw_config.o(i.Set_System)
    Set_USBClock                             0x08001385   Thumb Code    18  hw_config.o(i.Set_USBClock)
    Setup0_Process                           0x08001399   Thumb Code   170  usb_core.o(i.Setup0_Process)
    Standard_ClearFeature                    0x08001451   Thumb Code   342  usb_core.o(i.Standard_ClearFeature)
    Standard_GetConfiguration                0x080015bd   Thumb Code    34  usb_core.o(i.Standard_GetConfiguration)
    Standard_GetDescriptorData               0x080015e9   Thumb Code    32  usb_core.o(i.Standard_GetDescriptorData)
    Standard_GetInterface                    0x0800160d   Thumb Code    34  usb_core.o(i.Standard_GetInterface)
    Standard_GetStatus                       0x08001639   Thumb Code   238  usb_core.o(i.Standard_GetStatus)
    Standard_SetConfiguration                0x08001739   Thumb Code    60  usb_core.o(i.Standard_SetConfiguration)
    Standard_SetDeviceFeature                0x08001781   Thumb Code    30  usb_core.o(i.Standard_SetDeviceFeature)
    Standard_SetEndPointFeature              0x080017a9   Thumb Code   192  usb_core.o(i.Standard_SetEndPointFeature)
    Standard_SetInterface                    0x08001879   Thumb Code    96  usb_core.o(i.Standard_SetInterface)
    Suspend                                  0x080018e5   Thumb Code   134  usb_pwr.o(i.Suspend)
    SysTick_Handler                          0x08001979   Thumb Code     2  stm32_it.o(i.SysTick_Handler)
    SystemInit                               0x0800197d   Thumb Code    78  system_stm32f10x.o(i.SystemInit)
    USBWakeUp_IRQHandler                     0x080019dd   Thumb Code    12  stm32_it.o(i.USBWakeUp_IRQHandler)
    USB_Cable_Config                         0x080019e9   Thumb Code    30  hw_config.o(i.USB_Cable_Config)
    USB_Init                                 0x08001a0d   Thumb Code    36  usb_init.o(i.USB_Init)
    USB_Interrupts_Config                    0x08001a49   Thumb Code    60  hw_config.o(i.USB_Interrupts_Config)
    USB_Istr                                 0x08001a85   Thumb Code   426  usb_istr.o(i.USB_Istr)
    USB_LP_CAN1_RX0_IRQHandler               0x08001c55   Thumb Code     8  stm32_it.o(i.USB_LP_CAN1_RX0_IRQHandler)
    USB_SIL_Init                             0x08001c5d   Thumb Code    28  usb_sil.o(i.USB_SIL_Init)
    UsageFault_Handler                       0x08001c81   Thumb Code     4  stm32_it.o(i.UsageFault_Handler)
    UserToPMABufferCopy                      0x08001c85   Thumb Code    52  usb_mem.o(i.UserToPMABufferCopy)
    VCP_IN_Callback                          0x08001cbd   Thumb Code   146  usb_endp.o(i.VCP_IN_Callback)
    VCP_OUT_Callback                         0x08001d59   Thumb Code    92  usb_endp.o(i.VCP_OUT_Callback)
    Virtual_Com_Port_Data_Setup              0x08001dbd   Thumb Code    82  usb_prop.o(i.Virtual_Com_Port_Data_Setup)
    Virtual_Com_Port_GetConfigDescriptor     0x08001e21   Thumb Code    14  usb_prop.o(i.Virtual_Com_Port_GetConfigDescriptor)
    Virtual_Com_Port_GetDeviceDescriptor     0x08001e35   Thumb Code    14  usb_prop.o(i.Virtual_Com_Port_GetDeviceDescriptor)
    Virtual_Com_Port_GetLineCoding           0x08001e49   Thumb Code    20  usb_prop.o(i.Virtual_Com_Port_GetLineCoding)
    Virtual_Com_Port_GetStringDescriptor     0x08001e65   Thumb Code    32  usb_prop.o(i.Virtual_Com_Port_GetStringDescriptor)
    Virtual_Com_Port_Get_Interface_Setting   0x08001e8d   Thumb Code    22  usb_prop.o(i.Virtual_Com_Port_Get_Interface_Setting)
    Virtual_Com_Port_NoData_Setup            0x08001ea5   Thumb Code    36  usb_prop.o(i.Virtual_Com_Port_NoData_Setup)
    Virtual_Com_Port_Reset                   0x08001ecd   Thumb Code   192  usb_prop.o(i.Virtual_Com_Port_Reset)
    Virtual_Com_Port_SetConfiguration        0x08001f9d   Thumb Code    14  usb_prop.o(i.Virtual_Com_Port_SetConfiguration)
    Virtual_Com_Port_SetDeviceAddress        0x08001fb5   Thumb Code     8  usb_prop.o(i.Virtual_Com_Port_SetDeviceAddress)
    Virtual_Com_Port_SetLineCoding           0x08001fc1   Thumb Code    20  usb_prop.o(i.Virtual_Com_Port_SetLineCoding)
    Virtual_Com_Port_Status_In               0x08001fdd   Thumb Code    16  usb_prop.o(i.Virtual_Com_Port_Status_In)
    Virtual_Com_Port_Status_Out              0x08001ff1   Thumb Code     2  usb_prop.o(i.Virtual_Com_Port_Status_Out)
    Virtual_Com_Port_init                    0x08001ff5   Thumb Code    30  usb_prop.o(i.Virtual_Com_Port_init)
    __scatterload_copy                       0x0800201d   Thumb Code    14  handlers.o(i.__scatterload_copy)
    __scatterload_null                       0x0800202b   Thumb Code     2  handlers.o(i.__scatterload_null)
    __scatterload_zeroinit                   0x0800202d   Thumb Code    14  handlers.o(i.__scatterload_zeroinit)
    main                                     0x0800203b   Thumb Code    46  main.o(i.main)
    usrUSBReceiveBufLen                      0x08002069   Thumb Code    38  usb_endp.o(i.usrUSBReceiveBufLen)
    usrUSBReceiveData                        0x08002095   Thumb Code    70  usb_endp.o(i.usrUSBReceiveData)
    usrUSBSendData                           0x080020e1   Thumb Code    56  usb_endp.o(i.usrUSBSendData)
    Virtual_Com_Port_DeviceDescriptor        0x0800211c   Data          18  usb_desc.o(.constdata)
    Virtual_Com_Port_ConfigDescriptor        0x0800212e   Data          67  usb_desc.o(.constdata)
    Virtual_Com_Port_StringLangID            0x08002171   Data           4  usb_desc.o(.constdata)
    Virtual_Com_Port_StringVendor            0x08002175   Data          38  usb_desc.o(.constdata)
    Virtual_Com_Port_StringProduct           0x0800219b   Data          50  usb_desc.o(.constdata)
    Region$$Table$$Base                      0x080021d0   Number         0  anon$$obj.o(Region$$Table)
    Region$$Table$$Limit                     0x080021f0   Number         0  anon$$obj.o(Region$$Table)
    SaveRState                               0x20000000   Data           2  usb_int.o(.data)
    SaveTState                               0x20000002   Data           2  usb_int.o(.data)
    StatusInfo                               0x20000004   Data           2  usb_core.o(.data)
    DevRemoteWakeup                          0x20000008   Data           4  usb_core.o(.data)
    Data_Mul_MaxPacketSize                   0x2000000c   Data           1  usb_core.o(.data)
    EPindex                                  0x20000010   Data           1  usb_init.o(.data)
    pInformation                             0x20000014   Data           4  usb_init.o(.data)
    pProperty                                0x20000018   Data           4  usb_init.o(.data)
    SaveState                                0x2000001c   Data           2  usb_init.o(.data)
    wInterrupt_Mask                          0x2000001e   Data           2  usb_init.o(.data)
    pUser_Standard_Requests                  0x20000020   Data           4  usb_init.o(.data)
    Request                                  0x20000024   Data           1  usb_prop.o(.data)
    linecoding                               0x20000028   Data           8  usb_prop.o(.data)
    Device_Table                             0x20000030   Data           2  usb_prop.o(.data)
    Device_Property                          0x20000034   Data          48  usb_prop.o(.data)
    User_Standard_Requests                   0x20000064   Data          36  usb_prop.o(.data)
    Device_Descriptor                        0x20000088   Data           8  usb_prop.o(.data)
    Config_Descriptor                        0x20000090   Data           8  usb_prop.o(.data)
    String_Descriptor                        0x20000098   Data          32  usb_prop.o(.data)
    usrReceive                               0x200000b8   Data         268  usb_endp.o(.data)
    usrSend                                  0x200001c4   Data         268  usb_endp.o(.data)
    Virtual_Com_Port_StringSerial            0x200002d4   Data          26  usb_desc.o(.data)
    wIstr                                    0x200002f0   Data           2  usb_istr.o(.data)
    bIntPackSOF                              0x200002f2   Data           1  usb_istr.o(.data)
    esof_counter                             0x200002f4   Data           4  usb_istr.o(.data)
    wCNTR                                    0x200002f8   Data           4  usb_istr.o(.data)
    pEpInt_IN                                0x200002fc   Data          28  usb_istr.o(.data)
    pEpInt_OUT                               0x20000318   Data          28  usb_istr.o(.data)
    bDeviceState                             0x20000334   Data           4  usb_pwr.o(.data)
    fSuspendEnabled                          0x20000338   Data           1  usb_pwr.o(.data)
    ResumeS                                  0x20000339   Data           2  usb_pwr.o(.data)
    remotewakeupon                           0x2000033c   Data           4  usb_pwr.o(.data)
    Device_Info                              0x20000340   Data          28  usb_init.o(.bss)
    EP                                       0x2000035c   Data          32  usb_pwr.o(.bss)
    __initial_sp                             0x20000780   Data           0  startup_stm32f10x_hd.o(STACK)



==============================================================================

Memory Map of the image

  Image Entry point : 0x08000131

  Load Region LR_IROM1 (Base: 0x08000000, Size: 0x00002530, Max: 0x00080000, ABSOLUTE, COMPRESSED[0x00002278])

    Execution Region ER_IROM1 (Exec base: 0x08000000, Load base: 0x08000000, Size: 0x000021f0, Max: 0x00080000, ABSOLUTE)

    Exec Addr    Load Addr    Size         Type   Attr      Idx    E Section Name        Object

    0x08000000   0x08000000   0x00000130   Data   RO          789    RESET               startup_stm32f10x_hd.o
    0x08000130   0x08000130   0x00000000   Code   RO         2974  * .ARM.Collect$$$$00000000  mc_w.l(entry.o)
    0x08000130   0x08000130   0x00000004   Code   RO         2977    .ARM.Collect$$$$00000001  mc_w.l(entry2.o)
    0x08000134   0x08000134   0x00000004   Code   RO         2980    .ARM.Collect$$$$00000004  mc_w.l(entry5.o)
    0x08000138   0x08000138   0x00000000   Code   RO         2982    .ARM.Collect$$$$00000008  mc_w.l(entry7b.o)
    0x08000138   0x08000138   0x00000000   Code   RO         2984    .ARM.Collect$$$$0000000A  mc_w.l(entry8b.o)
    0x08000138   0x08000138   0x00000008   Code   RO         2985    .ARM.Collect$$$$0000000B  mc_w.l(entry9a.o)
    0x08000140   0x08000140   0x00000000   Code   RO         2987    .ARM.Collect$$$$0000000D  mc_w.l(entry10a.o)
    0x08000140   0x08000140   0x00000000   Code   RO         2989    .ARM.Collect$$$$0000000F  mc_w.l(entry11a.o)
    0x08000140   0x08000140   0x00000004   Code   RO         2978    .ARM.Collect$$$$00002712  mc_w.l(entry2.o)
    0x08000144   0x08000144   0x00000024   Code   RO          790    .text               startup_stm32f10x_hd.o
    0x08000168   0x08000168   0x00000024   Code   RO         2991    .text               mc_w.l(init.o)
    0x0800018c   0x0800018c   0x00000056   Code   RO         3001    .text               mc_w.l(__dczerorl2.o)
    0x080001e2   0x080001e2   0x00000004   Code   RO         2712    i.BusFault_Handler  stm32_it.o
    0x080001e6   0x080001e6   0x0000000c   Code   RO          180    i.ByteSwap          usb_regs.o
    0x080001f2   0x080001f2   0x00000002   PAD
    0x080001f4   0x080001f4   0x00000288   Code   RO          553    i.CTR_LP            usb_int.o
    0x0800047c   0x0800047c   0x00000034   Code   RO          181    i.ClearDTOG_RX      usb_regs.o
    0x080004b0   0x080004b0   0x00000034   Code   RO          182    i.ClearDTOG_TX      usb_regs.o
    0x080004e4   0x080004e4   0x00000028   Code   RO          187    i.Clear_Status_Out  usb_regs.o
    0x0800050c   0x0800050c   0x000000c0   Code   RO          594    i.DataStageIn       usb_core.o
    0x080005cc   0x080005cc   0x000000e0   Code   RO          595    i.DataStageOut      usb_core.o
    0x080006ac   0x080006ac   0x00000298   Code   RO          596    i.Data_Setup0       usb_core.o
    0x08000944   0x08000944   0x00000002   Code   RO         2713    i.DebugMon_Handler  stm32_it.o
    0x08000946   0x08000946   0x00000008   Code   RO         2603    i.EP3_IN_Callback   usb_endp.o
    0x0800094e   0x0800094e   0x00000008   Code   RO         2604    i.EP3_OUT_Callback  usb_endp.o
    0x08000956   0x08000956   0x00000002   PAD
    0x08000958   0x08000958   0x0000000c   Code   RO         1790    i.EXTI_ClearITPendingBit  stm32f10x_exti.o
    0x08000964   0x08000964   0x00000116   Code   RO         1597    i.GPIO_Init         stm32f10x_gpio.o
    0x08000a7a   0x08000a7a   0x00000004   Code   RO         1604    i.GPIO_ResetBits    stm32f10x_gpio.o
    0x08000a7e   0x08000a7e   0x00000004   Code   RO         1605    i.GPIO_SetBits      stm32f10x_gpio.o
    0x08000a82   0x08000a82   0x00000002   PAD
    0x08000a84   0x08000a84   0x00000020   Code   RO          199    i.GetEPRxAddr       usb_regs.o
    0x08000aa4   0x08000aa4   0x00000024   Code   RO          200    i.GetEPRxCount      usb_regs.o
    0x08000ac8   0x08000ac8   0x00000020   Code   RO          202    i.GetEPTxAddr       usb_regs.o
    0x08000ae8   0x08000ae8   0x00000034   Code   RO         2884    i.Get_SerialNum     hw_config.o
    0x08000b1c   0x08000b1c   0x00000004   Code   RO         2714    i.HardFault_Handler  stm32_it.o
    0x08000b20   0x08000b20   0x00000070   Code   RO          597    i.In0_Process       usb_core.o
    0x08000b90   0x08000b90   0x0000003e   Code   RO         2885    i.IntToUnicode      hw_config.o
    0x08000bce   0x08000bce   0x00000004   Code   RO         2715    i.MemManage_Handler  stm32_it.o
    0x08000bd2   0x08000bd2   0x00000002   Code   RO         2716    i.NMI_Handler       stm32_it.o
    0x08000bd4   0x08000bd4   0x00000002   Code   RO          598    i.NOP_Process       usb_core.o
    0x08000bd6   0x08000bd6   0x00000002   PAD
    0x08000bd8   0x08000bd8   0x00000070   Code   RO         1543    i.NVIC_Init         misc.o
    0x08000c48   0x08000c48   0x00000014   Code   RO         1544    i.NVIC_PriorityGroupConfig  misc.o
    0x08000c5c   0x08000c5c   0x00000140   Code   RO          599    i.NoData_Setup0     usb_core.o
    0x08000d9c   0x08000d9c   0x00000050   Code   RO          600    i.Out0_Process      usb_core.o
    0x08000dec   0x08000dec   0x00000028   Code   RO          725    i.PMAToUserBufferCopy  usb_mem.o
    0x08000e14   0x08000e14   0x00000002   Code   RO         2717    i.PendSV_Handler    stm32_it.o
    0x08000e16   0x08000e16   0x00000002   PAD
    0x08000e18   0x08000e18   0x00000048   Code   RO          601    i.Post0_Process     usb_core.o
    0x08000e60   0x08000e60   0x00000050   Code   RO         2830    i.PowerOn           usb_pwr.o
    0x08000eb0   0x08000eb0   0x00000020   Code   RO          921    i.RCC_APB1PeriphClockCmd  stm32f10x_rcc.o
    0x08000ed0   0x08000ed0   0x00000020   Code   RO          923    i.RCC_APB2PeriphClockCmd  stm32f10x_rcc.o
    0x08000ef0   0x08000ef0   0x0000000c   Code   RO          949    i.RCC_USBCLKConfig  stm32f10x_rcc.o
    0x08000efc   0x08000efc   0x000000d0   Code   RO         2831    i.Resume            usb_pwr.o
    0x08000fcc   0x08000fcc   0x0000001c   Code   RO         2832    i.Resume_Init       usb_pwr.o
    0x08000fe8   0x08000fe8   0x00000030   Code   RO         2605    i.SOF_Callback      usb_endp.o
    0x08001018   0x08001018   0x00000002   Code   RO         2718    i.SVC_Handler       stm32_it.o
    0x0800101a   0x0800101a   0x00000002   PAD
    0x0800101c   0x0800101c   0x00000010   Code   RO          210    i.SetBTABLE         usb_regs.o
    0x0800102c   0x0800102c   0x00000050   Code   RO          602    i.SetDeviceAddress  usb_core.o
    0x0800107c   0x0800107c   0x00000024   Code   RO          224    i.SetEPRxAddr       usb_regs.o
    0x080010a0   0x080010a0   0x0000004c   Code   RO          225    i.SetEPRxCount      usb_regs.o
    0x080010ec   0x080010ec   0x00000040   Code   RO          226    i.SetEPRxStatus     usb_regs.o
    0x0800112c   0x0800112c   0x00000034   Code   RO          227    i.SetEPRxValid      usb_regs.o
    0x08001160   0x08001160   0x00000020   Code   RO          228    i.SetEPTxAddr       usb_regs.o
    0x08001180   0x08001180   0x0000001c   Code   RO          229    i.SetEPTxCount      usb_regs.o
    0x0800119c   0x0800119c   0x00000040   Code   RO          230    i.SetEPTxStatus     usb_regs.o
    0x080011dc   0x080011dc   0x00000034   Code   RO          231    i.SetEPTxValid      usb_regs.o
    0x08001210   0x08001210   0x00000024   Code   RO          232    i.SetEPType         usb_regs.o
    0x08001234   0x08001234   0x0000000c   Code   RO          234    i.SetISTR           usb_regs.o
    0x08001240   0x08001240   0x00000008   Code   RO          797    i.SetSysClock       system_stm32f10x.o
    0x08001248   0x08001248   0x000000e0   Code   RO          798    i.SetSysClockTo72   system_stm32f10x.o
    0x08001328   0x08001328   0x0000005c   Code   RO         2887    i.Set_System        hw_config.o
    0x08001384   0x08001384   0x00000012   Code   RO         2888    i.Set_USBClock      hw_config.o
    0x08001396   0x08001396   0x00000002   PAD
    0x08001398   0x08001398   0x000000b8   Code   RO          603    i.Setup0_Process    usb_core.o
    0x08001450   0x08001450   0x0000016c   Code   RO          604    i.Standard_ClearFeature  usb_core.o
    0x080015bc   0x080015bc   0x0000002c   Code   RO          605    i.Standard_GetConfiguration  usb_core.o
    0x080015e8   0x080015e8   0x00000024   Code   RO          606    i.Standard_GetDescriptorData  usb_core.o
    0x0800160c   0x0800160c   0x0000002c   Code   RO          607    i.Standard_GetInterface  usb_core.o
    0x08001638   0x08001638   0x00000100   Code   RO          608    i.Standard_GetStatus  usb_core.o
    0x08001738   0x08001738   0x00000048   Code   RO          609    i.Standard_SetConfiguration  usb_core.o
    0x08001780   0x08001780   0x00000028   Code   RO          610    i.Standard_SetDeviceFeature  usb_core.o
    0x080017a8   0x080017a8   0x000000d0   Code   RO          611    i.Standard_SetEndPointFeature  usb_core.o
    0x08001878   0x08001878   0x0000006c   Code   RO          612    i.Standard_SetInterface  usb_core.o
    0x080018e4   0x080018e4   0x00000094   Code   RO         2833    i.Suspend           usb_pwr.o
    0x08001978   0x08001978   0x00000002   Code   RO         2719    i.SysTick_Handler   stm32_it.o
    0x0800197a   0x0800197a   0x00000002   PAD
    0x0800197c   0x0800197c   0x00000060   Code   RO          800    i.SystemInit        system_stm32f10x.o
    0x080019dc   0x080019dc   0x0000000c   Code   RO         2720    i.USBWakeUp_IRQHandler  stm32_it.o
    0x080019e8   0x080019e8   0x00000024   Code   RO         2889    i.USB_Cable_Config  hw_config.o
    0x08001a0c   0x08001a0c   0x0000003c   Code   RO          755    i.USB_Init          usb_init.o
    0x08001a48   0x08001a48   0x0000003c   Code   RO         2890    i.USB_Interrupts_Config  hw_config.o
    0x08001a84   0x08001a84   0x000001d0   Code   RO         2799    i.USB_Istr          usb_istr.o
    0x08001c54   0x08001c54   0x00000008   Code   RO         2721    i.USB_LP_CAN1_RX0_IRQHandler  stm32_it.o
    0x08001c5c   0x08001c5c   0x00000024   Code   RO            4    i.USB_SIL_Init      usb_sil.o
    0x08001c80   0x08001c80   0x00000004   Code   RO         2722    i.UsageFault_Handler  stm32_it.o
    0x08001c84   0x08001c84   0x00000038   Code   RO          726    i.UserToPMABufferCopy  usb_mem.o
    0x08001cbc   0x08001cbc   0x0000009c   Code   RO         2606    i.VCP_IN_Callback   usb_endp.o
    0x08001d58   0x08001d58   0x00000064   Code   RO         2607    i.VCP_OUT_Callback  usb_endp.o
    0x08001dbc   0x08001dbc   0x00000064   Code   RO         2479    i.Virtual_Com_Port_Data_Setup  usb_prop.o
    0x08001e20   0x08001e20   0x00000014   Code   RO         2480    i.Virtual_Com_Port_GetConfigDescriptor  usb_prop.o
    0x08001e34   0x08001e34   0x00000014   Code   RO         2481    i.Virtual_Com_Port_GetDeviceDescriptor  usb_prop.o
    0x08001e48   0x08001e48   0x0000001c   Code   RO         2482    i.Virtual_Com_Port_GetLineCoding  usb_prop.o
    0x08001e64   0x08001e64   0x00000028   Code   RO         2483    i.Virtual_Com_Port_GetStringDescriptor  usb_prop.o
    0x08001e8c   0x08001e8c   0x00000016   Code   RO         2484    i.Virtual_Com_Port_Get_Interface_Setting  usb_prop.o
    0x08001ea2   0x08001ea2   0x00000002   PAD
    0x08001ea4   0x08001ea4   0x00000028   Code   RO         2485    i.Virtual_Com_Port_NoData_Setup  usb_prop.o
    0x08001ecc   0x08001ecc   0x000000d0   Code   RO         2486    i.Virtual_Com_Port_Reset  usb_prop.o
    0x08001f9c   0x08001f9c   0x00000018   Code   RO         2487    i.Virtual_Com_Port_SetConfiguration  usb_prop.o
    0x08001fb4   0x08001fb4   0x0000000c   Code   RO         2488    i.Virtual_Com_Port_SetDeviceAddress  usb_prop.o
    0x08001fc0   0x08001fc0   0x0000001c   Code   RO         2489    i.Virtual_Com_Port_SetLineCoding  usb_prop.o
    0x08001fdc   0x08001fdc   0x00000014   Code   RO         2490    i.Virtual_Com_Port_Status_In  usb_prop.o
    0x08001ff0   0x08001ff0   0x00000002   Code   RO         2491    i.Virtual_Com_Port_Status_Out  usb_prop.o
    0x08001ff2   0x08001ff2   0x00000002   PAD
    0x08001ff4   0x08001ff4   0x00000028   Code   RO         2492    i.Virtual_Com_Port_init  usb_prop.o
    0x0800201c   0x0800201c   0x0000000e   Code   RO         2995    i.__scatterload_copy  mc_w.l(handlers.o)
    0x0800202a   0x0800202a   0x00000002   Code   RO         2996    i.__scatterload_null  mc_w.l(handlers.o)
    0x0800202c   0x0800202c   0x0000000e   Code   RO         2997    i.__scatterload_zeroinit  mc_w.l(handlers.o)
    0x0800203a   0x0800203a   0x0000002e   Code   RO         2948    i.main              main.o
    0x08002068   0x08002068   0x0000002c   Code   RO         2608    i.usrUSBReceiveBufLen  usb_endp.o
    0x08002094   0x08002094   0x0000004c   Code   RO         2609    i.usrUSBReceiveData  usb_endp.o
    0x080020e0   0x080020e0   0x0000003c   Code   RO         2612    i.usrUSBSendData    usb_endp.o
    0x0800211c   0x0800211c   0x000000b1   Data   RO         2687    .constdata          usb_desc.o
    0x080021cd   0x080021cd   0x00000003   PAD
    0x080021d0   0x080021d0   0x00000020   Data   RO         2993    Region$$Table       anon$$obj.o


    Execution Region RW_IRAM1 (Exec base: 0x20000000, Load base: 0x080021f0, Size: 0x00000780, Max: 0x00010000, ABSOLUTE, COMPRESSED[0x00000088])

    Exec Addr    Load Addr    Size         Type   Attr      Idx    E Section Name        Object

    0x20000000   COMPRESSED   0x00000004   Data   RW          554    .data               usb_int.o
    0x20000004   COMPRESSED   0x00000009   Data   RW          613    .data               usb_core.o
    0x2000000d   COMPRESSED   0x00000003   PAD
    0x20000010   COMPRESSED   0x00000014   Data   RW          757    .data               usb_init.o
    0x20000024   COMPRESSED   0x00000094   Data   RW         2493    .data               usb_prop.o
    0x200000b8   COMPRESSED   0x0000021c   Data   RW         2613    .data               usb_endp.o
    0x200002d4   COMPRESSED   0x0000001a   Data   RW         2688    .data               usb_desc.o
    0x200002ee   COMPRESSED   0x00000002   PAD
    0x200002f0   COMPRESSED   0x00000044   Data   RW         2800    .data               usb_istr.o
    0x20000334   COMPRESSED   0x0000000c   Data   RW         2835    .data               usb_pwr.o
    0x20000340        -       0x0000001c   Zero   RW          756    .bss                usb_init.o
    0x2000035c        -       0x00000020   Zero   RW         2834    .bss                usb_pwr.o
    0x2000037c   COMPRESSED   0x00000004   PAD
    0x20000380        -       0x00000400   Zero   RW          787    STACK               startup_stm32f10x_hd.o


==============================================================================

Image component sizes


      Code (inc. data)   RO Data    RW Data    ZI Data      Debug   Object Name

       320         24          0          0          0       4210   hw_config.o
        46          0          0          0          0        607   main.o
       132         22          0          0          0       1959   misc.o
        36          8        304          0       1024        852   startup_stm32f10x_hd.o
        46          0          0          0          0       5282   stm32_it.o
        12          6          0          0          0        653   stm32f10x_exti.o
       286          0          0          0          0       3588   stm32f10x_gpio.o
        76         18          0          0          0       2057   stm32f10x_rcc.o
       328         28          0          0          0     217517   system_stm32f10x.o
      3102        294          0          9          0      16615   usb_core.o
         0          0        177         26          0       1175   usb_desc.o
       500         44          0        540          0       5817   usb_endp.o
        60         24          0         20         28       4502   usb_init.o
       648         32          0          4          0       2040   usb_int.o
       464         38          0         68          0       1755   usb_istr.o
        96         10          0          0          0       2092   usb_mem.o
       604        102          0        148          0      13265   usb_prop.o
       464         50          0         12         32       3848   usb_pwr.o
       724        106          0          0          0      12201   usb_regs.o
        36          8          0          0          0     223715   usb_sil.o

    ----------------------------------------------------------------------
      8000        814        516        832       1088     523750   Object Totals
         0          0         32          0          0          0   (incl. Generated)
        20          0          3          5          4          0   (incl. Padding)

    ----------------------------------------------------------------------

      Code (inc. data)   RO Data    RW Data    ZI Data      Debug   Library Member Name

        86          0          0          0          0          0   __dczerorl2.o
         0          0          0          0          0          0   entry.o
         0          0          0          0          0          0   entry10a.o
         0          0          0          0          0          0   entry11a.o
         8          4          0          0          0          0   entry2.o
         4          0          0          0          0          0   entry5.o
         0          0          0          0          0          0   entry7b.o
         0          0          0          0          0          0   entry8b.o
         8          4          0          0          0          0   entry9a.o
        30          0          0          0          0          0   handlers.o
        36          8          0          0          0         68   init.o

    ----------------------------------------------------------------------
       172         16          0          0          0         68   Library Totals
         0          0          0          0          0          0   (incl. Padding)

    ----------------------------------------------------------------------

      Code (inc. data)   RO Data    RW Data    ZI Data      Debug   Library Name

       172         16          0          0          0         68   mc_w.l

    ----------------------------------------------------------------------
       172         16          0          0          0         68   Library Totals

    ----------------------------------------------------------------------

==============================================================================


      Code (inc. data)   RO Data    RW Data    ZI Data      Debug   

      8172        830        516        832       1088     519110   Grand Totals
      8172        830        516        136       1088     519110   ELF Image Totals (compressed)
      8172        830        516        136          0          0   ROM Totals

==============================================================================

    Total RO  Size (Code + RO Data)                 8688 (   8.48kB)
    Total RW  Size (RW Data + ZI Data)              1920 (   1.88kB)
    Total ROM Size (Code + RO Data + RW Data)       8824 (   8.62kB)

==============================================================================

