Component: ARM Compiler 5.06 update 6 (build 750) Tool: armlink [4d35ed]

==============================================================================

Section Cross References

    usb_sil.o(i.USB_SIL_Init) refers to usb_init.o(.data) for wInterrupt_Mask
    usb_sil.o(i.USB_SIL_Read) refers to usb_regs.o(i.GetEPRxCount) for GetEPRxCount
    usb_sil.o(i.USB_SIL_Read) refers to usb_regs.o(i.GetEPRxAddr) for GetEPRxAddr
    usb_sil.o(i.USB_SIL_Read) refers to usb_mem.o(i.PMAToUserBufferCopy) for PMAToUserBufferCopy
    usb_sil.o(i.USB_SIL_Write) refers to usb_regs.o(i.GetEPTxAddr) for GetEPTxAddr
    usb_sil.o(i.USB_SIL_Write) refers to usb_mem.o(i.UserToPMABufferCopy) for UserToPMABufferCopy
    usb_sil.o(i.USB_SIL_Write) refers to usb_regs.o(i.SetEPTxCount) for SetEPTxCount
    usb_regs.o(i.SetDouBleBuffEPStall) refers to usb_regs.o(i.GetENDPOINT) for GetENDPOINT
    usb_int.o(i.CTR_HP) refers to usb_init.o(.data) for EPindex
    usb_int.o(i.CTR_HP) refers to usb_istr.o(.data) for wIstr
    usb_int.o(i.CTR_HP) refers to usb_istr.o(.data) for pEpInt_OUT
    usb_int.o(i.CTR_HP) refers to usb_istr.o(.data) for pEpInt_IN
    usb_int.o(i.CTR_LP) refers to usb_core.o(i.In0_Process) for In0_Process
    usb_int.o(i.CTR_LP) refers to usb_core.o(i.Setup0_Process) for Setup0_Process
    usb_int.o(i.CTR_LP) refers to usb_core.o(i.Out0_Process) for Out0_Process
    usb_int.o(i.CTR_LP) refers to usb_int.o(.data) for .data
    usb_int.o(i.CTR_LP) refers to usb_istr.o(.data) for wIstr
    usb_int.o(i.CTR_LP) refers to usb_init.o(.data) for EPindex
    usb_int.o(i.CTR_LP) refers to usb_istr.o(.data) for pEpInt_OUT
    usb_int.o(i.CTR_LP) refers to usb_istr.o(.data) for pEpInt_IN
    usb_core.o(i.DataStageIn) refers to usb_regs.o(i.GetEPTxAddr) for GetEPTxAddr
    usb_core.o(i.DataStageIn) refers to usb_mem.o(i.UserToPMABufferCopy) for UserToPMABufferCopy
    usb_core.o(i.DataStageIn) refers to usb_regs.o(i.SetEPTxCount) for SetEPTxCount
    usb_core.o(i.DataStageIn) refers to usb_init.o(.data) for pInformation
    usb_core.o(i.DataStageIn) refers to usb_int.o(.data) for SaveTState
    usb_core.o(i.DataStageIn) refers to usb_core.o(.data) for .data
    usb_core.o(i.DataStageOut) refers to usb_regs.o(i.GetEPRxAddr) for GetEPRxAddr
    usb_core.o(i.DataStageOut) refers to usb_mem.o(i.PMAToUserBufferCopy) for PMAToUserBufferCopy
    usb_core.o(i.DataStageOut) refers to usb_regs.o(i.SetEPTxCount) for SetEPTxCount
    usb_core.o(i.DataStageOut) refers to usb_init.o(.data) for pInformation
    usb_core.o(i.DataStageOut) refers to usb_int.o(.data) for SaveRState
    usb_core.o(i.Data_Setup0) refers to usb_core.o(i.DataStageIn) for DataStageIn
    usb_core.o(i.Data_Setup0) refers to usb_init.o(.data) for pInformation
    usb_core.o(i.Data_Setup0) refers to usb_core.o(i.Standard_GetStatus) for Standard_GetStatus
    usb_core.o(i.Data_Setup0) refers to usb_prop.o(.data) for Device_Table
    usb_core.o(i.Data_Setup0) refers to usb_core.o(i.Standard_GetConfiguration) for Standard_GetConfiguration
    usb_core.o(i.Data_Setup0) refers to usb_core.o(i.Standard_GetInterface) for Standard_GetInterface
    usb_core.o(i.Data_Setup0) refers to usb_core.o(.data) for .data
    usb_core.o(i.Data_Setup0) refers to usb_int.o(.data) for SaveRState
    usb_core.o(i.In0_Process) refers to usb_core.o(i.DataStageIn) for DataStageIn
    usb_core.o(i.In0_Process) refers to usb_core.o(i.SetDeviceAddress) for SetDeviceAddress
    usb_core.o(i.In0_Process) refers to usb_core.o(i.Post0_Process) for Post0_Process
    usb_core.o(i.In0_Process) refers to usb_init.o(.data) for pInformation
    usb_core.o(i.NoData_Setup0) refers to usb_core.o(i.Standard_SetConfiguration) for Standard_SetConfiguration
    usb_core.o(i.NoData_Setup0) refers to usb_core.o(i.Standard_SetDeviceFeature) for Standard_SetDeviceFeature
    usb_core.o(i.NoData_Setup0) refers to usb_core.o(i.Standard_SetInterface) for Standard_SetInterface
    usb_core.o(i.NoData_Setup0) refers to usb_core.o(i.Standard_ClearFeature) for Standard_ClearFeature
    usb_core.o(i.NoData_Setup0) refers to usb_core.o(i.Standard_SetEndPointFeature) for Standard_SetEndPointFeature
    usb_core.o(i.NoData_Setup0) refers to usb_init.o(.data) for pInformation
    usb_core.o(i.NoData_Setup0) refers to usb_core.o(.data) for .data
    usb_core.o(i.NoData_Setup0) refers to usb_int.o(.data) for SaveTState
    usb_core.o(i.Out0_Process) refers to usb_core.o(i.DataStageOut) for DataStageOut
    usb_core.o(i.Out0_Process) refers to usb_core.o(i.Post0_Process) for Post0_Process
    usb_core.o(i.Out0_Process) refers to usb_init.o(.data) for pInformation
    usb_core.o(i.Post0_Process) refers to usb_regs.o(i.SetEPRxCount) for SetEPRxCount
    usb_core.o(i.Post0_Process) refers to usb_prop.o(.data) for Device_Property
    usb_core.o(i.Post0_Process) refers to usb_init.o(.data) for pInformation
    usb_core.o(i.Post0_Process) refers to usb_int.o(.data) for SaveRState
[...]
    Removing stm32f10x_flash.o(i.FLASH_EraseAllBank1Pages), (56 bytes).
    Removing stm32f10x_flash.o(i.FLASH_EraseAllPages), (56 bytes).
    Removing stm32f10x_flash.o(i.FLASH_EraseOptionBytes), (124 bytes).
    Removing stm32f10x_flash.o(i.FLASH_ErasePage), (60 bytes).
    Removing stm32f10x_flash.o(i.FLASH_GetBank1Status), (40 bytes).
    Removing stm32f10x_flash.o(i.FLASH_GetFlagStatus), (32 bytes).
    Removing stm32f10x_flash.o(i.FLASH_GetPrefetchBufferStatus), (20 bytes).
    Removing stm32f10x_flash.o(i.FLASH_GetReadOutProtectionStatus), (20 bytes).
    Removing stm32f10x_flash.o(i.FLASH_GetStatus), (40 bytes).
    Removing stm32f10x_flash.o(i.FLASH_GetUserOptionByte), (12 bytes).
    Removing stm32f10x_flash.o(i.FLASH_GetWriteProtectionOptionByte), (12 bytes).
    Removing stm32f10x_flash.o(i.FLASH_HalfCycleAccessCmd), (24 bytes).
    Removing stm32f10x_flash.o(i.FLASH_ITConfig), (24 bytes).
    Removing stm32f10x_flash.o(i.FLASH_Lock), (16 bytes).
    Removing stm32f10x_flash.o(i.FLASH_LockBank1), (16 bytes).
    Removing stm32f10x_flash.o(i.FLASH_PrefetchBufferCmd), (24 bytes).
    Removing stm32f10x_flash.o(i.FLASH_ProgramHalfWord), (52 bytes).
    Removing stm32f10x_flash.o(i.FLASH_ProgramOptionByteData), (76 bytes).
    Removing stm32f10x_flash.o(i.FLASH_ProgramWord), (80 bytes).
    Removing stm32f10x_flash.o(i.FLASH_ReadOutProtection), (136 bytes).
    Removing stm32f10x_flash.o(i.FLASH_SetLatency), (20 bytes).
    Removing stm32f10x_flash.o(i.FLASH_Unlock), (24 bytes).
    Removing stm32f10x_flash.o(i.FLASH_UnlockBank1), (24 bytes).
    Removing stm32f10x_flash.o(i.FLASH_UserOptionByteConfig), (96 bytes).
    Removing stm32f10x_flash.o(i.FLASH_WaitForLastBank1Operation), (36 bytes).
    Removing stm32f10x_flash.o(i.FLASH_WaitForLastOperation), (36 bytes).

387 unused section(s) (total 10245 bytes) removed from the image.

==============================================================================

Image Symbol Table

    Local Symbols

    Symbol Name                              Value     Ov Type        Size  Object(Section)

    ../../../Libraries/STM32F10x_StdPeriph_Driver/src/misc.c 0x00000000   Number         0  misc.o ABSOLUTE
    ../../../Libraries/STM32F10x_StdPeriph_Driver/src/stm32f10x_dma.c 0x00000000   Number         0  stm32f10x_dma.o ABSOLUTE
    ../../../Libraries/STM32F10x_StdPeriph_Driver/src/stm32f10x_exti.c 0x00000000   Number         0  stm32f10x_exti.o ABSOLUTE
    ../../../Libraries/STM32F10x_StdPeriph_Driver/src/stm32f10x_flash.c 0x00000000   Number         0  stm32f10x_flash.o ABSOLUTE
    ../../../Libraries/STM32F10x_StdPeriph_Driver/src/stm32f10x_fsmc.c 0x00000000   Number         0  stm32f10x_fsmc.o ABSOLUTE
    ../../../Libraries/STM32F10x_StdPeriph_Driver/src/stm32f10x_gpio.c 0x00000000   Number         0  stm32f10x_gpio.o ABSOLUTE
    ../../../Libraries/STM32F10x_StdPeriph_Driver/src/stm32f10x_i2c.c 0x00000000   Number         0  stm32f10x_i2c.o ABSOLUTE
    ../../../Libraries/STM32F10x_StdPeriph_Driver/src/stm32f10x_pwr.c 0x00000000   Number         0  stm32f10x_pwr.o ABSOLUTE
    ../../../Libraries/STM32F10x_StdPeriph_Driver/src/stm32f10x_rcc.c 0x00000000   Number         0  stm32f10x_rcc.o ABSOLUTE
    ../../../Libraries/STM32F10x_StdPeriph_Driver/src/stm32f10x_sdio.c 0x00000000   Number         0  stm32f10x_sdio.o ABSOLUTE
    ../../../Libraries/STM32F10x_StdPeriph_Driver/src/stm32f10x_spi.c 0x00000000   Number         0  stm32f10x_spi.o ABSOLUTE
    ../../../Libraries/STM32F10x_StdPeriph_Driver/src/stm32f10x_usart.c 0x00000000   Number         0  stm32f10x_usart.o ABSOLUTE
    ../../../Libraries/STM32_USB-FS-Device_Driver/src/usb_core.c 0x00000000   Number         0  usb_core.o ABSOLUTE
    ../../../Libraries/STM32_USB-FS-Device_Driver/src/usb_init.c 0x00000000   Number         0  usb_init.o ABSOLUTE
    ../../../Libraries/STM32_USB-FS-Device_Driver/src/usb_int.c 0x00000000   Number         0  usb_int.o ABSOLUTE
    ../../../Libraries/STM32_USB-FS-Device_Driver/src/usb_mem.c 0x00000000   Number         0  usb_mem.o ABSOLUTE
    ../../../Libraries/STM32_USB-FS-Device_Driver/src/usb_regs.c 0x00000000   Number         0  usb_regs.o ABSOLUTE
    ../../../Libraries/STM32_USB-FS-Device_Driver/src/usb_sil.c 0x00000000   Number         0  usb_sil.o ABSOLUTE
    ../clib/../cmprslib/zerorunl2.c          0x00000000   Number         0  __dczerorl2.o ABSOLUTE
    ../clib/microlib/init/entry.s            0x00000000   Number         0  entry7a.o ABSOLUTE
    ../clib/microlib/init/entry.s            0x00000000   Number         0  entry2.o ABSOLUTE
    ../clib/microlib/init/entry.s            0x00000000   Number         0  entry5.o ABSOLUTE
    ../clib/microlib/init/entry.s            0x00000000   Number         0  entry9b.o ABSOLUTE
    ../clib/microlib/init/entry.s            0x00000000   Number         0  entry10a.o ABSOLUTE
    ../clib/microlib/init/entry.s            0x00000000   Number         0  entry9a.o ABSOLUTE
    ../clib/microlib/init/entry.s            0x00000000   Number         0  entry8b.o ABSOLUTE
    ../clib/microlib/init/entry.s            0x00000000   Number         0  entry10b.o ABSOLUTE
    ../clib/microlib/init/entry.s            0x00000000   Number         0  entry11b.o ABSOLUTE
    ../clib/microlib/init/entry.s            0x00000000   Number         0  entry11a.o ABSOLUTE
    ../clib/microlib/init/entry.s            0x00000000   Number         0  entry8a.o ABSOLUTE
    ../clib/microlib/init/entry.s            0x00000000   Number         0  entry7b.o ABSOLUTE
    ../clib/microlib/init/entry.s            0x00000000   Number         0  entry.o ABSOLUTE
    ../src/hw_config.c                       0x00000000   Number         0  hw_config.o ABSOLUTE
    ../src/main.c                            0x00000000   Number         0  main.o ABSOLUTE
    ../src/mass_mal.c                        0x00000000   Number         0  mass_mal.o ABSOLUTE
    ../src/memory.c                          0x00000000   Number         0  memory.o ABSOLUTE
    ../src/scsi_data.c                       0x00000000   Number         0  scsi_data.o ABSOLUTE
    ../src/stm32_it.c                        0x00000000   Number         0  stm32_it.o ABSOLUTE
    ../src/system_stm32f10x.c                0x00000000   Number         0  system_stm32f10x.o ABSOLUTE
    ../src/usb_bot.c                         0x00000000   Number         0  usb_bot.o ABSOLUTE
    ../src/usb_desc.c                        0x00000000   Number         0  usb_desc.o ABSOLUTE
    ../src/usb_endp.c                        0x00000000   Number         0  usb_endp.o ABSOLUTE
    ../src/usb_istr.c                        0x00000000   Number         0  usb_istr.o ABSOLUTE
    ../src/usb_prop.c                        0x00000000   Number         0  usb_prop.o ABSOLUTE
    ../src/usb_pwr.c                         0x00000000   Number         0  usb_pwr.o ABSOLUTE
    ../src/usb_scsi.c                        0x00000000   Number         0  usb_scsi.o ABSOLUTE
    ..\..\..\Libraries\STM32F10x_StdPeriph_Driver\src\misc.c 0x00000000   Number         0  misc.o ABSOLUTE
    ..\..\..\Libraries\STM32F10x_StdPeriph_Driver\src\stm32f10x_dma.c 0x00000000   Number         0  stm32f10x_dma.o ABSOLUTE
    ..\..\..\Libraries\STM32F10x_StdPeriph_Driver\src\stm32f10x_exti.c 0x00000000   Number         0  stm32f10x_exti.o ABSOLUTE
    ..\..\..\Libraries\STM32F10x_StdPeriph_Driver\src\stm32f10x_flash.c 0x00000000   Number         0  stm32f10x_flash.o ABSOLUTE
    ..\..\..\Libraries\STM32F10x_StdPeriph_Driver\src\stm32f10x_fsmc.c 0x00000000   Number         0  stm32f10x_fsmc.o ABSOLUTE
    ..\..\..\Libraries\STM32F10x_StdPeriph_Driver\src\stm32f10x_gpio.c 0x00000000   Number         0  stm32f10x_gpio.o ABSOLUTE
    ..\..\..\Libraries\STM32F10x_StdPeriph_Driver\src\stm32f10x_i2c.c 0x00000000   Number         0  stm32f10x_i2c.o ABSOLUTE
    ..\..\..\Libraries\STM32F10x_StdPeriph_Driver\src\stm32f10x_pwr.c 0x00000000   Number         0  stm32f10x_pwr.o ABSOLUTE
    ..\..\..\Libraries\STM32F10x_StdPeriph_Driver\src\stm32f10x_rcc.c 0x00000000   Number         0  stm32f10x_rcc.o ABSOLUTE
    ..\..\..\Libraries\STM32F10x_StdPeriph_Driver\src\stm32f10x_sdio.c 0x00000000   Number         0  stm32f10x_sdio.o ABSOLUTE
    ..\..\..\Libraries\STM32F10x_StdPeriph_Driver\src\stm32f10x_spi.c 0x00000000   Number         0  stm32f10x_spi.o ABSOLUTE
    ..\..\..\Libraries\STM32F10x_StdPeriph_Driver\src\stm32f10x_usart.c 0x00000000   Number         0  stm32f10x_usart.o ABSOLUTE
    ..\..\..\Libraries\STM32_USB-FS-Device_Driver\src\usb_core.c 0x00000000   Number         0  usb_core.o ABSOLUTE
    ..\..\..\Libraries\STM32_USB-FS-Device_Driver\src\usb_init.c 0x00000000   Number         0  usb_init.o ABSOLUTE
    ..\..\..\Libraries\STM32_USB-FS-Device_Driver\src\usb_int.c 0x00000000   Number         0  usb_int.o ABSOLUTE
    ..\..\..\Libraries\STM32_USB-FS-Device_Driver\src\usb_mem.c 0x00000000   Number         0  usb_mem.o ABSOLUTE
    ..\..\..\Libraries\STM32_USB-FS-Device_Driver\src\usb_regs.c 0x00000000   Number         0  usb_regs.o ABSOLUTE
    ..\..\..\Libraries\STM32_USB-FS-Device_Driver\src\usb_sil.c 0x00000000   Number         0  usb_sil.o ABSOLUTE
    ..\src\hw_config.c                       0x00000000   Number         0  hw_config.o ABSOLUTE
    ..\src\main.c                            0x00000000   Number         0  main.o ABSOLUTE
    ..\src\mass_mal.c                        0x00000000   Number         0  mass_mal.o ABSOLUTE
    ..\src\memory.c                          0x00000000   Number         0  memory.o ABSOLUTE
    ..\src\scsi_data.c                       0x00000000   Number         0  scsi_data.o ABSOLUTE
    ..\src\stm32_it.c                        0x00000000   Number         0  stm32_it.o ABSOLUTE
    ..\src\system_stm32f10x.c                0x00000000   Number         0  system_stm32f10x.o ABSOLUTE
    ..\src\usb_bot.c                         0x00000000   Number         0  usb_bot.o ABSOLUTE
    ..\src\usb_desc.c                        0x00000000   Number         0  usb_desc.o ABSOLUTE
    ..\src\usb_endp.c                        0x00000000   Number         0  usb_endp.o ABSOLUTE
    ..\src\usb_istr.c                        0x00000000   Number         0  usb_istr.o ABSOLUTE
    ..\src\usb_prop.c                        0x00000000   Number         0  usb_prop.o ABSOLUTE
    ..\src\usb_pwr.c                         0x00000000   Number         0  usb_pwr.o ABSOLUTE
    ..\src\usb_scsi.c                        0x00000000   Number         0  usb_scsi.o ABSOLUTE
    dc.s                                     0x00000000   Number         0  dc.o ABSOLUTE
    handlers.s                               0x00000000   Number         0  handlers.o ABSOLUTE
    init.s                                   0x00000000   Number         0  init.o ABSOLUTE
    sd.c                                     0x00000000   Number         0  sd.o ABSOLUTE
    sd.c                                     0x00000000   Number         0  sd.o ABSOLUTE
    spi.c                                    0x00000000   Number         0  spi.o ABSOLUTE
    spi.c                                    0x00000000   Number         0  spi.o ABSOLUTE
    startup_stm32f10x_hd.s                   0x00000000   Number         0  startup_stm32f10x_hd.o ABSOLUTE
    RESET                                    0x08000000   Section      304  startup_stm32f10x_hd.o(RESET)
    .ARM.Collect$$$$00000000                 0x08000130   Section        0  entry.o(.ARM.Collect$$$$00000000)
    .ARM.Collect$$$$00000001                 0x08000130   Section        4  entry2.o(.ARM.Collect$$$$00000001)
    .ARM.Collect$$$$00000004                 0x08000134   Section        4  entry5.o(.ARM.Collect$$$$00000004)
    .ARM.Collect$$$$00000008                 0x08000138   Section        0  entry7b.o(.ARM.Collect$$$$00000008)
    .ARM.Collect$$$$0000000A                 0x08000138   Section        0  entry8b.o(.ARM.Collect$$$$0000000A)
    .ARM.Collect$$$$0000000B                 0x08000138   Section        8  entry9a.o(.ARM.Collect$$$$0000000B)
    .ARM.Collect$$$$0000000D                 0x08000140   Section        0  entry10a.o(.ARM.Collect$$$$0000000D)
    .ARM.Collect$$$$0000000F                 0x08000140   Section        0  entry11a.o(.ARM.Collect$$$$0000000F)
    .ARM.Collect$$$$00002712                 0x08000140   Section        4  entry2.o(.ARM.Collect$$$$00002712)
    __lit__00000000                          0x08000140   Data           4  entry2.o(.ARM.Collect$$$$00002712)
    .text                                    0x08000144   Section       36  startup_stm32f10x_hd.o(.text)
    .text                                    0x08000168   Section       36  init.o(.text)
    .text                                    0x0800018c   Section        0  __dczerorl2.o(.text)
    i.Bot_Abort                              0x080001e2   Section        0  usb_bot.o(i.Bot_Abort)
    i.BusFault_Handler                       0x08000214   Section        0  stm32_it.o(i.BusFault_Handler)
    i.ByteSwap                               0x08000216   Section        0  usb_regs.o(i.ByteSwap)
    i.CBW_Decode                             0x08000220   Section        0  usb_bot.o(i.CBW_Decode)
    i.CTR_HP                                 0x080003b8   Section        0  usb_int.o(i.CTR_HP)
    i.CTR_LP                                 0x08000438   Section        0  usb_int.o(i.CTR_LP)
    i.ClearDTOG_RX                           0x08000594   Section        0  usb_regs.o(i.ClearDTOG_RX)
    i.ClearDTOG_TX                           0x080005bc   Section        0  usb_regs.o(i.ClearDTOG_TX)
    i.Clear_Status_Out                       0x080005e4   Section        0  usb_regs.o(i.Clear_Status_Out)
    i.DMA2_Channel4_5_IRQHandler             0x08000604   Section        0  stm32_it.o(i.DMA2_Channel4_5_IRQHandler)
    i.DataStageIn                            0x08000608   Section        0  usb_core.o(i.DataStageIn)
    DataStageIn                              0x08000609   Thumb Code   156  usb_core.o(i.DataStageIn)
    i.DataStageOut                           0x080006bc   Section        0  usb_core.o(i.DataStageOut)
    DataStageOut                             0x080006bd   Thumb Code   174  usb_core.o(i.DataStageOut)
    i.Data_Setup0                            0x08000784   Section        0  usb_core.o(i.Data_Setup0)
    Data_Setup0                              0x08000785   Thumb Code   376  usb_core.o(i.Data_Setup0)
    i.DebugMon_Handler                       0x08000920   Section        0  stm32_it.o(i.DebugMon_Handler)
    i.EP1_IN_Callback                        0x08000922   Section        0  usb_endp.o(i.EP1_IN_Callback)
    i.EP2_OUT_Callback                       0x08000926   Section        0  usb_endp.o(i.EP2_OUT_Callback)
    i.EXTI_ClearITPendingBit                 0x0800092c   Section        0  stm32f10x_exti.o(i.EXTI_ClearITPendingBit)
    i.GPIO_Init                              0x08000938   Section        0  stm32f10x_gpio.o(i.GPIO_Init)
    i.GPIO_PinRemapConfig                    0x080009dc   Section        0  stm32f10x_gpio.o(i.GPIO_PinRemapConfig)
    i.GPIO_ResetBits                         0x08000a34   Section        0  stm32f10x_gpio.o(i.GPIO_ResetBits)
    i.GPIO_SetBits                           0x08000a38   Section        0  stm32f10x_gpio.o(i.GPIO_SetBits)
    i.GetEPRxAddr                            0x08000a3c   Section        0  usb_regs.o(i.GetEPRxAddr)
    i.GetEPRxCount                           0x08000a5c   Section        0  usb_regs.o(i.GetEPRxCount)
    i.GetEPRxStatus                          0x08000a7c   Section        0  usb_regs.o(i.GetEPRxStatus)
    i.GetEPTxAddr                            0x08000a94   Section        0  usb_regs.o(i.GetEPTxAddr)
    i.Get_Max_Lun                            0x08000ab0   Section        0  usb_prop.o(i.Get_Max_Lun)
    i.Get_SerialNum                          0x08000acc   Section        0  hw_config.o(i.Get_SerialNum)
    i.HardFault_Handler                      0x08000b00   Section        0  stm32_it.o(i.HardFault_Handler)
    i.In0_Process                            0x08000b04   Section        0  usb_core.o(i.In0_Process)
    i.IntToUnicode                           0x08000b60   Section        0  hw_config.o(i.IntToUnicode)
    IntToUnicode                             0x08000b61   Thumb Code    56  hw_config.o(i.IntToUnicode)
    i.MAL_GetStatus                          0x08000b98   Section        0  mass_mal.o(i.MAL_GetStatus)
    i.MAL_Init                               0x08000bf8   Section        0  mass_mal.o(i.MAL_Init)
    i.MAL_Read                               0x08000c18   Section        0  mass_mal.o(i.MAL_Read)
    i.MAL_Write                              0x08000c3c   Section        0  mass_mal.o(i.MAL_Write)
    i.MASS_Data_Setup                        0x08000c60   Section        0  usb_prop.o(i.MASS_Data_Setup)
    i.MASS_GetConfigDescriptor               0x08000ca0   Section        0  usb_prop.o(i.MASS_GetConfigDescriptor)
    i.MASS_GetDeviceDescriptor               0x08000cac   Section        0  usb_prop.o(i.MASS_GetDeviceDescriptor)
    i.MASS_GetStringDescriptor               0x08000cb8   Section        0  usb_prop.o(i.MASS_GetStringDescriptor)
    i.MASS_Get_Interface_Setting             0x08000cd8   Section        0  usb_prop.o(i.MASS_Get_Interface_Setting)
    i.MASS_NoData_Setup                      0x08000ce4   Section        0  usb_prop.o(i.MASS_NoData_Setup)
    i.MASS_Reset                             0x08000d34   Section        0  usb_prop.o(i.MASS_Reset)
    i.MASS_Status_In                         0x08000e18   Section        0  usb_prop.o(i.MASS_Status_In)
    i.MASS_Status_Out                        0x08000e1a   Section        0  usb_prop.o(i.MASS_Status_Out)
    i.MASS_init                              0x08000e1c   Section        0  usb_prop.o(i.MASS_init)
    i.Mass_Storage_ClearFeature              0x08000e40   Section        0  usb_prop.o(i.Mass_Storage_ClearFeature)
    i.Mass_Storage_In                        0x08000e5c   Section        0  usb_bot.o(i.Mass_Storage_In)
    i.Mass_Storage_Out                       0x08000ec4   Section        0  usb_bot.o(i.Mass_Storage_Out)
    i.Mass_Storage_SetConfiguration          0x08000f24   Section        0  usb_prop.o(i.Mass_Storage_SetConfiguration)
    i.Mass_Storage_SetDeviceAddress          0x08000f58   Section        0  usb_prop.o(i.Mass_Storage_SetDeviceAddress)
    i.MemManage_Handler                      0x08000f64   Section        0  stm32_it.o(i.MemManage_Handler)
    i.NMI_Handler                            0x08000f66   Section        0  stm32_it.o(i.NMI_Handler)
    i.NOP_Process                            0x08000f68   Section        0  usb_core.o(i.NOP_Process)
    i.NVIC_Init                              0x08000f6c   Section        0  misc.o(i.NVIC_Init)
    i.NVIC_PriorityGroupConfig               0x08000fd0   Section        0  misc.o(i.NVIC_PriorityGroupConfig)
    i.NoData_Setup0                          0x08000fe4   Section        0  usb_core.o(i.NoData_Setup0)
    NoData_Setup0                            0x08000fe5   Thumb Code   196  usb_core.o(i.NoData_Setup0)
    i.Out0_Process                           0x080010c0   Section        0  usb_core.o(i.Out0_Process)
    i.PMAToUserBufferCopy                    0x08001108   Section        0  usb_mem.o(i.PMAToUserBufferCopy)
    i.PendSV_Handler                         0x08001128   Section        0  stm32_it.o(i.PendSV_Handler)
    i.Post0_Process                          0x0800112c   Section        0  usb_core.o(i.Post0_Process)
    i.PowerOn                                0x08001170   Section        0  usb_pwr.o(i.PowerOn)
    i.RCC_APB1PeriphClockCmd                 0x080011a4   Section        0  stm32f10x_rcc.o(i.RCC_APB1PeriphClockCmd)
    i.RCC_APB2PeriphClockCmd                 0x080011bc   Section        0  stm32f10x_rcc.o(i.RCC_APB2PeriphClockCmd)
    i.RCC_USBCLKConfig                       0x080011d4   Section        0  stm32f10x_rcc.o(i.RCC_USBCLKConfig)
    i.Read_Memory                            0x080011e0   Section        0  memory.o(i.Read_Memory)
    i.Resume                                 0x08001294   Section        0  usb_pwr.o(i.Resume)
    i.Resume_Init                            0x08001324   Section        0  usb_pwr.o(i.Resume_Init)
    i.SCSI_Address_Management                0x0800133c   Section        0  usb_scsi.o(i.SCSI_Address_Management)
    i.SCSI_Format_Cmd                        0x080013b0   Section        0  usb_scsi.o(i.SCSI_Format_Cmd)
    i.SCSI_Inquiry_Cmd                       0x080013e8   Section        0  usb_scsi.o(i.SCSI_Inquiry_Cmd)
    i.SCSI_Invalid_Cmd                       0x0800141c   Section        0  usb_scsi.o(i.SCSI_Invalid_Cmd)
    i.SCSI_ModeSense10_Cmd                   0x08001450   Section        0  usb_scsi.o(i.SCSI_ModeSense10_Cmd)
    i.SCSI_ModeSense6_Cmd                    0x0800145c   Section        0  usb_scsi.o(i.SCSI_ModeSense6_Cmd)
    i.SCSI_Read10_Cmd                        0x08001468   Section        0  usb_scsi.o(i.SCSI_Read10_Cmd)
    i.SCSI_ReadCapacity10_Cmd                0x080014d0   Section        0  usb_scsi.o(i.SCSI_ReadCapacity10_Cmd)
    i.SCSI_ReadFormatCapacity_Cmd            0x08001540   Section        0  usb_scsi.o(i.SCSI_ReadFormatCapacity_Cmd)
    i.SCSI_RequestSense_Cmd                  0x080015ac   Section        0  usb_scsi.o(i.SCSI_RequestSense_Cmd)
    i.SCSI_Start_Stop_Unit_Cmd               0x080015c4   Section        0  usb_scsi.o(i.SCSI_Start_Stop_Unit_Cmd)
    i.SCSI_TestUnitReady_Cmd                 0x080015cc   Section        0  usb_scsi.o(i.SCSI_TestUnitReady_Cmd)
    i.SCSI_Verify10_Cmd                      0x08001604   Section        0  usb_scsi.o(i.SCSI_Verify10_Cmd)
    i.SCSI_Write10_Cmd                       0x08001638   Section        0  usb_scsi.o(i.SCSI_Write10_Cmd)
    i.SDIO_IRQHandler                        0x0800169c   Section        0  stm32_it.o(i.SDIO_IRQHandler)
    i.SD_Cancel_CS                           0x0800169e   Section        0  sd.o(i.SD_Cancel_CS)
    i.SD_GetCID                              0x080016b0   Section        0  sd.o(i.SD_GetCID)
    i.SD_GetCSD                              0x080016da   Section        0  sd.o(i.SD_GetCSD)
    i.SD_GetCardInfo                         0x08001704   Section        0  main.o(i.SD_GetCardInfo)
    i.SD_Get_Ack                             0x0800198c   Section        0  sd.o(i.SD_Get_Ack)
    i.SD_Init                                0x080019b4   Section        0  sd.o(i.SD_Init)
    i.SD_Read_Data                           0x08001b08   Section        0  sd.o(i.SD_Read_Data)
    i.SD_RecvData                            0x08001b70   Section        0  sd.o(i.SD_RecvData)
    i.SD_SPI_CS_Set                          0x08001ba4   Section        0  sd.o(i.SD_SPI_CS_Set)
    i.SD_SPI_Init                            0x08001bac   Section        0  sd.o(i.SD_SPI_Init)
    i.SD_SPI_Read_Write_Byte                 0x08001bbe   Section        0  sd.o(i.SD_SPI_Read_Write_Byte)
    i.SD_Select                              0x08001bcc   Section        0  sd.o(i.SD_Select)
    i.SD_SendCmd                             0x08001be4   Section        0  sd.o(i.SD_SendCmd)
    i.SD_Send_Data                           0x08001c42   Section        0  sd.o(i.SD_Send_Data)
    i.SD_SetHighSpeed                        0x08001c92   Section        0  sd.o(i.SD_SetHighSpeed)
    i.SD_SetLowSpeed                         0x08001c9a   Section        0  sd.o(i.SD_SetLowSpeed)
    i.SD_Wait_Ready                          0x08001ca2   Section        0  sd.o(i.SD_Wait_Ready)
    i.SD_Write_Data                          0x08001cc4   Section        0  sd.o(i.SD_Write_Data)
    i.SPI_CS_Set                             0x08001d40   Section        0  spi.o(i.SPI_CS_Set)
    i.SPI_Cmd                                0x08001d5c   Section        0  stm32f10x_spi.o(i.SPI_Cmd)
    i.SPI_Config                             0x08001d70   Section        0  spi.o(i.SPI_Config)
    i.SPI_GPIO_Init                          0x08001da0   Section        0  spi.o(i.SPI_GPIO_Init)
    i.SPI_I2S_GetFlagStatus                  0x08001e74   Section        0  stm32f10x_spi.o(i.SPI_I2S_GetFlagStatus)
    i.SPI_I2S_ReceiveData                    0x08001e82   Section        0  stm32f10x_spi.o(i.SPI_I2S_ReceiveData)
    i.SPI_I2S_SendData                       0x08001e86   Section        0  stm32f10x_spi.o(i.SPI_I2S_SendData)
    i.SPI_Init                               0x08001e8a   Section        0  stm32f10x_spi.o(i.SPI_Init)
    i.SPI_Protocol_Init                      0x08001ec4   Section        0  spi.o(i.SPI_Protocol_Init)
    i.SPI_Read_Write                         0x08001f44   Section        0  spi.o(i.SPI_Read_Write)
    i.SVC_Handler                            0x08001f84   Section        0  stm32_it.o(i.SVC_Handler)
    i.SetBTABLE                              0x08001f88   Section        0  usb_regs.o(i.SetBTABLE)
    i.SetDeviceAddress                       0x08001f98   Section        0  usb_core.o(i.SetDeviceAddress)
    i.SetEPRxAddr                            0x08001fe0   Section        0  usb_regs.o(i.SetEPRxAddr)
    i.SetEPRxCount                           0x08002000   Section        0  usb_regs.o(i.SetEPRxCount)
    i.SetEPRxStatus                          0x08002040   Section        0  usb_regs.o(i.SetEPRxStatus)
    i.SetEPRxValid                           0x08002070   Section        0  usb_regs.o(i.SetEPRxValid)
    i.SetEPTxAddr                            0x08002094   Section        0  usb_regs.o(i.SetEPTxAddr)
    i.SetEPTxCount                           0x080020b4   Section        0  usb_regs.o(i.SetEPTxCount)
    i.SetEPTxStatus                          0x080020d0   Section        0  usb_regs.o(i.SetEPTxStatus)
    i.SetEPType                              0x08002100   Section        0  usb_regs.o(i.SetEPType)
    i.SetISTR                                0x0800211c   Section        0  usb_regs.o(i.SetISTR)
    i.SetSysClockTo72                        0x08002128   Section        0  system_stm32f10x.o(i.SetSysClockTo72)
    SetSysClockTo72                          0x08002129   Thumb Code   160  system_stm32f10x.o(i.SetSysClockTo72)
    i.Set_CSW                                0x080021d0   Section        0  usb_bot.o(i.Set_CSW)
    i.Set_Scsi_Sense_Data                    0x0800220c   Section        0  usb_scsi.o(i.Set_Scsi_Sense_Data)
    i.Set_System                             0x08002218   Section        0  hw_config.o(i.Set_System)
    i.Set_USBClock                           0x08002278   Section        0  hw_config.o(i.Set_USBClock)
    i.Setup0_Process                         0x0800228c   Section        0  usb_core.o(i.Setup0_Process)
    i.Standard_ClearFeature                  0x080022f4   Section        0  usb_core.o(i.Standard_ClearFeature)
    i.Standard_GetConfiguration              0x080023f0   Section        0  usb_core.o(i.Standard_GetConfiguration)
    i.Standard_GetDescriptorData             0x08002418   Section        0  usb_core.o(i.Standard_GetDescriptorData)
    i.Standard_GetInterface                  0x08002434   Section        0  usb_core.o(i.Standard_GetInterface)
    i.Standard_GetStatus                     0x0800245c   Section        0  usb_core.o(i.Standard_GetStatus)
    i.Standard_SetConfiguration              0x080024f0   Section        0  usb_core.o(i.Standard_SetConfiguration)
    i.Standard_SetDeviceFeature              0x08002528   Section        0  usb_core.o(i.Standard_SetDeviceFeature)
    i.Standard_SetEndPointFeature            0x0800254c   Section        0  usb_core.o(i.Standard_SetEndPointFeature)
    i.Standard_SetInterface                  0x080025d4   Section        0  usb_core.o(i.Standard_SetInterface)
    i.Suspend                                0x0800261c   Section        0  usb_pwr.o(i.Suspend)
    i.SysTick_Handler                        0x08002698   Section        0  stm32_it.o(i.SysTick_Handler)
    i.SystemInit                             0x0800269c   Section        0  system_stm32f10x.o(i.SystemInit)
    i.Transfer_Data_Request                  0x080026ec   Section        0  usb_bot.o(i.Transfer_Data_Request)
    i.USBWakeUp_IRQHandler                   0x08002720   Section        0  stm32_it.o(i.USBWakeUp_IRQHandler)
    i.USB_Cable_Config                       0x08002728   Section        0  hw_config.o(i.USB_Cable_Config)
    i.USB_HP_CAN1_TX_IRQHandler              0x08002738   Section        0  stm32_it.o(i.USB_HP_CAN1_TX_IRQHandler)
    i.USB_Init                               0x0800273c   Section        0  usb_init.o(i.USB_Init)
    i.USB_Interrupts_Config                  0x08002764   Section        0  hw_config.o(i.USB_Interrupts_Config)
    i.USB_Istr                               0x080027a0   Section        0  usb_istr.o(i.USB_Istr)
    i.USB_LP_CAN1_RX0_IRQHandler             0x0800285c   Section        0  stm32_it.o(i.USB_LP_CAN1_RX0_IRQHandler)
    i.USB_SIL_Init                           0x08002860   Section        0  usb_sil.o(i.USB_SIL_Init)
    i.USB_SIL_Read                           0x08002880   Section        0  usb_sil.o(i.USB_SIL_Read)
    i.USB_SIL_Write                          0x080028a4   Section        0  usb_sil.o(i.USB_SIL_Write)
    i.UsageFault_Handler                     0x080028ca   Section        0  stm32_it.o(i.UsageFault_Handler)
    i.UserToPMABufferCopy                    0x080028cc   Section        0  usb_mem.o(i.UserToPMABufferCopy)
    i.Write_Memory                           0x080028f8   Section        0  memory.o(i.Write_Memory)
    i.__scatterload_copy                     0x080029c4   Section       14  handlers.o(i.__scatterload_copy)
    i.__scatterload_null                     0x080029d2   Section        2  handlers.o(i.__scatterload_null)
    i.__scatterload_zeroinit                 0x080029d4   Section       14  handlers.o(i.__scatterload_zeroinit)
    i.main                                   0x080029e4   Section        0  main.o(i.main)
    .constdata                               0x08002a04   Section       18  usb_desc.o(.constdata)
    .constdata                               0x08002a16   Section       32  usb_desc.o(.constdata)
    .constdata                               0x08002a36   Section        4  usb_desc.o(.constdata)
    .constdata                               0x08002a3a   Section       38  usb_desc.o(.constdata)
    .constdata                               0x08002a60   Section       38  usb_desc.o(.constdata)
    .constdata                               0x08002a86   Section       16  usb_desc.o(.constdata)
    .constdata                               0x08002a98   Section       72  spi.o(.constdata)
    .data                                    0x20000000   Section        4  usb_int.o(.data)
    .data                                    0x20000004   Section        8  usb_core.o(.data)
    .data                                    0x2000000c   Section        1  usb_init.o(.data)
    .data                                    0x20000010   Section       12  usb_init.o(.data)
    .data                                    0x2000001c   Section        2  usb_init.o(.data)
    .data                                    0x20000020   Section      108  usb_prop.o(.data)
    .data                                    0x2000008c   Section        2  usb_prop.o(.data)
    .data                                    0x20000090   Section       36  usb_prop.o(.data)
    .data                                    0x200000b4   Section       26  usb_desc.o(.data)
    .data                                    0x200000ce   Section        4  usb_istr.o(.data)
    .data                                    0x200000d4   Section       28  usb_istr.o(.data)
    .data                                    0x200000f0   Section       28  usb_istr.o(.data)
    .data                                    0x2000010c   Section        4  usb_pwr.o(.data)
    .data                                    0x20000110   Section        1  usb_pwr.o(.data)
    .data                                    0x20000114   Section        8  usb_pwr.o(.data)
    .data                                    0x2000011c   Section        4  main.o(.data)
    RCA                                      0x2000011c   Data           4  main.o(.data)
    .data                                    0x20000120   Section       16  mass_mal.o(.data)
    .data                                    0x20000130   Section       36  memory.o(.data)
    Offset                                   0x2000013c   Data           4  memory.o(.data)
    Length                                   0x20000140   Data           4  memory.o(.data)
    W_Offset                                 0x20000144   Data           4  memory.o(.data)
    W_Length                                 0x20000148   Data           4  memory.o(.data)
    .data                                    0x20000154   Section       12  usb_bot.o(.data)
    .data                                    0x20000160   Section        5  scsi_data.o(.data)
    .data                                    0x20000165   Section       36  scsi_data.o(.data)
    .data                                    0x20000189   Section       36  scsi_data.o(.data)
    .data                                    0x200001ad   Section        4  scsi_data.o(.data)
    .data                                    0x200001b1   Section        8  scsi_data.o(.data)
    .data                                    0x200001b9   Section       18  scsi_data.o(.data)
    .data                                    0x200001cb   Section        8  scsi_data.o(.data)
    .data                                    0x200001d3   Section       12  scsi_data.o(.data)
    .data                                    0x200001df   Section        1  sd.o(.data)
    .data                                    0x200001e0   Section       32  spi.o(.data)
    spi                                      0x200001e8   Data          12  spi.o(.data)
    .bss                                     0x20000200   Section       28  usb_init.o(.bss)
    .bss                                     0x2000021c   Section       32  usb_pwr.o(.bss)
    .bss                                     0x2000023c   Section       32  main.o(.bss)
    CSD_Tab                                  0x2000023c   Data          16  main.o(.bss)
    CID_Tab                                  0x2000024c   Data          16  main.o(.bss)
    .bss                                     0x20000260   Section       88  mass_mal.o(.bss)
    .bss                                     0x200002b8   Section      512  memory.o(.bss)
    .bss                                     0x200004b8   Section      112  usb_bot.o(.bss)
    STACK                                    0x20000528   Section     1024  startup_stm32f10x_hd.o(STACK)

    Global Symbols

    Symbol Name                              Value     Ov Type        Size  Object(Section)

    BuildAttributes$$THM_ISAv4$P$D$K$B$S$PE$A:L22UL41UL21$X:L11$S22US41US21$IEEE1$IW$USESV6$~STKCKD$USESV7$~SHL$OSPACE$EBA8$MICROLIB$REQ8$PRES8$EABIv2 0x00000000   Number         0  anon$$obj.o ABSOLUTE
    __ARM_use_no_argv                        0x00000000   Number         0  main.o ABSOLUTE
    __cpp_initialize__aeabi_                  - Undefined Weak Reference
    __cxa_finalize                            - Undefined Weak Reference
    _clock_init                               - Undefined Weak Reference
    _microlib_exit                            - Undefined Weak Reference
    __Vectors_Size                           0x00000130   Number         0  startup_stm32f10x_hd.o ABSOLUTE
    __Vectors                                0x08000000   Data           4  startup_stm32f10x_hd.o(RESET)
    __Vectors_End                            0x08000130   Data           0  startup_stm32f10x_hd.o(RESET)
    __main                                   0x08000131   Thumb Code     0  entry.o(.ARM.Collect$$$$00000000)
    _main_stk                                0x08000131   Thumb Code     0  entry2.o(.ARM.Collect$$$$00000001)
    _main_scatterload                        0x08000135   Thumb Code     0  entry5.o(.ARM.Collect$$$$00000004)
    __main_after_scatterload                 0x08000139   Thumb Code     0  entry5.o(.ARM.Collect$$$$00000004)
    _main_clock                              0x08000139   Thumb Code     0  entry7b.o(.ARM.Collect$$$$00000008)
    _main_cpp_init                           0x08000139   Thumb Code     0  entry8b.o(.ARM.Collect$$$$0000000A)
    _main_init                               0x08000139   Thumb Code     0  entry9a.o(.ARM.Collect$$$$0000000B)
    __rt_final_cpp                           0x08000141   Thumb Code     0  entry10a.o(.ARM.Collect$$$$0000000D)
    __rt_final_exit                          0x08000141   Thumb Code     0  entry11a.o(.ARM.Collect$$$$0000000F)
    Reset_Handler                            0x08000145   Thumb Code     8  startup_stm32f10x_hd.o(.text)
    ADC1_2_IRQHandler                        0x0800015f   Thumb Code     0  startup_stm32f10x_hd.o(.text)
    ADC3_IRQHandler                          0x0800015f   Thumb Code     0  startup_stm32f10x_hd.o(.text)
    CAN1_RX1_IRQHandler                      0x0800015f   Thumb Code     0  startup_stm32f10x_hd.o(.text)
    CAN1_SCE_IRQHandler                      0x0800015f   Thumb Code     0  startup_stm32f10x_hd.o(.text)
    DMA1_Channel1_IRQHandler                 0x0800015f   Thumb Code     0  startup_stm32f10x_hd.o(.text)
    DMA1_Channel2_IRQHandler                 0x0800015f   Thumb Code     0  startup_stm32f10x_hd.o(.text)
    DMA1_Channel3_IRQHandler                 0x0800015f   Thumb Code     0  startup_stm32f10x_hd.o(.text)
    DMA1_Channel4_IRQHandler                 0x0800015f   Thumb Code     0  startup_stm32f10x_hd.o(.text)
    DMA1_Channel5_IRQHandler                 0x0800015f   Thumb Code     0  startup_stm32f10x_hd.o(.text)
    DMA1_Channel6_IRQHandler                 0x0800015f   Thumb Code     0  startup_stm32f10x_hd.o(.text)
    DMA1_Channel7_IRQHandler                 0x0800015f   Thumb Code     0  startup_stm32f10x_hd.o(.text)
    DMA2_Channel1_IRQHandler                 0x0800015f   Thumb Code     0  startup_stm32f10x_hd.o(.text)
    DMA2_Channel2_IRQHandler                 0x0800015f   Thumb Code     0  startup_stm32f10x_hd.o(.text)
    DMA2_Channel3_IRQHandler                 0x0800015f   Thumb Code     0  startup_stm32f10x_hd.o(.text)
    EXTI0_IRQHandler                         0x0800015f   Thumb Code     0  startup_stm32f10x_hd.o(.text)
    EXTI15_10_IRQHandler                     0x0800015f   Thumb Code     0  startup_stm32f10x_hd.o(.text)
    EXTI1_IRQHandler                         0x0800015f   Thumb Code     0  startup_stm32f10x_hd.o(.text)
    EXTI2_IRQHandler                         0x0800015f   Thumb Code     0  startup_stm32f10x_hd.o(.text)
    EXTI3_IRQHandler                         0x0800015f   Thumb Code     0  startup_stm32f10x_hd.o(.text)
    EXTI4_IRQHandler                         0x0800015f   Thumb Code     0  startup_stm32f10x_hd.o(.text)
    EXTI9_5_IRQHandler                       0x0800015f   Thumb Code     0  startup_stm32f10x_hd.o(.text)
    FLASH_IRQHandler                         0x0800015f   Thumb Code     0  startup_stm32f10x_hd.o(.text)
    FSMC_IRQHandler                          0x0800015f   Thumb Code     0  startup_stm32f10x_hd.o(.text)
    I2C1_ER_IRQHandler                       0x0800015f   Thumb Code     0  startup_stm32f10x_hd.o(.text)
    I2C1_EV_IRQHandler                       0x0800015f   Thumb Code     0  startup_stm32f10x_hd.o(.text)
    I2C2_ER_IRQHandler                       0x0800015f   Thumb Code     0  startup_stm32f10x_hd.o(.text)
    I2C2_EV_IRQHandler                       0x0800015f   Thumb Code     0  startup_stm32f10x_hd.o(.text)
    PVD_IRQHandler                           0x0800015f   Thumb Code     0  startup_stm32f10x_hd.o(.text)
    RCC_IRQHandler                           0x0800015f   Thumb Code     0  startup_stm32f10x_hd.o(.text)
    RTCAlarm_IRQHandler                      0x0800015f   Thumb Code     0  startup_stm32f10x_hd.o(.text)
    RTC_IRQHandler                           0x0800015f   Thumb Code     0  startup_stm32f10x_hd.o(.text)
    SPI1_IRQHandler                          0x0800015f   Thumb Code     0  startup_stm32f10x_hd.o(.text)
    SPI2_IRQHandler                          0x0800015f   Thumb Code     0  startup_stm32f10x_hd.o(.text)
    SPI3_IRQHandler                          0x0800015f   Thumb Code     0  startup_stm32f10x_hd.o(.text)
    TAMPER_IRQHandler                        0x0800015f   Thumb Code     0  startup_stm32f10x_hd.o(.text)
    TIM1_BRK_IRQHandler                      0x0800015f   Thumb Code     0  startup_stm32f10x_hd.o(.text)
    TIM1_CC_IRQHandler                       0x0800015f   Thumb Code     0  startup_stm32f10x_hd.o(.text)
    TIM1_TRG_COM_IRQHandler                  0x0800015f   Thumb Code     0  startup_stm32f10x_hd.o(.text)
    TIM1_UP_IRQHandler                       0x0800015f   Thumb Code     0  startup_stm32f10x_hd.o(.text)
    TIM2_IRQHandler                          0x0800015f   Thumb Code     0  startup_stm32f10x_hd.o(.text)
    TIM3_IRQHandler                          0x0800015f   Thumb Code     0  startup_stm32f10x_hd.o(.text)
    TIM4_IRQHandler                          0x0800015f   Thumb Code     0  startup_stm32f10x_hd.o(.text)
    TIM5_IRQHandler                          0x0800015f   Thumb Code     0  startup_stm32f10x_hd.o(.text)
    TIM6_IRQHandler                          0x0800015f   Thumb Code     0  startup_stm32f10x_hd.o(.text)
    TIM7_IRQHandler                          0x0800015f   Thumb Code     0  startup_stm32f10x_hd.o(.text)
    TIM8_BRK_IRQHandler                      0x0800015f   Thumb Code     0  startup_stm32f10x_hd.o(.text)
    TIM8_CC_IRQHandler                       0x0800015f   Thumb Code     0  startup_stm32f10x_hd.o(.text)
    TIM8_TRG_COM_IRQHandler                  0x0800015f   Thumb Code     0  startup_stm32f10x_hd.o(.text)
    TIM8_UP_IRQHandler                       0x0800015f   Thumb Code     0  startup_stm32f10x_hd.o(.text)
    UART4_IRQHandler                         0x0800015f   Thumb Code     0  startup_stm32f10x_hd.o(.text)
    UART5_IRQHandler                         0x0800015f   Thumb Code     0  startup_stm32f10x_hd.o(.text)
    USART1_IRQHandler                        0x0800015f   Thumb Code     0  startup_stm32f10x_hd.o(.text)
    USART2_IRQHandler                        0x0800015f   Thumb Code     0  startup_stm32f10x_hd.o(.text)
    USART3_IRQHandler                        0x0800015f   Thumb Code     0  startup_stm32f10x_hd.o(.text)
    WWDG_IRQHandler                          0x0800015f   Thumb Code     0  startup_stm32f10x_hd.o(.text)
    __scatterload                            0x08000169   Thumb Code    28  init.o(.text)
    __scatterload_rt2                        0x08000169   Thumb Code     0  init.o(.text)
    __decompress                             0x0800018d   Thumb Code     0  __dczerorl2.o(.text)
    __decompress1                            0x0800018d   Thumb Code    86  __dczerorl2.o(.text)
    Bot_Abort                                0x080001e3   Thumb Code    50  usb_bot.o(i.Bot_Abort)
    BusFault_Handler                         0x08000215   Thumb Code     2  stm32_it.o(i.BusFault_Handler)
    ByteSwap                                 0x08000217   Thumb Code    10  usb_regs.o(i.ByteSwap)
    CBW_Decode                               0x08000221   Thumb Code   392  usb_bot.o(i.CBW_Decode)
    CTR_HP                                   0x080003b9   Thumb Code   104  usb_int.o(i.CTR_HP)
    CTR_LP                                   0x08000439   Thumb Code   318  usb_int.o(i.CTR_LP)
    ClearDTOG_RX                             0x08000595   Thumb Code    36  usb_regs.o(i.ClearDTOG_RX)
    ClearDTOG_TX                             0x080005bd   Thumb Code    36  usb_regs.o(i.ClearDTOG_TX)
    Clear_Status_Out                         0x080005e5   Thumb Code    28  usb_regs.o(i.Clear_Status_Out)
    DMA2_Channel4_5_IRQHandler               0x08000605   Thumb Code     2  stm32_it.o(i.DMA2_Channel4_5_IRQHandler)
    DebugMon_Handler                         0x08000921   Thumb Code     2  stm32_it.o(i.DebugMon_Handler)
    EP1_IN_Callback                          0x08000923   Thumb Code     4  usb_endp.o(i.EP1_IN_Callback)
    EP2_OUT_Callback                         0x08000927   Thumb Code     4  usb_endp.o(i.EP2_OUT_Callback)
    EXTI_ClearITPendingBit                   0x0800092d   Thumb Code     6  stm32f10x_exti.o(i.EXTI_ClearITPendingBit)
    GPIO_Init                                0x08000939   Thumb Code   162  stm32f10x_gpio.o(i.GPIO_Init)
    GPIO_PinRemapConfig                      0x080009dd   Thumb Code    82  stm32f10x_gpio.o(i.GPIO_PinRemapConfig)
    GPIO_ResetBits                           0x08000a35   Thumb Code     4  stm32f10x_gpio.o(i.GPIO_ResetBits)
    GPIO_SetBits                             0x08000a39   Thumb Code     4  stm32f10x_gpio.o(i.GPIO_SetBits)
    GetEPRxAddr                              0x08000a3d   Thumb Code    22  usb_regs.o(i.GetEPRxAddr)
    GetEPRxCount                             0x08000a5d   Thumb Code    24  usb_regs.o(i.GetEPRxCount)
    GetEPRxStatus                            0x08000a7d   Thumb Code    18  usb_regs.o(i.GetEPRxStatus)
    GetEPTxAddr                              0x08000a95   Thumb Code    20  usb_regs.o(i.GetEPTxAddr)
    Get_Max_Lun                              0x08000ab1   Thumb Code    18  usb_prop.o(i.Get_Max_Lun)
    Get_SerialNum                            0x08000acd   Thumb Code    44  hw_config.o(i.Get_SerialNum)
    HardFault_Handler                        0x08000b01   Thumb Code     2  stm32_it.o(i.HardFault_Handler)
    In0_Process                              0x08000b05   Thumb Code    80  usb_core.o(i.In0_Process)
    MAL_GetStatus                            0x08000b99   Thumb Code    86  mass_mal.o(i.MAL_GetStatus)
    MAL_Init                                 0x08000bf9   Thumb Code    28  mass_mal.o(i.MAL_Init)
    MAL_Read                                 0x08000c19   Thumb Code    30  mass_mal.o(i.MAL_Read)
    MAL_Write                                0x08000c3d   Thumb Code    30  mass_mal.o(i.MAL_Write)
    MASS_Data_Setup                          0x08000c61   Thumb Code    54  usb_prop.o(i.MASS_Data_Setup)
    MASS_GetConfigDescriptor                 0x08000ca1   Thumb Code     6  usb_prop.o(i.MASS_GetConfigDescriptor)
    MASS_GetDeviceDescriptor                 0x08000cad   Thumb Code     6  usb_prop.o(i.MASS_GetDeviceDescriptor)
    MASS_GetStringDescriptor                 0x08000cb9   Thumb Code    24  usb_prop.o(i.MASS_GetStringDescriptor)
    MASS_Get_Interface_Setting               0x08000cd9   Thumb Code    10  usb_prop.o(i.MASS_Get_Interface_Setting)
    MASS_NoData_Setup                        0x08000ce5   Thumb Code    62  usb_prop.o(i.MASS_NoData_Setup)
    MASS_Reset                               0x08000d35   Thumb Code   194  usb_prop.o(i.MASS_Reset)
    MASS_Status_In                           0x08000e19   Thumb Code     2  usb_prop.o(i.MASS_Status_In)
    MASS_Status_Out                          0x08000e1b   Thumb Code     2  usb_prop.o(i.MASS_Status_Out)
    MASS_init                                0x08000e1d   Thumb Code    28  usb_prop.o(i.MASS_init)
    Mass_Storage_ClearFeature                0x08000e41   Thumb Code    18  usb_prop.o(i.Mass_Storage_ClearFeature)
    Mass_Storage_In                          0x08000e5d   Thumb Code    96  usb_bot.o(i.Mass_Storage_In)
    Mass_Storage_Out                         0x08000ec5   Thumb Code    86  usb_bot.o(i.Mass_Storage_Out)
    Mass_Storage_SetConfiguration            0x08000f25   Thumb Code    38  usb_prop.o(i.Mass_Storage_SetConfiguration)
    Mass_Storage_SetDeviceAddress            0x08000f59   Thumb Code     8  usb_prop.o(i.Mass_Storage_SetDeviceAddress)
    MemManage_Handler                        0x08000f65   Thumb Code     2  stm32_it.o(i.MemManage_Handler)
    NMI_Handler                              0x08000f67   Thumb Code     2  stm32_it.o(i.NMI_Handler)
    NOP_Process                              0x08000f69   Thumb Code     2  usb_core.o(i.NOP_Process)
    NVIC_Init                                0x08000f6d   Thumb Code    94  misc.o(i.NVIC_Init)
    NVIC_PriorityGroupConfig                 0x08000fd1   Thumb Code    10  misc.o(i.NVIC_PriorityGroupConfig)
    Out0_Process                             0x080010c1   Thumb Code    62  usb_core.o(i.Out0_Process)
    PMAToUserBufferCopy                      0x08001109   Thumb Code    26  usb_mem.o(i.PMAToUserBufferCopy)
    PendSV_Handler                           0x08001129   Thumb Code     2  stm32_it.o(i.PendSV_Handler)
    Post0_Process                            0x0800112d   Thumb Code    52  usb_core.o(i.Post0_Process)
    PowerOn                                  0x08001171   Thumb Code    44  usb_pwr.o(i.PowerOn)
    RCC_APB1PeriphClockCmd                   0x080011a5   Thumb Code    18  stm32f10x_rcc.o(i.RCC_APB1PeriphClockCmd)
    RCC_APB2PeriphClockCmd                   0x080011bd   Thumb Code    18  stm32f10x_rcc.o(i.RCC_APB2PeriphClockCmd)
    RCC_USBCLKConfig                         0x080011d5   Thumb Code     8  stm32f10x_rcc.o(i.RCC_USBCLKConfig)
    Read_Memory                              0x080011e1   Thumb Code   160  memory.o(i.Read_Memory)
    Resume                                   0x08001295   Thumb Code   136  usb_pwr.o(i.Resume)
    Resume_Init                              0x08001325   Thumb Code    20  usb_pwr.o(i.Resume_Init)
    SCSI_Address_Management                  0x0800133d   Thumb Code    98  usb_scsi.o(i.SCSI_Address_Management)
    SCSI_Format_Cmd                          0x080013b1   Thumb Code    50  usb_scsi.o(i.SCSI_Format_Cmd)
    SCSI_Inquiry_Cmd                         0x080013e9   Thumb Code    34  usb_scsi.o(i.SCSI_Inquiry_Cmd)
    SCSI_Invalid_Cmd                         0x0800141d   Thumb Code    46  usb_scsi.o(i.SCSI_Invalid_Cmd)
    SCSI_ModeSense10_Cmd                     0x08001451   Thumb Code     8  usb_scsi.o(i.SCSI_ModeSense10_Cmd)
    SCSI_ModeSense6_Cmd                      0x0800145d   Thumb Code     8  usb_scsi.o(i.SCSI_ModeSense6_Cmd)
    SCSI_Read10_Cmd                          0x08001469   Thumb Code    96  usb_scsi.o(i.SCSI_Read10_Cmd)
    SCSI_ReadCapacity10_Cmd                  0x080014d1   Thumb Code    96  usb_scsi.o(i.SCSI_ReadCapacity10_Cmd)
    SCSI_ReadFormatCapacity_Cmd              0x08001541   Thumb Code    90  usb_scsi.o(i.SCSI_ReadFormatCapacity_Cmd)
    SCSI_RequestSense_Cmd                    0x080015ad   Thumb Code    16  usb_scsi.o(i.SCSI_RequestSense_Cmd)
    SCSI_Start_Stop_Unit_Cmd                 0x080015c5   Thumb Code     8  usb_scsi.o(i.SCSI_Start_Stop_Unit_Cmd)
    SCSI_TestUnitReady_Cmd                   0x080015cd   Thumb Code    50  usb_scsi.o(i.SCSI_TestUnitReady_Cmd)
    SCSI_Verify10_Cmd                        0x08001605   Thumb Code    48  usb_scsi.o(i.SCSI_Verify10_Cmd)
    SCSI_Write10_Cmd                         0x08001639   Thumb Code    92  usb_scsi.o(i.SCSI_Write10_Cmd)
    SDIO_IRQHandler                          0x0800169d   Thumb Code     2  stm32_it.o(i.SDIO_IRQHandler)
    SD_Cancel_CS                             0x0800169f   Thumb Code    18  sd.o(i.SD_Cancel_CS)
    SD_GetCID                                0x080016b1   Thumb Code    42  sd.o(i.SD_GetCID)
    SD_GetCSD                                0x080016db   Thumb Code    42  sd.o(i.SD_GetCSD)
    SD_GetCardInfo                           0x08001705   Thumb Code   636  main.o(i.SD_GetCardInfo)
    SD_Get_Ack                               0x0800198d   Thumb Code    40  sd.o(i.SD_Get_Ack)
    SD_Init                                  0x080019b5   Thumb Code   336  sd.o(i.SD_Init)
    SD_Read_Data                             0x08001b09   Thumb Code   100  sd.o(i.SD_Read_Data)
    SD_RecvData                              0x08001b71   Thumb Code    52  sd.o(i.SD_RecvData)
    SD_SPI_CS_Set                            0x08001ba5   Thumb Code     8  sd.o(i.SD_SPI_CS_Set)
    SD_SPI_Init                              0x08001bad   Thumb Code    18  sd.o(i.SD_SPI_Init)
    SD_SPI_Read_Write_Byte                   0x08001bbf   Thumb Code    14  sd.o(i.SD_SPI_Read_Write_Byte)
    SD_Select                                0x08001bcd   Thumb Code    24  sd.o(i.SD_Select)
    SD_SendCmd                               0x08001be5   Thumb Code    94  sd.o(i.SD_SendCmd)
    SD_Send_Data                             0x08001c43   Thumb Code    80  sd.o(i.SD_Send_Data)
    SD_SetHighSpeed                          0x08001c93   Thumb Code     8  sd.o(i.SD_SetHighSpeed)
    SD_SetLowSpeed                           0x08001c9b   Thumb Code     8  sd.o(i.SD_SetLowSpeed)
    SD_Wait_Ready                            0x08001ca3   Thumb Code    32  sd.o(i.SD_Wait_Ready)
    SD_Write_Data                            0x08001cc5   Thumb Code   120  sd.o(i.SD_Write_Data)
    SPI_CS_Set                               0x08001d41   Thumb Code    24  spi.o(i.SPI_CS_Set)
    SPI_Cmd                                  0x08001d5d   Thumb Code    20  stm32f10x_spi.o(i.SPI_Cmd)
    SPI_Config                               0x08001d71   Thumb Code    42  spi.o(i.SPI_Config)
    SPI_GPIO_Init                            0x08001da1   Thumb Code   202  spi.o(i.SPI_GPIO_Init)
    SPI_I2S_GetFlagStatus                    0x08001e75   Thumb Code    14  stm32f10x_spi.o(i.SPI_I2S_GetFlagStatus)
    SPI_I2S_ReceiveData                      0x08001e83   Thumb Code     4  stm32f10x_spi.o(i.SPI_I2S_ReceiveData)
    SPI_I2S_SendData                         0x08001e87   Thumb Code     4  stm32f10x_spi.o(i.SPI_I2S_SendData)
    SPI_Init                                 0x08001e8b   Thumb Code    56  stm32f10x_spi.o(i.SPI_Init)
    SPI_Protocol_Init                        0x08001ec5   Thumb Code   124  spi.o(i.SPI_Protocol_Init)
    SPI_Read_Write                           0x08001f45   Thumb Code    58  spi.o(i.SPI_Read_Write)
    SVC_Handler                              0x08001f85   Thumb Code     2  stm32_it.o(i.SVC_Handler)
    SetBTABLE                                0x08001f89   Thumb Code    10  usb_regs.o(i.SetBTABLE)
    SetDeviceAddress                         0x08001f99   Thumb Code    58  usb_core.o(i.SetDeviceAddress)
    SetEPRxAddr                              0x08001fe1   Thumb Code    24  usb_regs.o(i.SetEPRxAddr)
    SetEPRxCount                             0x08002001   Thumb Code    54  usb_regs.o(i.SetEPRxCount)
    SetEPRxStatus                            0x08002041   Thumb Code    44  usb_regs.o(i.SetEPRxStatus)
    SetEPRxValid                             0x08002071   Thumb Code    32  usb_regs.o(i.SetEPRxValid)
    SetEPTxAddr                              0x08002095   Thumb Code    22  usb_regs.o(i.SetEPTxAddr)
    SetEPTxCount                             0x080020b5   Thumb Code    20  usb_regs.o(i.SetEPTxCount)
    SetEPTxStatus                            0x080020d1   Thumb Code    44  usb_regs.o(i.SetEPTxStatus)
    SetEPType                                0x08002101   Thumb Code    24  usb_regs.o(i.SetEPType)
    SetISTR                                  0x0800211d   Thumb Code     6  usb_regs.o(i.SetISTR)
    Set_CSW                                  0x080021d1   Thumb Code    48  usb_bot.o(i.Set_CSW)
    Set_Scsi_Sense_Data                      0x0800220d   Thumb Code     8  usb_scsi.o(i.Set_Scsi_Sense_Data)
    Set_System                               0x08002219   Thumb Code    88  hw_config.o(i.Set_System)
    Set_USBClock                             0x08002279   Thumb Code    20  hw_config.o(i.Set_USBClock)
    Setup0_Process                           0x0800228d   Thumb Code    92  usb_core.o(i.Setup0_Process)
    Standard_ClearFeature                    0x080022f5   Thumb Code   232  usb_core.o(i.Standard_ClearFeature)
    Standard_GetConfiguration                0x080023f1   Thumb Code    30  usb_core.o(i.Standard_GetConfiguration)
    Standard_GetDescriptorData               0x08002419   Thumb Code    24  usb_core.o(i.Standard_GetDescriptorData)
    Standard_GetInterface                    0x08002435   Thumb Code    30  usb_core.o(i.Standard_GetInterface)
    Standard_GetStatus                       0x0800245d   Thumb Code   130  usb_core.o(i.Standard_GetStatus)
    Standard_SetConfiguration                0x080024f1   Thumb Code    42  usb_core.o(i.Standard_SetConfiguration)
    Standard_SetDeviceFeature                0x08002529   Thumb Code    26  usb_core.o(i.Standard_SetDeviceFeature)
    Standard_SetEndPointFeature              0x0800254d   Thumb Code   118  usb_core.o(i.Standard_SetEndPointFeature)
    Standard_SetInterface                    0x080025d5   Thumb Code    60  usb_core.o(i.Standard_SetInterface)
    Suspend                                  0x0800261d   Thumb Code   110  usb_pwr.o(i.Suspend)
    SysTick_Handler                          0x08002699   Thumb Code     2  stm32_it.o(i.SysTick_Handler)
    SystemInit                               0x0800269d   Thumb Code    64  system_stm32f10x.o(i.SystemInit)
    Transfer_Data_Request                    0x080026ed   Thumb Code    42  usb_bot.o(i.Transfer_Data_Request)
    USBWakeUp_IRQHandler                     0x08002721   Thumb Code     8  stm32_it.o(i.USBWakeUp_IRQHandler)
    USB_Cable_Config                         0x08002729   Thumb Code    10  hw_config.o(i.USB_Cable_Config)
    USB_HP_CAN1_TX_IRQHandler                0x08002739   Thumb Code     4  stm32_it.o(i.USB_HP_CAN1_TX_IRQHandler)
    USB_Init                                 0x0800273d   Thumb Code    22  usb_init.o(i.USB_Init)
    USB_Interrupts_Config                    0x08002765   Thumb Code    58  hw_config.o(i.USB_Interrupts_Config)
    USB_Istr                                 0x080027a1   Thumb Code   166  usb_istr.o(i.USB_Istr)
    USB_LP_CAN1_RX0_IRQHandler               0x0800285d   Thumb Code     4  stm32_it.o(i.USB_LP_CAN1_RX0_IRQHandler)
    USB_SIL_Init                             0x08002861   Thumb Code    24  usb_sil.o(i.USB_SIL_Init)
    USB_SIL_Read                             0x08002881   Thumb Code    36  usb_sil.o(i.USB_SIL_Read)
    USB_SIL_Write                            0x080028a5   Thumb Code    38  usb_sil.o(i.USB_SIL_Write)
    UsageFault_Handler                       0x080028cb   Thumb Code     2  stm32_it.o(i.UsageFault_Handler)
    UserToPMABufferCopy                      0x080028cd   Thumb Code    38  usb_mem.o(i.UserToPMABufferCopy)
    Write_Memory                             0x080028f9   Thumb Code   176  memory.o(i.Write_Memory)
    __scatterload_copy                       0x080029c5   Thumb Code    14  handlers.o(i.__scatterload_copy)
    __scatterload_null                       0x080029d3   Thumb Code     2  handlers.o(i.__scatterload_null)
    __scatterload_zeroinit                   0x080029d5   Thumb Code    14  handlers.o(i.__scatterload_zeroinit)
    main                                     0x080029e5   Thumb Code    26  main.o(i.main)
    MASS_DeviceDescriptor                    0x08002a04   Data          18  usb_desc.o(.constdata)
    MASS_ConfigDescriptor                    0x08002a16   Data          32  usb_desc.o(.constdata)
    MASS_StringLangID                        0x08002a36   Data           4  usb_desc.o(.constdata)
    MASS_StringVendor                        0x08002a3a   Data          38  usb_desc.o(.constdata)
    MASS_StringProduct                       0x08002a60   Data          38  usb_desc.o(.constdata)
    MASS_StringInterface                     0x08002a86   Data          16  usb_desc.o(.constdata)
    Region$$Table$$Base                      0x08002ae0   Number         0  anon$$obj.o(Region$$Table)
    Region$$Table$$Limit                     0x08002b00   Number         0  anon$$obj.o(Region$$Table)
    SaveRState                               0x20000000   Data           2  usb_int.o(.data)
    SaveTState                               0x20000002   Data           2  usb_int.o(.data)
    Data_Mul_MaxPacketSize                   0x20000004   Data           1  usb_core.o(.data)
    StatusInfo                               0x20000006   Data           2  usb_core.o(.data)
    DevRemoteWakeup                          0x20000008   Data           4  usb_core.o(.data)
    EPindex                                  0x2000000c   Data           1  usb_init.o(.data)
    pInformation                             0x20000010   Data           4  usb_init.o(.data)
    pProperty                                0x20000014   Data           4  usb_init.o(.data)
    pUser_Standard_Requests                  0x20000018   Data           4  usb_init.o(.data)
    wInterrupt_Mask                          0x2000001c   Data           2  usb_init.o(.data)
    Max_Lun                                  0x20000020   Data           4  usb_prop.o(.data)
    Device_Descriptor                        0x20000024   Data           8  usb_prop.o(.data)
    Config_Descriptor                        0x2000002c   Data           8  usb_prop.o(.data)
    Device_Property                          0x20000034   Data          48  usb_prop.o(.data)
    String_Descriptor                        0x20000064   Data          40  usb_prop.o(.data)
    Device_Table                             0x2000008c   Data           2  usb_prop.o(.data)
    User_Standard_Requests                   0x20000090   Data          36  usb_prop.o(.data)
    MASS_StringSerial                        0x200000b4   Data          26  usb_desc.o(.data)
    bIntPackSOF                              0x200000ce   Data           1  usb_istr.o(.data)
    wIstr                                    0x200000d0   Data           2  usb_istr.o(.data)
    pEpInt_IN                                0x200000d4   Data          28  usb_istr.o(.data)
    pEpInt_OUT                               0x200000f0   Data          28  usb_istr.o(.data)
    bDeviceState                             0x2000010c   Data           4  usb_pwr.o(.data)
    fSuspendEnabled                          0x20000110   Data           1  usb_pwr.o(.data)
    ResumeS                                  0x20000114   Data           2  usb_pwr.o(.data)
    remotewakeupon                           0x20000118   Data           4  usb_pwr.o(.data)
    Status                                   0x20000120   Data           4  mass_mal.o(.data)
    Mass_Memory_Size                         0x20000124   Data           4  mass_mal.o(.data)
    Mass_Block_Size                          0x20000128   Data           4  mass_mal.o(.data)
    Mass_Block_Count                         0x2000012c   Data           4  mass_mal.o(.data)
    TransferState                            0x20000130   Data           1  memory.o(.data)
    Block_Read_count                         0x20000134   Data           4  memory.o(.data)
    Counter                                  0x20000138   Data           4  memory.o(.data)
    Block_offset                             0x2000014c   Data           4  memory.o(.data)
    Idx                                      0x20000150   Data           4  memory.o(.data)
    Bot_State                                0x20000154   Data           1  usb_bot.o(.data)
    Data_Len                                 0x20000156   Data           2  usb_bot.o(.data)
    SCSI_LBA                                 0x20000158   Data           4  usb_bot.o(.data)
    SCSI_BlkLen                              0x2000015c   Data           4  usb_bot.o(.data)
    Page00_Inquiry_Data                      0x20000160   Data           5  scsi_data.o(.data)
    Standard_Inquiry_Data                    0x20000165   Data          36  scsi_data.o(.data)
    Standard_Inquiry_Data2                   0x20000189   Data          36  scsi_data.o(.data)
    Mode_Sense6_data                         0x200001ad   Data           4  scsi_data.o(.data)
    Mode_Sense10_data                        0x200001b1   Data           8  scsi_data.o(.data)
    Scsi_Sense_Data                          0x200001b9   Data          18  scsi_data.o(.data)
    ReadCapacity10_Data                      0x200001cb   Data           8  scsi_data.o(.data)
    ReadFormatCapacity_Data                  0x200001d3   Data          12  scsi_data.o(.data)
    CardType                                 0x200001df   Data           1  sd.o(.data)
    CS_GPIO_Pin                              0x200001e0   Data           6  spi.o(.data)
    CS_GPIO_Port                             0x200001f4   Data          12  spi.o(.data)
    Device_Info                              0x20000200   Data          28  usb_init.o(.bss)
    EP                                       0x2000021c   Data          32  usb_pwr.o(.bss)
    mSDCardInfo                              0x20000260   Data          88  mass_mal.o(.bss)
    Data_Buffer                              0x200002b8   Data         512  memory.o(.bss)
    Bulk_Data_Buff                           0x200004b8   Data          64  usb_bot.o(.bss)
    CBW                                      0x200004f8   Data          32  usb_bot.o(.bss)
    CSW                                      0x20000518   Data          16  usb_bot.o(.bss)
    __initial_sp                             0x20000928   Data           0  startup_stm32f10x_hd.o(STACK)



==============================================================================

Memory Map of the image

  Image Entry point : 0x08000131

  Load Region LR_IROM1 (Base: 0x08000000, Size: 0x00002d00, Max: 0x00080000, ABSOLUTE, COMPRESSED[0x00002bc8])

    Execution Region ER_IROM1 (Exec base: 0x08000000, Load base: 0x08000000, Size: 0x00002b00, Max: 0x00080000, ABSOLUTE)

    Exec Addr    Load Addr    Size         Type   Attr      Idx    E Section Name        Object

    0x08000000   0x08000000   0x00000130   Data   RO         1769    RESET               startup_stm32f10x_hd.o
    0x08000130   0x08000130   0x00000000   Code   RO         3501  * .ARM.Collect$$$$00000000  mc_w.l(entry.o)
    0x08000130   0x08000130   0x00000004   Code   RO         3504    .ARM.Collect$$$$00000001  mc_w.l(entry2.o)
    0x08000134   0x08000134   0x00000004   Code   RO         3507    .ARM.Collect$$$$00000004  mc_w.l(entry5.o)
    0x08000138   0x08000138   0x00000000   Code   RO         3509    .ARM.Collect$$$$00000008  mc_w.l(entry7b.o)
    0x08000138   0x08000138   0x00000000   Code   RO         3511    .ARM.Collect$$$$0000000A  mc_w.l(entry8b.o)
    0x08000138   0x08000138   0x00000008   Code   RO         3512    .ARM.Collect$$$$0000000B  mc_w.l(entry9a.o)
    0x08000140   0x08000140   0x00000000   Code   RO         3514    .ARM.Collect$$$$0000000D  mc_w.l(entry10a.o)
    0x08000140   0x08000140   0x00000000   Code   RO         3516    .ARM.Collect$$$$0000000F  mc_w.l(entry11a.o)
    0x08000140   0x08000140   0x00000004   Code   RO         3505    .ARM.Collect$$$$00002712  mc_w.l(entry2.o)
    0x08000144   0x08000144   0x00000024   Code   RO         1770    .text               startup_stm32f10x_hd.o
    0x08000168   0x08000168   0x00000024   Code   RO         3518    .text               mc_w.l(init.o)
    0x0800018c   0x0800018c   0x00000056   Code   RO         3528    .text               mc_w.l(__dczerorl2.o)
    0x080001e2   0x080001e2   0x00000032   Code   RO         1502    i.Bot_Abort         usb_bot.o
    0x08000214   0x08000214   0x00000002   Code   RO          992    i.BusFault_Handler  stm32_it.o
    0x08000216   0x08000216   0x0000000a   Code   RO          180    i.ByteSwap          usb_regs.o
    0x08000220   0x08000220   0x00000198   Code   RO         1503    i.CBW_Decode        usb_bot.o
    0x080003b8   0x080003b8   0x00000080   Code   RO          552    i.CTR_HP            usb_int.o
    0x08000438   0x08000438   0x0000015c   Code   RO          553    i.CTR_LP            usb_int.o
    0x08000594   0x08000594   0x00000028   Code   RO          181    i.ClearDTOG_RX      usb_regs.o
    0x080005bc   0x080005bc   0x00000028   Code   RO          182    i.ClearDTOG_TX      usb_regs.o
    0x080005e4   0x080005e4   0x00000020   Code   RO          187    i.Clear_Status_Out  usb_regs.o
    0x08000604   0x08000604   0x00000002   Code   RO          993    i.DMA2_Channel4_5_IRQHandler  stm32_it.o
    0x08000606   0x08000606   0x00000002   PAD
    0x08000608   0x08000608   0x000000b4   Code   RO          594    i.DataStageIn       usb_core.o
    0x080006bc   0x080006bc   0x000000c8   Code   RO          595    i.DataStageOut      usb_core.o
    0x08000784   0x08000784   0x0000019c   Code   RO          596    i.Data_Setup0       usb_core.o
    0x08000920   0x08000920   0x00000002   Code   RO          994    i.DebugMon_Handler  stm32_it.o
    0x08000922   0x08000922   0x00000004   Code   RO          929    i.EP1_IN_Callback   usb_endp.o
    0x08000926   0x08000926   0x00000004   Code   RO          930    i.EP2_OUT_Callback  usb_endp.o
    0x0800092a   0x0800092a   0x00000002   PAD
    0x0800092c   0x0800092c   0x0000000c   Code   RO         3255    i.EXTI_ClearITPendingBit  stm32f10x_exti.o
    0x08000938   0x08000938   0x000000a2   Code   RO         3062    i.GPIO_Init         stm32f10x_gpio.o
    0x080009da   0x080009da   0x00000002   PAD
    0x080009dc   0x080009dc   0x00000058   Code   RO         3064    i.GPIO_PinRemapConfig  stm32f10x_gpio.o
    0x08000a34   0x08000a34   0x00000004   Code   RO         3069    i.GPIO_ResetBits    stm32f10x_gpio.o
    0x08000a38   0x08000a38   0x00000004   Code   RO         3070    i.GPIO_SetBits      stm32f10x_gpio.o
    0x08000a3c   0x08000a3c   0x00000020   Code   RO          199    i.GetEPRxAddr       usb_regs.o
    0x08000a5c   0x08000a5c   0x00000020   Code   RO          200    i.GetEPRxCount      usb_regs.o
    0x08000a7c   0x08000a7c   0x00000018   Code   RO          201    i.GetEPRxStatus     usb_regs.o
    0x08000a94   0x08000a94   0x0000001c   Code   RO          202    i.GetEPTxAddr       usb_regs.o
    0x08000ab0   0x08000ab0   0x0000001c   Code   RO          793    i.Get_Max_Lun       usb_prop.o
    0x08000acc   0x08000acc   0x00000034   Code   RO         1186    i.Get_SerialNum     hw_config.o
    0x08000b00   0x08000b00   0x00000002   Code   RO          995    i.HardFault_Handler  stm32_it.o
    0x08000b02   0x08000b02   0x00000002   PAD
    0x08000b04   0x08000b04   0x0000005c   Code   RO          597    i.In0_Process       usb_core.o
    0x08000b60   0x08000b60   0x00000038   Code   RO         1187    i.IntToUnicode      hw_config.o
    0x08000b98   0x08000b98   0x00000060   Code   RO         1303    i.MAL_GetStatus     mass_mal.o
    0x08000bf8   0x08000bf8   0x00000020   Code   RO         1304    i.MAL_Init          mass_mal.o
    0x08000c18   0x08000c18   0x00000024   Code   RO         1305    i.MAL_Read          mass_mal.o
    0x08000c3c   0x08000c3c   0x00000024   Code   RO         1306    i.MAL_Write         mass_mal.o
    0x08000c60   0x08000c60   0x00000040   Code   RO          794    i.MASS_Data_Setup   usb_prop.o
    0x08000ca0   0x08000ca0   0x0000000c   Code   RO          795    i.MASS_GetConfigDescriptor  usb_prop.o
    0x08000cac   0x08000cac   0x0000000c   Code   RO          796    i.MASS_GetDeviceDescriptor  usb_prop.o
    0x08000cb8   0x08000cb8   0x00000020   Code   RO          797    i.MASS_GetStringDescriptor  usb_prop.o
    0x08000cd8   0x08000cd8   0x0000000a   Code   RO          798    i.MASS_Get_Interface_Setting  usb_prop.o
    0x08000ce2   0x08000ce2   0x00000002   PAD
    0x08000ce4   0x08000ce4   0x00000050   Code   RO          799    i.MASS_NoData_Setup  usb_prop.o
    0x08000d34   0x08000d34   0x000000e4   Code   RO          800    i.MASS_Reset        usb_prop.o
    0x08000e18   0x08000e18   0x00000002   Code   RO          801    i.MASS_Status_In    usb_prop.o
    0x08000e1a   0x08000e1a   0x00000002   Code   RO          802    i.MASS_Status_Out   usb_prop.o
    0x08000e1c   0x08000e1c   0x00000024   Code   RO          803    i.MASS_init         usb_prop.o
    0x08000e40   0x08000e40   0x0000001c   Code   RO          804    i.Mass_Storage_ClearFeature  usb_prop.o
    0x08000e5c   0x08000e5c   0x00000068   Code   RO         1504    i.Mass_Storage_In   usb_bot.o
    0x08000ec4   0x08000ec4   0x00000060   Code   RO         1505    i.Mass_Storage_Out  usb_bot.o
    0x08000f24   0x08000f24   0x00000034   Code   RO          805    i.Mass_Storage_SetConfiguration  usb_prop.o
    0x08000f58   0x08000f58   0x0000000c   Code   RO          806    i.Mass_Storage_SetDeviceAddress  usb_prop.o
    0x08000f64   0x08000f64   0x00000002   Code   RO          996    i.MemManage_Handler  stm32_it.o
    0x08000f66   0x08000f66   0x00000002   Code   RO          997    i.NMI_Handler       stm32_it.o
    0x08000f68   0x08000f68   0x00000002   Code   RO          598    i.NOP_Process       usb_core.o
    0x08000f6a   0x08000f6a   0x00000002   PAD
    0x08000f6c   0x08000f6c   0x00000064   Code   RO         2924    i.NVIC_Init         misc.o
    0x08000fd0   0x08000fd0   0x00000014   Code   RO         2925    i.NVIC_PriorityGroupConfig  misc.o
    0x08000fe4   0x08000fe4   0x000000dc   Code   RO          599    i.NoData_Setup0     usb_core.o
    0x080010c0   0x080010c0   0x00000048   Code   RO          600    i.Out0_Process      usb_core.o
    0x08001108   0x08001108   0x00000020   Code   RO          725    i.PMAToUserBufferCopy  usb_mem.o
    0x08001128   0x08001128   0x00000002   Code   RO          998    i.PendSV_Handler    stm32_it.o
    0x0800112a   0x0800112a   0x00000002   PAD
    0x0800112c   0x0800112c   0x00000044   Code   RO          601    i.Post0_Process     usb_core.o
    0x08001170   0x08001170   0x00000034   Code   RO         1130    i.PowerOn           usb_pwr.o
    0x080011a4   0x080011a4   0x00000018   Code   RO         2018    i.RCC_APB1PeriphClockCmd  stm32f10x_rcc.o
    0x080011bc   0x080011bc   0x00000018   Code   RO         2020    i.RCC_APB2PeriphClockCmd  stm32f10x_rcc.o
    0x080011d4   0x080011d4   0x0000000c   Code   RO         2046    i.RCC_USBCLKConfig  stm32f10x_rcc.o
    0x080011e0   0x080011e0   0x000000b4   Code   RO         1349    i.Read_Memory       memory.o
    0x08001294   0x08001294   0x00000090   Code   RO         1131    i.Resume            usb_pwr.o
    0x08001324   0x08001324   0x00000018   Code   RO         1132    i.Resume_Init       usb_pwr.o
    0x0800133c   0x0800133c   0x00000074   Code   RO         1388    i.SCSI_Address_Management  usb_scsi.o
    0x080013b0   0x080013b0   0x00000038   Code   RO         1389    i.SCSI_Format_Cmd   usb_scsi.o
    0x080013e8   0x080013e8   0x00000034   Code   RO         1390    i.SCSI_Inquiry_Cmd  usb_scsi.o
    0x0800141c   0x0800141c   0x00000034   Code   RO         1391    i.SCSI_Invalid_Cmd  usb_scsi.o
    0x08001450   0x08001450   0x0000000c   Code   RO         1392    i.SCSI_ModeSense10_Cmd  usb_scsi.o
    0x0800145c   0x0800145c   0x0000000c   Code   RO         1393    i.SCSI_ModeSense6_Cmd  usb_scsi.o
    0x08001468   0x08001468   0x00000068   Code   RO         1394    i.SCSI_Read10_Cmd   usb_scsi.o
    0x080014d0   0x080014d0   0x00000070   Code   RO         1395    i.SCSI_ReadCapacity10_Cmd  usb_scsi.o
    0x08001540   0x08001540   0x0000006c   Code   RO         1396    i.SCSI_ReadFormatCapacity_Cmd  usb_scsi.o
    0x080015ac   0x080015ac   0x00000018   Code   RO         1397    i.SCSI_RequestSense_Cmd  usb_scsi.o
    0x080015c4   0x080015c4   0x00000008   Code   RO         1398    i.SCSI_Start_Stop_Unit_Cmd  usb_scsi.o
    0x080015cc   0x080015cc   0x00000038   Code   RO         1399    i.SCSI_TestUnitReady_Cmd  usb_scsi.o
    0x08001604   0x08001604   0x00000034   Code   RO         1401    i.SCSI_Verify10_Cmd  usb_scsi.o
    0x08001638   0x08001638   0x00000064   Code   RO         1402    i.SCSI_Write10_Cmd  usb_scsi.o
    0x0800169c   0x0800169c   0x00000002   Code   RO          999    i.SDIO_IRQHandler   stm32_it.o
    0x0800169e   0x0800169e   0x00000012   Code   RO         1592    i.SD_Cancel_CS      sd.o
    0x080016b0   0x080016b0   0x0000002a   Code   RO         1593    i.SD_GetCID         sd.o
    0x080016da   0x080016da   0x0000002a   Code   RO         1594    i.SD_GetCSD         sd.o
    0x08001704   0x08001704   0x00000288   Code   RO         1261    i.SD_GetCardInfo    main.o
    0x0800198c   0x0800198c   0x00000028   Code   RO         1595    i.SD_Get_Ack        sd.o
    0x080019b4   0x080019b4   0x00000154   Code   RO         1597    i.SD_Init           sd.o
    0x08001b08   0x08001b08   0x00000068   Code   RO         1598    i.SD_Read_Data      sd.o
    0x08001b70   0x08001b70   0x00000034   Code   RO         1599    i.SD_RecvData       sd.o
    0x08001ba4   0x08001ba4   0x00000008   Code   RO         1600    i.SD_SPI_CS_Set     sd.o
    0x08001bac   0x08001bac   0x00000012   Code   RO         1601    i.SD_SPI_Init       sd.o
    0x08001bbe   0x08001bbe   0x0000000e   Code   RO         1602    i.SD_SPI_Read_Write_Byte  sd.o
    0x08001bcc   0x08001bcc   0x00000018   Code   RO         1603    i.SD_Select         sd.o
    0x08001be4   0x08001be4   0x0000005e   Code   RO         1604    i.SD_SendCmd        sd.o
    0x08001c42   0x08001c42   0x00000050   Code   RO         1605    i.SD_Send_Data      sd.o
    0x08001c92   0x08001c92   0x00000008   Code   RO         1606    i.SD_SetHighSpeed   sd.o
    0x08001c9a   0x08001c9a   0x00000008   Code   RO         1607    i.SD_SetLowSpeed    sd.o
    0x08001ca2   0x08001ca2   0x00000020   Code   RO         1608    i.SD_Wait_Ready     sd.o
    0x08001cc2   0x08001cc2   0x00000002   PAD
    0x08001cc4   0x08001cc4   0x0000007c   Code   RO         1609    i.SD_Write_Data     sd.o
    0x08001d40   0x08001d40   0x0000001c   Code   RO         1718    i.SPI_CS_Set        spi.o
    0x08001d5c   0x08001d5c   0x00000014   Code   RO         2365    i.SPI_Cmd           stm32f10x_spi.o
    0x08001d70   0x08001d70   0x00000030   Code   RO         1719    i.SPI_Config        spi.o
    0x08001da0   0x08001da0   0x000000d4   Code   RO         1720    i.SPI_GPIO_Init     spi.o
    0x08001e74   0x08001e74   0x0000000e   Code   RO         2373    i.SPI_I2S_GetFlagStatus  stm32f10x_spi.o
    0x08001e82   0x08001e82   0x00000004   Code   RO         2376    i.SPI_I2S_ReceiveData  stm32f10x_spi.o
    0x08001e86   0x08001e86   0x00000004   Code   RO         2377    i.SPI_I2S_SendData  stm32f10x_spi.o
    0x08001e8a   0x08001e8a   0x00000038   Code   RO         2378    i.SPI_Init          stm32f10x_spi.o
    0x08001ec2   0x08001ec2   0x00000002   PAD
    0x08001ec4   0x08001ec4   0x00000080   Code   RO         1721    i.SPI_Protocol_Init  spi.o
    0x08001f44   0x08001f44   0x00000040   Code   RO         1722    i.SPI_Read_Write    spi.o
    0x08001f84   0x08001f84   0x00000002   Code   RO         1000    i.SVC_Handler       stm32_it.o
    0x08001f86   0x08001f86   0x00000002   PAD
    0x08001f88   0x08001f88   0x00000010   Code   RO          210    i.SetBTABLE         usb_regs.o
    0x08001f98   0x08001f98   0x00000048   Code   RO          602    i.SetDeviceAddress  usb_core.o
    0x08001fe0   0x08001fe0   0x00000020   Code   RO          224    i.SetEPRxAddr       usb_regs.o
    0x08002000   0x08002000   0x00000040   Code   RO          225    i.SetEPRxCount      usb_regs.o
    0x08002040   0x08002040   0x00000030   Code   RO          226    i.SetEPRxStatus     usb_regs.o
    0x08002070   0x08002070   0x00000024   Code   RO          227    i.SetEPRxValid      usb_regs.o
    0x08002094   0x08002094   0x00000020   Code   RO          228    i.SetEPTxAddr       usb_regs.o
    0x080020b4   0x080020b4   0x0000001c   Code   RO          229    i.SetEPTxCount      usb_regs.o
    0x080020d0   0x080020d0   0x00000030   Code   RO          230    i.SetEPTxStatus     usb_regs.o
    0x08002100   0x08002100   0x0000001c   Code   RO          232    i.SetEPType         usb_regs.o
    0x0800211c   0x0800211c   0x0000000c   Code   RO          234    i.SetISTR           usb_regs.o
    0x08002128   0x08002128   0x000000a8   Code   RO         1777    i.SetSysClockTo72   system_stm32f10x.o
    0x080021d0   0x080021d0   0x0000003c   Code   RO         1506    i.Set_CSW           usb_bot.o
    0x0800220c   0x0800220c   0x0000000c   Code   RO         1403    i.Set_Scsi_Sense_Data  usb_scsi.o
    0x08002218   0x08002218   0x00000060   Code   RO         1190    i.Set_System        hw_config.o
    0x08002278   0x08002278   0x00000014   Code   RO         1191    i.Set_USBClock      hw_config.o
    0x0800228c   0x0800228c   0x00000068   Code   RO          603    i.Setup0_Process    usb_core.o
    0x080022f4   0x080022f4   0x000000fc   Code   RO          604    i.Standard_ClearFeature  usb_core.o
    0x080023f0   0x080023f0   0x00000028   Code   RO          605    i.Standard_GetConfiguration  usb_core.o
    0x08002418   0x08002418   0x0000001c   Code   RO          606    i.Standard_GetDescriptorData  usb_core.o
    0x08002434   0x08002434   0x00000028   Code   RO          607    i.Standard_GetInterface  usb_core.o
    0x0800245c   0x0800245c   0x00000094   Code   RO          608    i.Standard_GetStatus  usb_core.o
    0x080024f0   0x080024f0   0x00000038   Code   RO          609    i.Standard_SetConfiguration  usb_core.o
    0x08002528   0x08002528   0x00000024   Code   RO          610    i.Standard_SetDeviceFeature  usb_core.o
    0x0800254c   0x0800254c   0x00000088   Code   RO          611    i.Standard_SetEndPointFeature  usb_core.o
    0x080025d4   0x080025d4   0x00000048   Code   RO          612    i.Standard_SetInterface  usb_core.o
    0x0800261c   0x0800261c   0x0000007c   Code   RO         1133    i.Suspend           usb_pwr.o
    0x08002698   0x08002698   0x00000002   Code   RO         1001    i.SysTick_Handler   stm32_it.o
    0x0800269a   0x0800269a   0x00000002   PAD
    0x0800269c   0x0800269c   0x00000050   Code   RO         1779    i.SystemInit        system_stm32f10x.o
    0x080026ec   0x080026ec   0x00000034   Code   RO         1507    i.Transfer_Data_Request  usb_bot.o
    0x08002720   0x08002720   0x00000008   Code   RO         1002    i.USBWakeUp_IRQHandler  stm32_it.o
    0x08002728   0x08002728   0x00000010   Code   RO         1192    i.USB_Cable_Config  hw_config.o
    0x08002738   0x08002738   0x00000004   Code   RO         1003    i.USB_HP_CAN1_TX_IRQHandler  stm32_it.o
    0x0800273c   0x0800273c   0x00000028   Code   RO          755    i.USB_Init          usb_init.o
    0x08002764   0x08002764   0x0000003a   Code   RO         1194    i.USB_Interrupts_Config  hw_config.o
    0x0800279e   0x0800279e   0x00000002   PAD
    0x080027a0   0x080027a0   0x000000bc   Code   RO         1097    i.USB_Istr          usb_istr.o
    0x0800285c   0x0800285c   0x00000004   Code   RO         1004    i.USB_LP_CAN1_RX0_IRQHandler  stm32_it.o
    0x08002860   0x08002860   0x00000020   Code   RO            4    i.USB_SIL_Init      usb_sil.o
    0x08002880   0x08002880   0x00000024   Code   RO            5    i.USB_SIL_Read      usb_sil.o
    0x080028a4   0x080028a4   0x00000026   Code   RO            6    i.USB_SIL_Write     usb_sil.o
    0x080028ca   0x080028ca   0x00000002   Code   RO         1005    i.UsageFault_Handler  stm32_it.o
    0x080028cc   0x080028cc   0x0000002c   Code   RO          726    i.UserToPMABufferCopy  usb_mem.o
    0x080028f8   0x080028f8   0x000000cc   Code   RO         1350    i.Write_Memory      memory.o
    0x080029c4   0x080029c4   0x0000000e   Code   RO         3522    i.__scatterload_copy  mc_w.l(handlers.o)
    0x080029d2   0x080029d2   0x00000002   Code   RO         3523    i.__scatterload_null  mc_w.l(handlers.o)
    0x080029d4   0x080029d4   0x0000000e   Code   RO         3524    i.__scatterload_zeroinit  mc_w.l(handlers.o)
    0x080029e2   0x080029e2   0x00000002   PAD
    0x080029e4   0x080029e4   0x00000020   Code   RO         1262    i.main              main.o
    0x08002a04   0x08002a04   0x00000012   Data   RO          962    .constdata          usb_desc.o
    0x08002a16   0x08002a16   0x00000020   Data   RO          963    .constdata          usb_desc.o
    0x08002a36   0x08002a36   0x00000004   Data   RO          964    .constdata          usb_desc.o
    0x08002a3a   0x08002a3a   0x00000026   Data   RO          965    .constdata          usb_desc.o
    0x08002a60   0x08002a60   0x00000026   Data   RO          966    .constdata          usb_desc.o
    0x08002a86   0x08002a86   0x00000010   Data   RO          967    .constdata          usb_desc.o
    0x08002a96   0x08002a96   0x00000002   PAD
    0x08002a98   0x08002a98   0x00000048   Data   RO         1723    .constdata          spi.o
    0x08002ae0   0x08002ae0   0x00000020   Data   RO         3520    Region$$Table       anon$$obj.o


    Execution Region RW_IRAM1 (Exec base: 0x20000000, Load base: 0x08002b00, Size: 0x00000928, Max: 0x00010000, ABSOLUTE, COMPRESSED[0x000000c8])

    Exec Addr    Load Addr    Size         Type   Attr      Idx    E Section Name        Object

    0x20000000   COMPRESSED   0x00000004   Data   RW          554    .data               usb_int.o
    0x20000004   COMPRESSED   0x00000008   Data   RW          613    .data               usb_core.o
    0x2000000c   COMPRESSED   0x00000001   Data   RW          757    .data               usb_init.o
    0x2000000d   COMPRESSED   0x00000003   PAD
    0x20000010   COMPRESSED   0x0000000c   Data   RW          758    .data               usb_init.o
    0x2000001c   COMPRESSED   0x00000002   Data   RW          760    .data               usb_init.o
    0x2000001e   COMPRESSED   0x00000002   PAD
    0x20000020   COMPRESSED   0x0000006c   Data   RW          807    .data               usb_prop.o
    0x2000008c   COMPRESSED   0x00000002   Data   RW          808    .data               usb_prop.o
    0x2000008e   COMPRESSED   0x00000002   PAD
    0x20000090   COMPRESSED   0x00000024   Data   RW          809    .data               usb_prop.o
    0x200000b4   COMPRESSED   0x0000001a   Data   RW          968    .data               usb_desc.o
    0x200000ce   COMPRESSED   0x00000004   Data   RW         1098    .data               usb_istr.o
    0x200000d2   COMPRESSED   0x00000002   PAD
    0x200000d4   COMPRESSED   0x0000001c   Data   RW         1099    .data               usb_istr.o
    0x200000f0   COMPRESSED   0x0000001c   Data   RW         1100    .data               usb_istr.o
    0x2000010c   COMPRESSED   0x00000004   Data   RW         1135    .data               usb_pwr.o
    0x20000110   COMPRESSED   0x00000001   Data   RW         1136    .data               usb_pwr.o
    0x20000111   COMPRESSED   0x00000003   PAD
    0x20000114   COMPRESSED   0x00000008   Data   RW         1137    .data               usb_pwr.o
    0x2000011c   COMPRESSED   0x00000004   Data   RW         1265    .data               main.o
    0x20000120   COMPRESSED   0x00000010   Data   RW         1308    .data               mass_mal.o
    0x20000130   COMPRESSED   0x00000024   Data   RW         1352    .data               memory.o
    0x20000154   COMPRESSED   0x0000000c   Data   RW         1509    .data               usb_bot.o
    0x20000160   COMPRESSED   0x00000005   Data   RW         1561    .data               scsi_data.o
    0x20000165   COMPRESSED   0x00000024   Data   RW         1562    .data               scsi_data.o
    0x20000189   COMPRESSED   0x00000024   Data   RW         1563    .data               scsi_data.o
    0x200001ad   COMPRESSED   0x00000004   Data   RW         1564    .data               scsi_data.o
    0x200001b1   COMPRESSED   0x00000008   Data   RW         1565    .data               scsi_data.o
    0x200001b9   COMPRESSED   0x00000012   Data   RW         1566    .data               scsi_data.o
    0x200001cb   COMPRESSED   0x00000008   Data   RW         1567    .data               scsi_data.o
    0x200001d3   COMPRESSED   0x0000000c   Data   RW         1568    .data               scsi_data.o
    0x200001df   COMPRESSED   0x00000001   Data   RW         1610    .data               sd.o
    0x200001e0   COMPRESSED   0x00000020   Data   RW         1724    .data               spi.o
    0x20000200        -       0x0000001c   Zero   RW          756    .bss                usb_init.o
    0x2000021c        -       0x00000020   Zero   RW         1134    .bss                usb_pwr.o
    0x2000023c        -       0x00000020   Zero   RW         1264    .bss                main.o
    0x2000025c   COMPRESSED   0x00000004   PAD
    0x20000260        -       0x00000058   Zero   RW         1307    .bss                mass_mal.o
    0x200002b8        -       0x00000200   Zero   RW         1351    .bss                memory.o
    0x200004b8        -       0x00000070   Zero   RW         1508    .bss                usb_bot.o
    0x20000528        -       0x00000400   Zero   RW         1767    STACK               startup_stm32f10x_hd.o


==============================================================================

Image component sizes


      Code (inc. data)   RO Data    RW Data    ZI Data      Debug   Object Name

       298         22          0          0          0       4100   hw_config.o
       680         18          0          4         32       5392   main.o
       200         26          0         16         88       3729   mass_mal.o
       384         48          0         36        512       3020   memory.o
       120         16          0          0          0       1895   misc.o
         0          0          0        127          0       1154   scsi_data.o
      1048         12          0          1          0      11758   sd.o
       480         30         72         32          0       4046   spi.o
        36          8        304          0       1024        844   startup_stm32f10x_hd.o
        38          0          0          0          0       6877   stm32_it.o
        12          6          0          0          0        641   stm32f10x_exti.o
       258          6          0          0          0       4346   stm32f10x_gpio.o
        60         16          0          0          0       2053   stm32f10x_rcc.o
        98          0          0          0          0       4618   stm32f10x_spi.o
       248         24          0          0          0       1741   system_stm32f10x.o
       770         66          0         12        112       5583   usb_bot.o
      2230        290          0          8          0      17211   usb_core.o
         0          0        146         26          0       1060   usb_desc.o
         8          0          0          0          0        973   usb_endp.o
        40         18          0         15         28       4530   usb_init.o
       476         54          0          4          0       2717   usb_int.o
       188         22          0         60          0       1636   usb_istr.o
        76         12          0          0          0       2152   usb_mem.o
       598        128          0        146          0      13066   usb_prop.o
       344         40          0         13         32       4064   usb_pwr.o
       582        108          0          0          0      12232   usb_regs.o
       876        128          0          0          0      10445   usb_scsi.o
       106          8          0          0          0     232878   usb_sil.o

    ----------------------------------------------------------------------
     10278       1106        556        512       1832     364761   Object Totals
         0          0         32          0          0          0   (incl. Generated)
        24          0          2         12          4          0   (incl. Padding)

    ----------------------------------------------------------------------

      Code (inc. data)   RO Data    RW Data    ZI Data      Debug   Library Member Name

        86          0          0          0          0          0   __dczerorl2.o
         0          0          0          0          0          0   entry.o
         0          0          0          0          0          0   entry10a.o
         0          0          0          0          0          0   entry11a.o
         8          4          0          0          0          0   entry2.o
         4          0          0          0          0          0   entry5.o
         0          0          0          0          0          0   entry7b.o
         0          0          0          0          0          0   entry8b.o
         8          4          0          0          0          0   entry9a.o
        30          0          0          0          0          0   handlers.o
        36          8          0          0          0         68   init.o

    ----------------------------------------------------------------------
       174         16          0          0          0         68   Library Totals
         2          0          0          0          0          0   (incl. Padding)

    ----------------------------------------------------------------------

      Code (inc. data)   RO Data    RW Data    ZI Data      Debug   Library Name

       172         16          0          0          0         68   mc_w.l

    ----------------------------------------------------------------------
       174         16          0          0          0         68   Library Totals

    ----------------------------------------------------------------------

==============================================================================


      Code (inc. data)   RO Data    RW Data    ZI Data      Debug   

     10452       1122        556        512       1832     357417   Grand Totals
     10452       1122        556        200       1832     357417   ELF Image Totals (compressed)
     10452       1122        556        200          0          0   ROM Totals

==============================================================================

    Total RO  Size (Code + RO Data)                11008 (  10.75kB)
    Total RW  Size (RW Data + ZI Data)              2344 (   2.29kB)
    Total ROM Size (Code + RO Data + RW Data)      11208 (  10.95kB)

==============================================================================

